2026-05-22 04:09:34,388 | INFO     | ======================================================================
2026-05-22 04:09:34,388 | INFO     | 🔍 VPN KEY CHECKER - Начало проверки
2026-05-22 04:09:34,388 | INFO     | ⏰ Время старта: 2026-05-22 04:09:34
2026-05-22 04:09:34,388 | INFO     | 📂 Рабочая директория: /home/runner/work/vpn-vless-configs-russia/vpn-vless-configs-russia
2026-05-22 04:09:34,388 | INFO     | ======================================================================
2026-05-22 04:09:34,388 | INFO     | 
2026-05-22 04:09:34,388 | INFO     | 🔍 Проверка наличия скриптов...
2026-05-22 04:09:34,388 | INFO     |   ✅ mirror.py
2026-05-22 04:09:34,388 | INFO     |   ✅ filter_ru_sni.py
2026-05-22 04:09:34,388 | INFO     |   ✅ filter_ru_sni_local.py
2026-05-22 04:09:34,388 | INFO     | 
2026-05-22 04:09:34,388 | INFO     | 
2026-05-22 04:09:34,388 | INFO     | ──────────────────────────────────────────────────────────────────────
2026-05-22 04:09:34,388 | INFO     | 📌 ЭТАП: Загрузка и geo-фильтрация
2026-05-22 04:09:34,388 | INFO     | ──────────────────────────────────────────────────────────────────────
2026-05-22 04:09:34,389 | INFO     | 🚀 Запуск mirror.py (Загрузка и фильтрация по РФ/СНГ/Европа)...
2026-05-22 04:09:39,061 | INFO     |   → 🚀 Старт: всего источников (старые + новые): 12
2026-05-22 04:09:39,062 | INFO     |   → 1/12: ✅ 0 взято | 🗑️ 0 мусор
2026-05-22 04:09:39,062 | INFO     |   → 2/12: ✅ 0 взято | 🗑️ 0 мусор
2026-05-22 04:09:39,062 | INFO     |   → 3/12: ✅ 0 взято | 🗑️ 0 мусор
2026-05-22 04:09:39,062 | INFO     |   → 4/12: ✅ 21 взято | 🗑️ 211 мусор
2026-05-22 04:09:39,062 | INFO     |   → 5/12: ✅ 3 взято | 🗑️ 174 мусор
2026-05-22 04:09:39,062 | INFO     |   → 6/12: ✅ 0 взято | 🗑️ 0 мусор
2026-05-22 04:09:39,062 | INFO     |   → 7/12: ✅ 6 взято | 🗑️ 24 мусор
2026-05-22 04:09:39,062 | INFO     |   → 8/12: ✅ 0 взято | 🗑️ 24 мусор
2026-05-22 04:09:39,062 | INFO     |   → 9/12: ✅ 0 взято | 🗑️ 0 мусор
2026-05-22 04:09:39,062 | INFO     |   → 10/12: ✅ 3 взято | 🗑️ 268 мусор
2026-05-22 04:09:39,062 | INFO     |   → 11/12: ✅ 4 взято | 🗑️ 17 мусор
2026-05-22 04:09:39,062 | INFO     |   → 12/12: ✅ 0 взято | 🗑️ 0 мусор
2026-05-22 04:09:39,062 | INFO     |   → ✅ ГОТОВО!
2026-05-22 04:09:39,062 | INFO     |   →    📥 Всего ключей после фильтра: 37
2026-05-22 04:09:39,062 | INFO     |   →    🔗 Уникальных IP:PORT:SCHEME: 32
2026-05-22 04:09:39,062 | INFO     |   →    🗑️ Выброшено мусора: 718
2026-05-22 04:09:39,062 | INFO     |   → 📊 По протоколам:
2026-05-22 04:09:39,062 | INFO     |   →    vless: 18
2026-05-22 04:09:39,062 | INFO     |   →    vmess: 10
2026-05-22 04:09:39,062 | INFO     |   →    ss: 2
2026-05-22 04:09:39,062 | INFO     |   →    hysteria2: 2
2026-05-22 04:09:39,062 | INFO     | ✅ mirror.py завершён успешно
2026-05-22 04:09:39,062 | INFO     | 
2026-05-22 04:09:39,062 | INFO     | 
2026-05-22 04:09:39,062 | INFO     | ──────────────────────────────────────────────────────────────────────
2026-05-22 04:09:39,062 | INFO     | 📌 ЭТАП: Фильтрация по реальному SNI
2026-05-22 04:09:39,062 | INFO     | ──────────────────────────────────────────────────────────────────────
2026-05-22 04:09:39,062 | INFO     | 🚀 Запуск filter_ru_sni.py (Фильтр по реальному SNI (CDN+RU))...
2026-05-22 04:09:39,094 | INFO     |   → hysteria2.txt: 2 → 1 (SNI-filtered)
2026-05-22 04:09:39,094 | INFO     |   →   ss.txt: 2 → 0 (SNI-filtered)
2026-05-22 04:09:39,094 | INFO     |   →   vless.txt: 18 → 4 (SNI-filtered)
2026-05-22 04:09:39,094 | INFO     |   →   vmess.txt: 10 → 0 (SNI-filtered)
2026-05-22 04:09:39,094 | INFO     |   → ==================================================
2026-05-22 04:09:39,094 | INFO     |   →   Всего входных:  32
2026-05-22 04:09:39,094 | INFO     |   →   Прошли фильтр:  5
2026-05-22 04:09:39,094 | INFO     |   →   Отброшено:      27
2026-05-22 04:09:39,094 | INFO     |   → ==================================================
2026-05-22 04:09:39,094 | INFO     |   → Готово → /home/runner/work/vpn-vless-configs-russia/vpn-vless-configs-russia/githubmirror/ru-sni
2026-05-22 04:09:39,094 | INFO     | ✅ filter_ru_sni.py завершён успешно
2026-05-22 04:09:39,094 | INFO     | 
2026-05-22 04:09:39,094 | INFO     | 
2026-05-22 04:09:39,094 | INFO     | ──────────────────────────────────────────────────────────────────────
2026-05-22 04:09:39,094 | INFO     | 📌 ЭТАП: Экспериментальный RU-SNI фильтр
2026-05-22 04:09:39,094 | INFO     | ──────────────────────────────────────────────────────────────────────
2026-05-22 04:09:39,094 | INFO     | 🚀 Запуск filter_ru_sni_local.py (Экспериментальный фильтр по RU-SNI (локальные домены))...
2026-05-22 04:09:39,123 | INFO     |   → hysteria2.txt: 2 → 0 (RU-SNI)
2026-05-22 04:09:39,123 | INFO     |   → ss.txt: 2 → 0 (RU-SNI)
2026-05-22 04:09:39,123 | INFO     |   → vless.txt: 18 → 2 (RU-SNI)
2026-05-22 04:09:39,123 | INFO     |   → vmess.txt: 10 → 0 (RU-SNI)
2026-05-22 04:09:39,123 | INFO     |   → ==================================================
2026-05-22 04:09:39,123 | INFO     |   → Всего входных:  32
2026-05-22 04:09:39,123 | INFO     |   → Прошли RU-SNI:  2
2026-05-22 04:09:39,123 | INFO     |   → Отброшено:      30
2026-05-22 04:09:39,123 | INFO     |   → ==================================================
2026-05-22 04:09:39,123 | INFO     |   → Готово → /home/runner/work/vpn-vless-configs-russia/vpn-vless-configs-russia/githubmirror/ru-sni-local
2026-05-22 04:09:39,123 | INFO     | ✅ filter_ru_sni_local.py завершён успешно
2026-05-22 04:09:39,123 | INFO     | 
2026-05-22 04:09:39,124 | INFO     | 
2026-05-22 04:09:39,124 | INFO     | ──────────────────────────────────────────────────────────────────────
2026-05-22 04:09:39,124 | INFO     | 📌 ЭТАП: Сбор статистики
2026-05-22 04:09:39,124 | INFO     | ──────────────────────────────────────────────────────────────────────
2026-05-22 04:09:39,124 | INFO     | 📊 Сбор статистики...
2026-05-22 04:09:39,124 | INFO     |   📁 githubmirror/clean:
2026-05-22 04:09:39,124 | INFO     |     • hysteria2   :     2 конфигов
2026-05-22 04:09:39,124 | INFO     |     • ss          :     2 конфигов
2026-05-22 04:09:39,124 | INFO     |     • vless       :    18 конфигов
2026-05-22 04:09:39,124 | INFO     |     • vmess       :    10 конфигов
2026-05-22 04:09:39,124 | INFO     |   📁 githubmirror/ru-sni:
2026-05-22 04:09:39,125 | INFO     |     • hysteria2   :     1 конфигов ( 50.0% от clean)
2026-05-22 04:09:39,125 | INFO     |     • ss          :     0 конфигов (  0.0% от clean)
2026-05-22 04:09:39,125 | INFO     |     • vless       :     4 конфигов ( 22.2% от clean)
2026-05-22 04:09:39,125 | INFO     |     • vmess       :     0 конфигов (  0.0% от clean)
2026-05-22 04:09:39,125 | INFO     | 
2026-05-22 04:09:39,125 | INFO     |   ──────────────────────────────────────────────────
2026-05-22 04:09:39,125 | INFO     |   📈 ИТОГО:
2026-05-22 04:09:39,125 | INFO     |     Clean (после geo-фильтра):       32
2026-05-22 04:09:39,125 | INFO     |     RU-SNI (после SNI-фильтра):       5
2026-05-22 04:09:39,125 | INFO     |     Прошло фильтр:                 15.6%
2026-05-22 04:09:39,125 | INFO     |   ──────────────────────────────────────────────────
2026-05-22 04:09:39,125 | INFO     | ✅ Статистика сохранена: /home/runner/work/vpn-vless-configs-russia/vpn-vless-configs-russia/stats.json
2026-05-22 04:09:39,125 | INFO     | 
2026-05-22 04:09:39,125 | INFO     | ======================================================================
2026-05-22 04:09:39,126 | INFO     | 📊 ИТОГОВЫЙ ОТЧЁТ
2026-05-22 04:09:39,126 | INFO     | ======================================================================
2026-05-22 04:09:39,126 | INFO     |   ✅ OK         | Загрузка и geo-фильтрация
2026-05-22 04:09:39,126 | INFO     |   ✅ OK         | Фильтрация по реальному SNI
2026-05-22 04:09:39,126 | INFO     |   ✅ OK         | Экспериментальный RU-SNI фильтр
2026-05-22 04:09:39,126 | INFO     |   ✅ OK         | Сбор статистики
2026-05-22 04:09:39,126 | INFO     | ──────────────────────────────────────────────────────────────────────
2026-05-22 04:09:39,126 | INFO     | ✅ ВСЕ ЭТАПЫ УСПЕШНЫ (4/4)
2026-05-22 04:09:39,126 | INFO     | ⏰ Время завершения: 2026-05-22 04:09:39
2026-05-22 04:09:39,126 | INFO     | ======================================================================
