2026-05-28 04:07:20,090 | INFO     | ======================================================================
2026-05-28 04:07:20,090 | INFO     | 🔍 VPN KEY CHECKER - Начало проверки
2026-05-28 04:07:20,090 | INFO     | ⏰ Время старта: 2026-05-28 04:07:20
2026-05-28 04:07:20,090 | INFO     | 📂 Рабочая директория: /home/runner/work/vpn-vless-configs-russia/vpn-vless-configs-russia
2026-05-28 04:07:20,090 | INFO     | ======================================================================
2026-05-28 04:07:20,090 | INFO     | 
2026-05-28 04:07:20,090 | INFO     | 🔍 Проверка наличия скриптов...
2026-05-28 04:07:20,090 | INFO     |   ✅ mirror.py
2026-05-28 04:07:20,091 | INFO     |   ✅ filter_ru_sni.py
2026-05-28 04:07:20,091 | INFO     |   ✅ filter_ru_sni_local.py
2026-05-28 04:07:20,091 | INFO     | 
2026-05-28 04:07:20,091 | INFO     | 
2026-05-28 04:07:20,091 | INFO     | ──────────────────────────────────────────────────────────────────────
2026-05-28 04:07:20,091 | INFO     | 📌 ЭТАП: Загрузка и geo-фильтрация
2026-05-28 04:07:20,091 | INFO     | ──────────────────────────────────────────────────────────────────────
2026-05-28 04:07:20,091 | INFO     | 🚀 Запуск mirror.py (Загрузка и фильтрация по РФ/СНГ/Европа)...
2026-05-28 04:07:23,595 | INFO     |   → 🚀 Старт: всего источников (старые + новые): 10
2026-05-28 04:07:23,595 | INFO     |   → 1/10: ✅ 0 взято | 🗑️ 0 мусор
2026-05-28 04:07:23,595 | INFO     |   → 2/10: ✅ 0 взято | 🗑️ 0 мусор
2026-05-28 04:07:23,595 | INFO     |   → 3/10: ✅ 5 взято | 🗑️ 104 мусор
2026-05-28 04:07:23,595 | INFO     |   → 4/10: ✅ 0 взято | 🗑️ 0 мусор
2026-05-28 04:07:23,595 | INFO     |   → 5/10: ✅ 0 взято | 🗑️ 116 мусор
2026-05-28 04:07:23,595 | INFO     |   → 6/10: ✅ 0 взято | 🗑️ 0 мусор
2026-05-28 04:07:23,595 | INFO     |   → 7/10: ✅ 6 взято | 🗑️ 24 мусор
2026-05-28 04:07:23,595 | INFO     |   → 8/10: ✅ 0 взято | 🗑️ 24 мусор
2026-05-28 04:07:23,595 | INFO     |   → 9/10: ✅ 6 взято | 🗑️ 18 мусор
2026-05-28 04:07:23,595 | INFO     |   → 10/10: ✅ 0 взято | 🗑️ 0 мусор
2026-05-28 04:07:23,595 | INFO     |   → ✅ ГОТОВО!
2026-05-28 04:07:23,595 | INFO     |   →    📥 Всего ключей после фильтра: 17
2026-05-28 04:07:23,595 | INFO     |   →    🔗 Уникальных IP:PORT:SCHEME: 17
2026-05-28 04:07:23,595 | INFO     |   →    🗑️ Выброшено мусора: 286
2026-05-28 04:07:23,596 | INFO     |   → 📊 По протоколам:
2026-05-28 04:07:23,596 | INFO     |   →    vless: 12
2026-05-28 04:07:23,596 | INFO     |   →    vmess: 1
2026-05-28 04:07:23,596 | INFO     |   →    trojan: 1
2026-05-28 04:07:23,596 | INFO     |   →    ss: 2
2026-05-28 04:07:23,596 | INFO     |   →    hysteria2: 1
2026-05-28 04:07:23,596 | INFO     | ✅ mirror.py завершён успешно
2026-05-28 04:07:23,596 | INFO     | 
2026-05-28 04:07:23,596 | INFO     | 
2026-05-28 04:07:23,596 | INFO     | ──────────────────────────────────────────────────────────────────────
2026-05-28 04:07:23,596 | INFO     | 📌 ЭТАП: Фильтрация по реальному SNI
2026-05-28 04:07:23,596 | INFO     | ──────────────────────────────────────────────────────────────────────
2026-05-28 04:07:23,596 | INFO     | 🚀 Запуск filter_ru_sni.py (Фильтр по реальному SNI (CDN+RU))...
2026-05-28 04:07:23,624 | INFO     |   → hysteria2.txt: 1 → 0 (SNI-filtered)
2026-05-28 04:07:23,625 | INFO     |   →   ss.txt: 2 → 0 (SNI-filtered)
2026-05-28 04:07:23,625 | INFO     |   →   trojan.txt: 1 → 0 (SNI-filtered)
2026-05-28 04:07:23,625 | INFO     |   →   vless.txt: 12 → 3 (SNI-filtered)
2026-05-28 04:07:23,625 | INFO     |   →   vmess.txt: 1 → 0 (SNI-filtered)
2026-05-28 04:07:23,625 | INFO     |   → ==================================================
2026-05-28 04:07:23,625 | INFO     |   →   Всего входных:  17
2026-05-28 04:07:23,625 | INFO     |   →   Прошли фильтр:  3
2026-05-28 04:07:23,625 | INFO     |   →   Отброшено:      14
2026-05-28 04:07:23,625 | INFO     |   → ==================================================
2026-05-28 04:07:23,625 | INFO     |   → Готово → /home/runner/work/vpn-vless-configs-russia/vpn-vless-configs-russia/githubmirror/ru-sni
2026-05-28 04:07:23,625 | INFO     | ✅ filter_ru_sni.py завершён успешно
2026-05-28 04:07:23,625 | INFO     | 
2026-05-28 04:07:23,625 | INFO     | 
2026-05-28 04:07:23,625 | INFO     | ──────────────────────────────────────────────────────────────────────
2026-05-28 04:07:23,625 | INFO     | 📌 ЭТАП: Экспериментальный RU-SNI фильтр
2026-05-28 04:07:23,625 | INFO     | ──────────────────────────────────────────────────────────────────────
2026-05-28 04:07:23,625 | INFO     | 🚀 Запуск filter_ru_sni_local.py (Экспериментальный фильтр по RU-SNI (локальные домены))...
2026-05-28 04:07:23,653 | INFO     |   → hysteria2.txt: 1 → 0 (RU-SNI)
2026-05-28 04:07:23,653 | INFO     |   → ss.txt: 2 → 0 (RU-SNI)
2026-05-28 04:07:23,653 | INFO     |   → trojan.txt: 1 → 0 (RU-SNI)
2026-05-28 04:07:23,653 | INFO     |   → vless.txt: 12 → 0 (RU-SNI)
2026-05-28 04:07:23,653 | INFO     |   → vmess.txt: 1 → 0 (RU-SNI)
2026-05-28 04:07:23,653 | INFO     |   → ==================================================
2026-05-28 04:07:23,653 | INFO     |   → Всего входных:  17
2026-05-28 04:07:23,653 | INFO     |   → Прошли RU-SNI:  0
2026-05-28 04:07:23,653 | INFO     |   → Отброшено:      17
2026-05-28 04:07:23,653 | INFO     |   → ==================================================
2026-05-28 04:07:23,653 | INFO     |   → Готово → /home/runner/work/vpn-vless-configs-russia/vpn-vless-configs-russia/githubmirror/ru-sni-local
2026-05-28 04:07:23,653 | INFO     | ✅ filter_ru_sni_local.py завершён успешно
2026-05-28 04:07:23,653 | INFO     | 
2026-05-28 04:07:23,653 | INFO     | 
2026-05-28 04:07:23,653 | INFO     | ──────────────────────────────────────────────────────────────────────
2026-05-28 04:07:23,653 | INFO     | 📌 ЭТАП: Сбор статистики
2026-05-28 04:07:23,653 | INFO     | ──────────────────────────────────────────────────────────────────────
2026-05-28 04:07:23,653 | INFO     | 📊 Сбор статистики...
2026-05-28 04:07:23,653 | INFO     |   📁 githubmirror/clean:
2026-05-28 04:07:23,654 | INFO     |     • hysteria2   :     1 конфигов
2026-05-28 04:07:23,654 | INFO     |     • ss          :     2 конфигов
2026-05-28 04:07:23,654 | INFO     |     • trojan      :     1 конфигов
2026-05-28 04:07:23,654 | INFO     |     • vless       :    12 конфигов
2026-05-28 04:07:23,654 | INFO     |     • vmess       :     1 конфигов
2026-05-28 04:07:23,654 | INFO     |   📁 githubmirror/ru-sni:
2026-05-28 04:07:23,654 | INFO     |     • hysteria2   :     0 конфигов (  0.0% от clean)
2026-05-28 04:07:23,655 | INFO     |     • ss          :     0 конфигов (  0.0% от clean)
2026-05-28 04:07:23,655 | INFO     |     • trojan      :     0 конфигов (  0.0% от clean)
2026-05-28 04:07:23,655 | INFO     |     • vless       :     3 конфигов ( 25.0% от clean)
2026-05-28 04:07:23,655 | INFO     |     • vmess       :     0 конфигов (  0.0% от clean)
2026-05-28 04:07:23,655 | INFO     | 
2026-05-28 04:07:23,655 | INFO     |   ──────────────────────────────────────────────────
2026-05-28 04:07:23,655 | INFO     |   📈 ИТОГО:
2026-05-28 04:07:23,655 | INFO     |     Clean (после geo-фильтра):       17
2026-05-28 04:07:23,655 | INFO     |     RU-SNI (после SNI-фильтра):       3
2026-05-28 04:07:23,655 | INFO     |     Прошло фильтр:                 17.6%
2026-05-28 04:07:23,655 | INFO     |   ──────────────────────────────────────────────────
2026-05-28 04:07:23,655 | INFO     | ✅ Статистика сохранена: /home/runner/work/vpn-vless-configs-russia/vpn-vless-configs-russia/stats.json
2026-05-28 04:07:23,655 | INFO     | 
2026-05-28 04:07:23,656 | INFO     | ======================================================================
2026-05-28 04:07:23,656 | INFO     | 📊 ИТОГОВЫЙ ОТЧЁТ
2026-05-28 04:07:23,656 | INFO     | ======================================================================
2026-05-28 04:07:23,656 | INFO     |   ✅ OK         | Загрузка и geo-фильтрация
2026-05-28 04:07:23,656 | INFO     |   ✅ OK         | Фильтрация по реальному SNI
2026-05-28 04:07:23,656 | INFO     |   ✅ OK         | Экспериментальный RU-SNI фильтр
2026-05-28 04:07:23,656 | INFO     |   ✅ OK         | Сбор статистики
2026-05-28 04:07:23,656 | INFO     | ──────────────────────────────────────────────────────────────────────
2026-05-28 04:07:23,656 | INFO     | ✅ ВСЕ ЭТАПЫ УСПЕШНЫ (4/4)
2026-05-28 04:07:23,656 | INFO     | ⏰ Время завершения: 2026-05-28 04:07:23
2026-05-28 04:07:23,656 | INFO     | ======================================================================
