2026-05-23 03:47:28,649 | INFO     | ======================================================================
2026-05-23 03:47:28,649 | INFO     | 🔍 VPN KEY CHECKER - Начало проверки
2026-05-23 03:47:28,649 | INFO     | ⏰ Время старта: 2026-05-23 03:47:28
2026-05-23 03:47:28,649 | INFO     | 📂 Рабочая директория: /home/runner/work/vpn-vless-configs-russia/vpn-vless-configs-russia
2026-05-23 03:47:28,649 | INFO     | ======================================================================
2026-05-23 03:47:28,649 | INFO     | 
2026-05-23 03:47:28,650 | INFO     | 🔍 Проверка наличия скриптов...
2026-05-23 03:47:28,650 | INFO     |   ✅ mirror.py
2026-05-23 03:47:28,650 | INFO     |   ✅ filter_ru_sni.py
2026-05-23 03:47:28,650 | INFO     |   ✅ filter_ru_sni_local.py
2026-05-23 03:47:28,650 | INFO     | 
2026-05-23 03:47:28,650 | INFO     | 
2026-05-23 03:47:28,650 | INFO     | ──────────────────────────────────────────────────────────────────────
2026-05-23 03:47:28,650 | INFO     | 📌 ЭТАП: Загрузка и geo-фильтрация
2026-05-23 03:47:28,650 | INFO     | ──────────────────────────────────────────────────────────────────────
2026-05-23 03:47:28,650 | INFO     | 🚀 Запуск mirror.py (Загрузка и фильтрация по РФ/СНГ/Европа)...
2026-05-23 03:47:33,183 | INFO     |   → 🚀 Старт: всего источников (старые + новые): 12
2026-05-23 03:47:33,183 | INFO     |   → 1/12: ✅ 0 взято | 🗑️ 0 мусор
2026-05-23 03:47:33,183 | INFO     |   → 2/12: ✅ 0 взято | 🗑️ 0 мусор
2026-05-23 03:47:33,183 | INFO     |   → 3/12: ✅ 0 взято | 🗑️ 0 мусор
2026-05-23 03:47:33,183 | INFO     |   → 4/12: ✅ 12 взято | 🗑️ 226 мусор
2026-05-23 03:47:33,183 | INFO     |   → 5/12: ✅ 3 взято | 🗑️ 206 мусор
2026-05-23 03:47:33,183 | INFO     |   → 6/12: ✅ 0 взято | 🗑️ 0 мусор
2026-05-23 03:47:33,183 | INFO     |   → 7/12: ✅ 6 взято | 🗑️ 24 мусор
2026-05-23 03:47:33,183 | INFO     |   → 8/12: ✅ 0 взято | 🗑️ 24 мусор
2026-05-23 03:47:33,183 | INFO     |   → 9/12: ✅ 0 взято | 🗑️ 0 мусор
2026-05-23 03:47:33,184 | INFO     |   → 10/12: ✅ 1 взято | 🗑️ 251 мусор
2026-05-23 03:47:33,184 | INFO     |   → 11/12: ✅ 6 взято | 🗑️ 15 мусор
2026-05-23 03:47:33,184 | INFO     |   → 12/12: ✅ 0 взято | 🗑️ 0 мусор
2026-05-23 03:47:33,184 | INFO     |   → ✅ ГОТОВО!
2026-05-23 03:47:33,184 | INFO     |   →    📥 Всего ключей после фильтра: 28
2026-05-23 03:47:33,184 | INFO     |   →    🔗 Уникальных IP:PORT:SCHEME: 28
2026-05-23 03:47:33,184 | INFO     |   →    🗑️ Выброшено мусора: 746
2026-05-23 03:47:33,184 | INFO     |   → 📊 По протоколам:
2026-05-23 03:47:33,184 | INFO     |   →    vless: 11
2026-05-23 03:47:33,184 | INFO     |   →    vmess: 11
2026-05-23 03:47:33,184 | INFO     |   →    trojan: 1
2026-05-23 03:47:33,184 | INFO     |   →    ss: 4
2026-05-23 03:47:33,184 | INFO     |   →    hysteria2: 1
2026-05-23 03:47:33,184 | INFO     | ✅ mirror.py завершён успешно
2026-05-23 03:47:33,184 | INFO     | 
2026-05-23 03:47:33,184 | INFO     | 
2026-05-23 03:47:33,184 | INFO     | ──────────────────────────────────────────────────────────────────────
2026-05-23 03:47:33,184 | INFO     | 📌 ЭТАП: Фильтрация по реальному SNI
2026-05-23 03:47:33,184 | INFO     | ──────────────────────────────────────────────────────────────────────
2026-05-23 03:47:33,184 | INFO     | 🚀 Запуск filter_ru_sni.py (Фильтр по реальному SNI (CDN+RU))...
2026-05-23 03:47:33,212 | INFO     |   → hysteria2.txt: 1 → 1 (SNI-filtered)
2026-05-23 03:47:33,212 | INFO     |   →   ss.txt: 4 → 0 (SNI-filtered)
2026-05-23 03:47:33,212 | INFO     |   →   trojan.txt: 1 → 0 (SNI-filtered)
2026-05-23 03:47:33,212 | INFO     |   →   vless.txt: 11 → 3 (SNI-filtered)
2026-05-23 03:47:33,212 | INFO     |   →   vmess.txt: 11 → 0 (SNI-filtered)
2026-05-23 03:47:33,212 | INFO     |   → ==================================================
2026-05-23 03:47:33,212 | INFO     |   →   Всего входных:  28
2026-05-23 03:47:33,212 | INFO     |   →   Прошли фильтр:  4
2026-05-23 03:47:33,212 | INFO     |   →   Отброшено:      24
2026-05-23 03:47:33,212 | INFO     |   → ==================================================
2026-05-23 03:47:33,212 | INFO     |   → Готово → /home/runner/work/vpn-vless-configs-russia/vpn-vless-configs-russia/githubmirror/ru-sni
2026-05-23 03:47:33,212 | INFO     | ✅ filter_ru_sni.py завершён успешно
2026-05-23 03:47:33,213 | INFO     | 
2026-05-23 03:47:33,213 | INFO     | 
2026-05-23 03:47:33,213 | INFO     | ──────────────────────────────────────────────────────────────────────
2026-05-23 03:47:33,213 | INFO     | 📌 ЭТАП: Экспериментальный RU-SNI фильтр
2026-05-23 03:47:33,213 | INFO     | ──────────────────────────────────────────────────────────────────────
2026-05-23 03:47:33,213 | INFO     | 🚀 Запуск filter_ru_sni_local.py (Экспериментальный фильтр по RU-SNI (локальные домены))...
2026-05-23 03:47:33,240 | INFO     |   → hysteria2.txt: 1 → 0 (RU-SNI)
2026-05-23 03:47:33,240 | INFO     |   → ss.txt: 4 → 0 (RU-SNI)
2026-05-23 03:47:33,240 | INFO     |   → trojan.txt: 1 → 0 (RU-SNI)
2026-05-23 03:47:33,240 | INFO     |   → vless.txt: 11 → 2 (RU-SNI)
2026-05-23 03:47:33,240 | INFO     |   → vmess.txt: 11 → 0 (RU-SNI)
2026-05-23 03:47:33,240 | INFO     |   → ==================================================
2026-05-23 03:47:33,240 | INFO     |   → Всего входных:  28
2026-05-23 03:47:33,240 | INFO     |   → Прошли RU-SNI:  2
2026-05-23 03:47:33,240 | INFO     |   → Отброшено:      26
2026-05-23 03:47:33,240 | INFO     |   → ==================================================
2026-05-23 03:47:33,240 | INFO     |   → Готово → /home/runner/work/vpn-vless-configs-russia/vpn-vless-configs-russia/githubmirror/ru-sni-local
2026-05-23 03:47:33,240 | INFO     | ✅ filter_ru_sni_local.py завершён успешно
2026-05-23 03:47:33,240 | INFO     | 
2026-05-23 03:47:33,240 | INFO     | 
2026-05-23 03:47:33,240 | INFO     | ──────────────────────────────────────────────────────────────────────
2026-05-23 03:47:33,241 | INFO     | 📌 ЭТАП: Сбор статистики
2026-05-23 03:47:33,241 | INFO     | ──────────────────────────────────────────────────────────────────────
2026-05-23 03:47:33,241 | INFO     | 📊 Сбор статистики...
2026-05-23 03:47:33,241 | INFO     |   📁 githubmirror/clean:
2026-05-23 03:47:33,241 | INFO     |     • hysteria2   :     1 конфигов
2026-05-23 03:47:33,241 | INFO     |     • ss          :     4 конфигов
2026-05-23 03:47:33,241 | INFO     |     • trojan      :     1 конфигов
2026-05-23 03:47:33,241 | INFO     |     • vless       :    11 конфигов
2026-05-23 03:47:33,242 | INFO     |     • vmess       :    11 конфигов
2026-05-23 03:47:33,242 | INFO     |   📁 githubmirror/ru-sni:
2026-05-23 03:47:33,242 | INFO     |     • hysteria2   :     1 конфигов (100.0% от clean)
2026-05-23 03:47:33,242 | INFO     |     • ss          :     0 конфигов (  0.0% от clean)
2026-05-23 03:47:33,242 | INFO     |     • trojan      :     0 конфигов (  0.0% от clean)
2026-05-23 03:47:33,242 | INFO     |     • vless       :     3 конфигов ( 27.3% от clean)
2026-05-23 03:47:33,242 | INFO     |     • vmess       :     0 конфигов (  0.0% от clean)
2026-05-23 03:47:33,242 | INFO     | 
2026-05-23 03:47:33,242 | INFO     |   ──────────────────────────────────────────────────
2026-05-23 03:47:33,243 | INFO     |   📈 ИТОГО:
2026-05-23 03:47:33,243 | INFO     |     Clean (после geo-фильтра):       28
2026-05-23 03:47:33,243 | INFO     |     RU-SNI (после SNI-фильтра):       4
2026-05-23 03:47:33,243 | INFO     |     Прошло фильтр:                 14.3%
2026-05-23 03:47:33,243 | INFO     |   ──────────────────────────────────────────────────
2026-05-23 03:47:33,243 | INFO     | ✅ Статистика сохранена: /home/runner/work/vpn-vless-configs-russia/vpn-vless-configs-russia/stats.json
2026-05-23 03:47:33,243 | INFO     | 
2026-05-23 03:47:33,243 | INFO     | ======================================================================
2026-05-23 03:47:33,243 | INFO     | 📊 ИТОГОВЫЙ ОТЧЁТ
2026-05-23 03:47:33,243 | INFO     | ======================================================================
2026-05-23 03:47:33,243 | INFO     |   ✅ OK         | Загрузка и geo-фильтрация
2026-05-23 03:47:33,243 | INFO     |   ✅ OK         | Фильтрация по реальному SNI
2026-05-23 03:47:33,243 | INFO     |   ✅ OK         | Экспериментальный RU-SNI фильтр
2026-05-23 03:47:33,243 | INFO     |   ✅ OK         | Сбор статистики
2026-05-23 03:47:33,243 | INFO     | ──────────────────────────────────────────────────────────────────────
2026-05-23 03:47:33,243 | INFO     | ✅ ВСЕ ЭТАПЫ УСПЕШНЫ (4/4)
2026-05-23 03:47:33,243 | INFO     | ⏰ Время завершения: 2026-05-23 03:47:33
2026-05-23 03:47:33,244 | INFO     | ======================================================================
