2026-05-26 04:05:08,465 | INFO     | ======================================================================
2026-05-26 04:05:08,465 | INFO     | 🔍 VPN KEY CHECKER - Начало проверки
2026-05-26 04:05:08,465 | INFO     | ⏰ Время старта: 2026-05-26 04:05:08
2026-05-26 04:05:08,465 | INFO     | 📂 Рабочая директория: /home/runner/work/vpn-vless-configs-russia/vpn-vless-configs-russia
2026-05-26 04:05:08,466 | INFO     | ======================================================================
2026-05-26 04:05:08,466 | INFO     | 
2026-05-26 04:05:08,466 | INFO     | 🔍 Проверка наличия скриптов...
2026-05-26 04:05:08,466 | INFO     |   ✅ mirror.py
2026-05-26 04:05:08,466 | INFO     |   ✅ filter_ru_sni.py
2026-05-26 04:05:08,466 | INFO     |   ✅ filter_ru_sni_local.py
2026-05-26 04:05:08,466 | INFO     | 
2026-05-26 04:05:08,466 | INFO     | 
2026-05-26 04:05:08,466 | INFO     | ──────────────────────────────────────────────────────────────────────
2026-05-26 04:05:08,466 | INFO     | 📌 ЭТАП: Загрузка и geo-фильтрация
2026-05-26 04:05:08,466 | INFO     | ──────────────────────────────────────────────────────────────────────
2026-05-26 04:05:08,466 | INFO     | 🚀 Запуск mirror.py (Загрузка и фильтрация по РФ/СНГ/Европа)...
2026-05-26 04:05:12,256 | INFO     |   → 🚀 Старт: всего источников (старые + новые): 10
2026-05-26 04:05:12,256 | INFO     |   → 1/10: ✅ 0 взято | 🗑️ 0 мусор
2026-05-26 04:05:12,256 | INFO     |   → 2/10: ✅ 0 взято | 🗑️ 0 мусор
2026-05-26 04:05:12,256 | INFO     |   → 3/10: ✅ 14 взято | 🗑️ 292 мусор
2026-05-26 04:05:12,256 | INFO     |   → 4/10: ✅ 0 взято | 🗑️ 0 мусор
2026-05-26 04:05:12,256 | INFO     |   → 5/10: ✅ 4 взято | 🗑️ 208 мусор
2026-05-26 04:05:12,256 | INFO     |   → 6/10: ✅ 0 взято | 🗑️ 0 мусор
2026-05-26 04:05:12,256 | INFO     |   → 7/10: ✅ 6 взято | 🗑️ 24 мусор
2026-05-26 04:05:12,256 | INFO     |   → 8/10: ✅ 0 взято | 🗑️ 24 мусор
2026-05-26 04:05:12,256 | INFO     |   → 9/10: ✅ 13 взято | 🗑️ 14 мусор
2026-05-26 04:05:12,256 | INFO     |   → 10/10: ✅ 0 взято | 🗑️ 0 мусор
2026-05-26 04:05:12,256 | INFO     |   → ✅ ГОТОВО!
2026-05-26 04:05:12,257 | INFO     |   →    📥 Всего ключей после фильтра: 37
2026-05-26 04:05:12,257 | INFO     |   →    🔗 Уникальных IP:PORT:SCHEME: 35
2026-05-26 04:05:12,257 | INFO     |   →    🗑️ Выброшено мусора: 562
2026-05-26 04:05:12,257 | INFO     |   → 📊 По протоколам:
2026-05-26 04:05:12,257 | INFO     |   →    vless: 22
2026-05-26 04:05:12,257 | INFO     |   →    vmess: 9
2026-05-26 04:05:12,257 | INFO     |   →    ss: 3
2026-05-26 04:05:12,257 | INFO     |   →    hysteria2: 1
2026-05-26 04:05:12,257 | INFO     | ✅ mirror.py завершён успешно
2026-05-26 04:05:12,257 | INFO     | 
2026-05-26 04:05:12,257 | INFO     | 
2026-05-26 04:05:12,257 | INFO     | ──────────────────────────────────────────────────────────────────────
2026-05-26 04:05:12,257 | INFO     | 📌 ЭТАП: Фильтрация по реальному SNI
2026-05-26 04:05:12,257 | INFO     | ──────────────────────────────────────────────────────────────────────
2026-05-26 04:05:12,257 | INFO     | 🚀 Запуск filter_ru_sni.py (Фильтр по реальному SNI (CDN+RU))...
2026-05-26 04:05:12,286 | INFO     |   → hysteria2.txt: 1 → 1 (SNI-filtered)
2026-05-26 04:05:12,286 | INFO     |   →   ss.txt: 3 → 0 (SNI-filtered)
2026-05-26 04:05:12,287 | INFO     |   →   vless.txt: 22 → 8 (SNI-filtered)
2026-05-26 04:05:12,287 | INFO     |   →   vmess.txt: 9 → 0 (SNI-filtered)
2026-05-26 04:05:12,287 | INFO     |   → ==================================================
2026-05-26 04:05:12,287 | INFO     |   →   Всего входных:  35
2026-05-26 04:05:12,287 | INFO     |   →   Прошли фильтр:  9
2026-05-26 04:05:12,287 | INFO     |   →   Отброшено:      26
2026-05-26 04:05:12,287 | INFO     |   → ==================================================
2026-05-26 04:05:12,287 | INFO     |   → Готово → /home/runner/work/vpn-vless-configs-russia/vpn-vless-configs-russia/githubmirror/ru-sni
2026-05-26 04:05:12,287 | INFO     | ✅ filter_ru_sni.py завершён успешно
2026-05-26 04:05:12,287 | INFO     | 
2026-05-26 04:05:12,287 | INFO     | 
2026-05-26 04:05:12,287 | INFO     | ──────────────────────────────────────────────────────────────────────
2026-05-26 04:05:12,287 | INFO     | 📌 ЭТАП: Экспериментальный RU-SNI фильтр
2026-05-26 04:05:12,287 | INFO     | ──────────────────────────────────────────────────────────────────────
2026-05-26 04:05:12,287 | INFO     | 🚀 Запуск filter_ru_sni_local.py (Экспериментальный фильтр по RU-SNI (локальные домены))...
2026-05-26 04:05:12,316 | INFO     |   → hysteria2.txt: 1 → 0 (RU-SNI)
2026-05-26 04:05:12,316 | INFO     |   → ss.txt: 3 → 0 (RU-SNI)
2026-05-26 04:05:12,316 | INFO     |   → vless.txt: 22 → 5 (RU-SNI)
2026-05-26 04:05:12,316 | INFO     |   → vmess.txt: 9 → 0 (RU-SNI)
2026-05-26 04:05:12,316 | INFO     |   → ==================================================
2026-05-26 04:05:12,316 | INFO     |   → Всего входных:  35
2026-05-26 04:05:12,316 | INFO     |   → Прошли RU-SNI:  5
2026-05-26 04:05:12,316 | INFO     |   → Отброшено:      30
2026-05-26 04:05:12,316 | INFO     |   → ==================================================
2026-05-26 04:05:12,316 | INFO     |   → Готово → /home/runner/work/vpn-vless-configs-russia/vpn-vless-configs-russia/githubmirror/ru-sni-local
2026-05-26 04:05:12,316 | INFO     | ✅ filter_ru_sni_local.py завершён успешно
2026-05-26 04:05:12,316 | INFO     | 
2026-05-26 04:05:12,316 | INFO     | 
2026-05-26 04:05:12,316 | INFO     | ──────────────────────────────────────────────────────────────────────
2026-05-26 04:05:12,316 | INFO     | 📌 ЭТАП: Сбор статистики
2026-05-26 04:05:12,316 | INFO     | ──────────────────────────────────────────────────────────────────────
2026-05-26 04:05:12,316 | INFO     | 📊 Сбор статистики...
2026-05-26 04:05:12,316 | INFO     |   📁 githubmirror/clean:
2026-05-26 04:05:12,317 | INFO     |     • hysteria2   :     1 конфигов
2026-05-26 04:05:12,317 | INFO     |     • ss          :     3 конфигов
2026-05-26 04:05:12,317 | INFO     |     • vless       :    22 конфигов
2026-05-26 04:05:12,317 | INFO     |     • vmess       :     9 конфигов
2026-05-26 04:05:12,317 | INFO     |   📁 githubmirror/ru-sni:
2026-05-26 04:05:12,317 | INFO     |     • hysteria2   :     1 конфигов (100.0% от clean)
2026-05-26 04:05:12,318 | INFO     |     • ss          :     0 конфигов (  0.0% от clean)
2026-05-26 04:05:12,318 | INFO     |     • vless       :     8 конфигов ( 36.4% от clean)
2026-05-26 04:05:12,318 | INFO     |     • vmess       :     0 конфигов (  0.0% от clean)
2026-05-26 04:05:12,318 | INFO     | 
2026-05-26 04:05:12,318 | INFO     |   ──────────────────────────────────────────────────
2026-05-26 04:05:12,318 | INFO     |   📈 ИТОГО:
2026-05-26 04:05:12,318 | INFO     |     Clean (после geo-фильтра):       35
2026-05-26 04:05:12,318 | INFO     |     RU-SNI (после SNI-фильтра):       9
2026-05-26 04:05:12,318 | INFO     |     Прошло фильтр:                 25.7%
2026-05-26 04:05:12,318 | INFO     |   ──────────────────────────────────────────────────
2026-05-26 04:05:12,318 | INFO     | ✅ Статистика сохранена: /home/runner/work/vpn-vless-configs-russia/vpn-vless-configs-russia/stats.json
2026-05-26 04:05:12,318 | INFO     | 
2026-05-26 04:05:12,318 | INFO     | ======================================================================
2026-05-26 04:05:12,318 | INFO     | 📊 ИТОГОВЫЙ ОТЧЁТ
2026-05-26 04:05:12,319 | INFO     | ======================================================================
2026-05-26 04:05:12,319 | INFO     |   ✅ OK         | Загрузка и geo-фильтрация
2026-05-26 04:05:12,319 | INFO     |   ✅ OK         | Фильтрация по реальному SNI
2026-05-26 04:05:12,319 | INFO     |   ✅ OK         | Экспериментальный RU-SNI фильтр
2026-05-26 04:05:12,319 | INFO     |   ✅ OK         | Сбор статистики
2026-05-26 04:05:12,319 | INFO     | ──────────────────────────────────────────────────────────────────────
2026-05-26 04:05:12,319 | INFO     | ✅ ВСЕ ЭТАПЫ УСПЕШНЫ (4/4)
2026-05-26 04:05:12,319 | INFO     | ⏰ Время завершения: 2026-05-26 04:05:12
2026-05-26 04:05:12,319 | INFO     | ======================================================================
