2026-06-15 12:28:47,647 | INFO     | ======================================================================
2026-06-15 12:28:47,647 | INFO     | 🔍 VPN KEY CHECKER - Начало проверки
2026-06-15 12:28:47,647 | INFO     | ⏰ Время старта: 2026-06-15 12:28:47
2026-06-15 12:28:47,647 | INFO     | 📂 Рабочая директория: /home/runner/work/vpn-vless-configs-russia/vpn-vless-configs-russia
2026-06-15 12:28:47,647 | INFO     | ======================================================================
2026-06-15 12:28:47,647 | INFO     | 
2026-06-15 12:28:47,647 | INFO     | 🔍 Проверка наличия скриптов...
2026-06-15 12:28:47,647 | INFO     |   ✅ mirror.py
2026-06-15 12:28:47,647 | INFO     |   ✅ filter_ru_sni.py
2026-06-15 12:28:47,647 | INFO     |   ✅ filter_ru_sni_local.py
2026-06-15 12:28:47,647 | INFO     | 
2026-06-15 12:28:47,647 | INFO     | 
2026-06-15 12:28:47,647 | INFO     | ──────────────────────────────────────────────────────────────────────
2026-06-15 12:28:47,647 | INFO     | 📌 ЭТАП: Загрузка и geo-фильтрация
2026-06-15 12:28:47,648 | INFO     | ──────────────────────────────────────────────────────────────────────
2026-06-15 12:28:47,648 | INFO     | 🚀 Запуск mirror.py (Загрузка и фильтрация по РФ/СНГ/Европа)...
2026-06-15 12:28:51,146 | INFO     |   → 🚀 Старт: всего источников (старые + новые): 8
2026-06-15 12:28:51,146 | INFO     |   → 1/8: ✅ 0 взято | 🗑️ 0 мусор
2026-06-15 12:28:51,146 | INFO     |   → 2/8: ✅ 0 взято | 🗑️ 0 мусор
2026-06-15 12:28:51,146 | INFO     |   → 3/8: ✅ 0 взято | 🗑️ 0 мусор
2026-06-15 12:28:51,146 | INFO     |   → 4/8: ✅ 0 взято | 🗑️ 117 мусор
2026-06-15 12:28:51,146 | INFO     |   → 5/8: ✅ 0 взято | 🗑️ 202 мусор
2026-06-15 12:28:51,146 | INFO     |   → 6/8: ✅ 0 взято | 🗑️ 0 мусор
2026-06-15 12:28:51,146 | INFO     |   → 7/8: ✅ 5 взято | 🗑️ 9 мусор
2026-06-15 12:28:51,146 | INFO     |   → 8/8: ✅ 0 взято | 🗑️ 9 мусор
2026-06-15 12:28:51,146 | INFO     |   → ✅ ГОТОВО!
2026-06-15 12:28:51,146 | INFO     |   →    📥 Всего ключей после фильтра: 5
2026-06-15 12:28:51,146 | INFO     |   →    🔗 Уникальных IP:PORT:SCHEME: 5
2026-06-15 12:28:51,146 | INFO     |   →    🗑️ Выброшено мусора: 337
2026-06-15 12:28:51,146 | INFO     |   → 📊 По протоколам:
2026-06-15 12:28:51,147 | INFO     |   →    vless: 4
2026-06-15 12:28:51,147 | INFO     |   →    vmess: 1
2026-06-15 12:28:51,147 | INFO     | ✅ mirror.py завершён успешно
2026-06-15 12:28:51,147 | INFO     | 
2026-06-15 12:28:51,147 | INFO     | 
2026-06-15 12:28:51,147 | INFO     | ──────────────────────────────────────────────────────────────────────
2026-06-15 12:28:51,147 | INFO     | 📌 ЭТАП: Фильтрация по реальному SNI
2026-06-15 12:28:51,147 | INFO     | ──────────────────────────────────────────────────────────────────────
2026-06-15 12:28:51,147 | INFO     | 🚀 Запуск filter_ru_sni.py (Фильтр по реальному SNI (CDN+RU))...
2026-06-15 12:28:51,175 | INFO     |   → vless.txt: 4 → 0 (SNI-filtered)
2026-06-15 12:28:51,175 | INFO     |   →   vmess.txt: 1 → 0 (SNI-filtered)
2026-06-15 12:28:51,175 | INFO     |   → ==================================================
2026-06-15 12:28:51,175 | INFO     |   →   Всего входных:  5
2026-06-15 12:28:51,175 | INFO     |   →   Прошли фильтр:  0
2026-06-15 12:28:51,175 | INFO     |   →   Отброшено:      5
2026-06-15 12:28:51,175 | INFO     |   → ==================================================
2026-06-15 12:28:51,176 | INFO     |   → Готово → /home/runner/work/vpn-vless-configs-russia/vpn-vless-configs-russia/githubmirror/ru-sni
2026-06-15 12:28:51,176 | INFO     | ✅ filter_ru_sni.py завершён успешно
2026-06-15 12:28:51,176 | INFO     | 
2026-06-15 12:28:51,176 | INFO     | 
2026-06-15 12:28:51,176 | INFO     | ──────────────────────────────────────────────────────────────────────
2026-06-15 12:28:51,176 | INFO     | 📌 ЭТАП: Экспериментальный RU-SNI фильтр
2026-06-15 12:28:51,176 | INFO     | ──────────────────────────────────────────────────────────────────────
2026-06-15 12:28:51,176 | INFO     | 🚀 Запуск filter_ru_sni_local.py (Экспериментальный фильтр по RU-SNI (локальные домены))...
2026-06-15 12:28:51,202 | INFO     |   → vless.txt: 4 → 0 (RU-SNI)
2026-06-15 12:28:51,202 | INFO     |   → vmess.txt: 1 → 0 (RU-SNI)
2026-06-15 12:28:51,203 | INFO     |   → ==================================================
2026-06-15 12:28:51,203 | INFO     |   → Всего входных:  5
2026-06-15 12:28:51,203 | INFO     |   → Прошли RU-SNI:  0
2026-06-15 12:28:51,203 | INFO     |   → Отброшено:      5
2026-06-15 12:28:51,203 | INFO     |   → ==================================================
2026-06-15 12:28:51,203 | INFO     |   → Готово → /home/runner/work/vpn-vless-configs-russia/vpn-vless-configs-russia/githubmirror/ru-sni-local
2026-06-15 12:28:51,203 | INFO     | ✅ filter_ru_sni_local.py завершён успешно
2026-06-15 12:28:51,203 | INFO     | 
2026-06-15 12:28:51,203 | INFO     | 
2026-06-15 12:28:51,203 | INFO     | ──────────────────────────────────────────────────────────────────────
2026-06-15 12:28:51,203 | INFO     | 📌 ЭТАП: Сбор статистики
2026-06-15 12:28:51,203 | INFO     | ──────────────────────────────────────────────────────────────────────
2026-06-15 12:28:51,203 | INFO     | 📊 Сбор статистики...
2026-06-15 12:28:51,203 | INFO     |   📁 githubmirror/clean:
2026-06-15 12:28:51,204 | INFO     |     • vless       :     4 конфигов
2026-06-15 12:28:51,204 | INFO     |     • vmess       :     1 конфигов
2026-06-15 12:28:51,204 | INFO     |   📁 githubmirror/ru-sni:
2026-06-15 12:28:51,204 | INFO     |     • vless       :     0 конфигов (  0.0% от clean)
2026-06-15 12:28:51,204 | INFO     |     • vmess       :     0 конфигов (  0.0% от clean)
2026-06-15 12:28:51,204 | INFO     | 
2026-06-15 12:28:51,204 | INFO     |   ──────────────────────────────────────────────────
2026-06-15 12:28:51,204 | INFO     |   📈 ИТОГО:
2026-06-15 12:28:51,205 | INFO     |     Clean (после geo-фильтра):        5
2026-06-15 12:28:51,205 | INFO     |     RU-SNI (после SNI-фильтра):       0
2026-06-15 12:28:51,205 | INFO     |     Прошло фильтр:                  0.0%
2026-06-15 12:28:51,205 | INFO     |   ──────────────────────────────────────────────────
2026-06-15 12:28:51,205 | INFO     | ✅ Статистика сохранена: /home/runner/work/vpn-vless-configs-russia/vpn-vless-configs-russia/stats.json
2026-06-15 12:28:51,205 | INFO     | 
2026-06-15 12:28:51,205 | INFO     | ======================================================================
2026-06-15 12:28:51,205 | INFO     | 📊 ИТОГОВЫЙ ОТЧЁТ
2026-06-15 12:28:51,205 | INFO     | ======================================================================
2026-06-15 12:28:51,205 | INFO     |   ✅ OK         | Загрузка и geo-фильтрация
2026-06-15 12:28:51,205 | INFO     |   ✅ OK         | Фильтрация по реальному SNI
2026-06-15 12:28:51,205 | INFO     |   ✅ OK         | Экспериментальный RU-SNI фильтр
2026-06-15 12:28:51,205 | INFO     |   ✅ OK         | Сбор статистики
2026-06-15 12:28:51,206 | INFO     | ──────────────────────────────────────────────────────────────────────
2026-06-15 12:28:51,206 | INFO     | ✅ ВСЕ ЭТАПЫ УСПЕШНЫ (4/4)
2026-06-15 12:28:51,206 | INFO     | ⏰ Время завершения: 2026-06-15 12:28:51
2026-06-15 12:28:51,206 | INFO     | ======================================================================
