2026-07-01 10:00:19,734 | INFO     | ======================================================================
2026-07-01 10:00:19,734 | INFO     | 🔍 VPN KEY CHECKER - Начало проверки
2026-07-01 10:00:19,734 | INFO     | ⏰ Время старта: 2026-07-01 10:00:19
2026-07-01 10:00:19,734 | INFO     | 📂 Рабочая директория: /home/runner/work/vpn-vless-configs-russia/vpn-vless-configs-russia
2026-07-01 10:00:19,734 | INFO     | ======================================================================
2026-07-01 10:00:19,734 | INFO     | 
2026-07-01 10:00:19,734 | INFO     | 🔍 Проверка наличия скриптов...
2026-07-01 10:00:19,734 | INFO     |   ✅ mirror.py
2026-07-01 10:00:19,734 | INFO     |   ✅ filter_ru_sni.py
2026-07-01 10:00:19,734 | INFO     |   ✅ filter_ru_sni_local.py
2026-07-01 10:00:19,734 | INFO     | 
2026-07-01 10:00:19,735 | INFO     | 
2026-07-01 10:00:19,735 | INFO     | ──────────────────────────────────────────────────────────────────────
2026-07-01 10:00:19,735 | INFO     | 📌 ЭТАП: Загрузка и geo-фильтрация
2026-07-01 10:00:19,735 | INFO     | ──────────────────────────────────────────────────────────────────────
2026-07-01 10:00:19,735 | INFO     | 🚀 Запуск mirror.py (Загрузка и фильтрация по РФ/СНГ/Европа)...
2026-07-01 10:00:23,514 | INFO     |   → 🚀 Старт: всего источников (старые + новые): 8
2026-07-01 10:00:23,514 | INFO     |   → 1/8: ✅ 0 взято | 🗑️ 0 мусор
2026-07-01 10:00:23,514 | INFO     |   → 2/8: ✅ 0 взято | 🗑️ 0 мусор
2026-07-01 10:00:23,514 | INFO     |   → 3/8: ✅ 2 взято | 🗑️ 114 мусор
2026-07-01 10:00:23,514 | INFO     |   → 4/8: ✅ 0 взято | 🗑️ 0 мусор
2026-07-01 10:00:23,514 | INFO     |   → 5/8: ✅ 2 взято | 🗑️ 183 мусор
2026-07-01 10:00:23,514 | INFO     |   → 6/8: ✅ 0 взято | 🗑️ 0 мусор
2026-07-01 10:00:23,514 | INFO     |   → 7/8: ✅ 13 взято | 🗑️ 7 мусор
2026-07-01 10:00:23,514 | INFO     |   → 8/8: ✅ 13 взято | 🗑️ 10 мусор
2026-07-01 10:00:23,515 | INFO     |   → ✅ ГОТОВО!
2026-07-01 10:00:23,515 | INFO     |   →    📥 Всего ключей после фильтра: 30
2026-07-01 10:00:23,515 | INFO     |   →    🔗 Уникальных IP:PORT:SCHEME: 30
2026-07-01 10:00:23,515 | INFO     |   →    🗑️ Выброшено мусора: 314
2026-07-01 10:00:23,515 | INFO     |   → 📊 По протоколам:
2026-07-01 10:00:23,515 | INFO     |   →    vless: 22
2026-07-01 10:00:23,515 | INFO     |   →    vmess: 1
2026-07-01 10:00:23,515 | INFO     |   →    trojan: 3
2026-07-01 10:00:23,515 | INFO     |   →    ss: 3
2026-07-01 10:00:23,515 | INFO     |   →    hysteria2: 1
2026-07-01 10:00:23,515 | INFO     | ✅ mirror.py завершён успешно
2026-07-01 10:00:23,515 | INFO     | 
2026-07-01 10:00:23,515 | INFO     | 
2026-07-01 10:00:23,515 | INFO     | ──────────────────────────────────────────────────────────────────────
2026-07-01 10:00:23,515 | INFO     | 📌 ЭТАП: Фильтрация по реальному SNI
2026-07-01 10:00:23,515 | INFO     | ──────────────────────────────────────────────────────────────────────
2026-07-01 10:00:23,515 | INFO     | 🚀 Запуск filter_ru_sni.py (Фильтр по реальному SNI (CDN+RU))...
2026-07-01 10:00:23,542 | INFO     |   → hysteria2.txt: 1 → 0 (SNI-filtered)
2026-07-01 10:00:23,542 | INFO     |   →   ss.txt: 3 → 0 (SNI-filtered)
2026-07-01 10:00:23,542 | INFO     |   →   trojan.txt: 3 → 0 (SNI-filtered)
2026-07-01 10:00:23,542 | INFO     |   →   vless.txt: 22 → 3 (SNI-filtered)
2026-07-01 10:00:23,542 | INFO     |   →   vmess.txt: 1 → 0 (SNI-filtered)
2026-07-01 10:00:23,542 | INFO     |   → ==================================================
2026-07-01 10:00:23,543 | INFO     |   →   Всего входных:  30
2026-07-01 10:00:23,543 | INFO     |   →   Прошли фильтр:  3
2026-07-01 10:00:23,543 | INFO     |   →   Отброшено:      27
2026-07-01 10:00:23,543 | INFO     |   → ==================================================
2026-07-01 10:00:23,543 | INFO     |   → Готово → /home/runner/work/vpn-vless-configs-russia/vpn-vless-configs-russia/githubmirror/ru-sni
2026-07-01 10:00:23,543 | INFO     | ✅ filter_ru_sni.py завершён успешно
2026-07-01 10:00:23,543 | INFO     | 
2026-07-01 10:00:23,543 | INFO     | 
2026-07-01 10:00:23,543 | INFO     | ──────────────────────────────────────────────────────────────────────
2026-07-01 10:00:23,543 | INFO     | 📌 ЭТАП: Экспериментальный RU-SNI фильтр
2026-07-01 10:00:23,543 | INFO     | ──────────────────────────────────────────────────────────────────────
2026-07-01 10:00:23,543 | INFO     | 🚀 Запуск filter_ru_sni_local.py (Экспериментальный фильтр по RU-SNI (локальные домены))...
2026-07-01 10:00:23,569 | INFO     |   → hysteria2.txt: 1 → 0 (RU-SNI)
2026-07-01 10:00:23,569 | INFO     |   → ss.txt: 3 → 0 (RU-SNI)
2026-07-01 10:00:23,569 | INFO     |   → trojan.txt: 3 → 0 (RU-SNI)
2026-07-01 10:00:23,569 | INFO     |   → vless.txt: 22 → 1 (RU-SNI)
2026-07-01 10:00:23,569 | INFO     |   → vmess.txt: 1 → 0 (RU-SNI)
2026-07-01 10:00:23,569 | INFO     |   → ==================================================
2026-07-01 10:00:23,569 | INFO     |   → Всего входных:  30
2026-07-01 10:00:23,569 | INFO     |   → Прошли RU-SNI:  1
2026-07-01 10:00:23,569 | INFO     |   → Отброшено:      29
2026-07-01 10:00:23,569 | INFO     |   → ==================================================
2026-07-01 10:00:23,569 | INFO     |   → Готово → /home/runner/work/vpn-vless-configs-russia/vpn-vless-configs-russia/githubmirror/ru-sni-local
2026-07-01 10:00:23,570 | INFO     | ✅ filter_ru_sni_local.py завершён успешно
2026-07-01 10:00:23,570 | INFO     | 
2026-07-01 10:00:23,570 | INFO     | 
2026-07-01 10:00:23,570 | INFO     | ──────────────────────────────────────────────────────────────────────
2026-07-01 10:00:23,570 | INFO     | 📌 ЭТАП: Сбор статистики
2026-07-01 10:00:23,570 | INFO     | ──────────────────────────────────────────────────────────────────────
2026-07-01 10:00:23,570 | INFO     | 📊 Сбор статистики...
2026-07-01 10:00:23,570 | INFO     |   📁 githubmirror/clean:
2026-07-01 10:00:23,570 | INFO     |     • hysteria2   :     1 конфигов
2026-07-01 10:00:23,570 | INFO     |     • ss          :     3 конфигов
2026-07-01 10:00:23,571 | INFO     |     • trojan      :     3 конфигов
2026-07-01 10:00:23,571 | INFO     |     • vless       :    22 конфигов
2026-07-01 10:00:23,571 | INFO     |     • vmess       :     1 конфигов
2026-07-01 10:00:23,571 | INFO     |   📁 githubmirror/ru-sni:
2026-07-01 10:00:23,571 | INFO     |     • hysteria2   :     0 конфигов (  0.0% от clean)
2026-07-01 10:00:23,571 | INFO     |     • ss          :     0 конфигов (  0.0% от clean)
2026-07-01 10:00:23,571 | INFO     |     • trojan      :     0 конфигов (  0.0% от clean)
2026-07-01 10:00:23,571 | INFO     |     • vless       :     3 конфигов ( 13.6% от clean)
2026-07-01 10:00:23,571 | INFO     |     • vmess       :     0 конфигов (  0.0% от clean)
2026-07-01 10:00:23,571 | INFO     | 
2026-07-01 10:00:23,571 | INFO     |   ──────────────────────────────────────────────────
2026-07-01 10:00:23,571 | INFO     |   📈 ИТОГО:
2026-07-01 10:00:23,571 | INFO     |     Clean (после geo-фильтра):       30
2026-07-01 10:00:23,572 | INFO     |     RU-SNI (после SNI-фильтра):       3
2026-07-01 10:00:23,572 | INFO     |     Прошло фильтр:                 10.0%
2026-07-01 10:00:23,572 | INFO     |   ──────────────────────────────────────────────────
2026-07-01 10:00:23,572 | INFO     | ✅ Статистика сохранена: /home/runner/work/vpn-vless-configs-russia/vpn-vless-configs-russia/stats.json
2026-07-01 10:00:23,572 | INFO     | 
2026-07-01 10:00:23,572 | INFO     | ======================================================================
2026-07-01 10:00:23,572 | INFO     | 📊 ИТОГОВЫЙ ОТЧЁТ
2026-07-01 10:00:23,572 | INFO     | ======================================================================
2026-07-01 10:00:23,572 | INFO     |   ✅ OK         | Загрузка и geo-фильтрация
2026-07-01 10:00:23,572 | INFO     |   ✅ OK         | Фильтрация по реальному SNI
2026-07-01 10:00:23,572 | INFO     |   ✅ OK         | Экспериментальный RU-SNI фильтр
2026-07-01 10:00:23,572 | INFO     |   ✅ OK         | Сбор статистики
2026-07-01 10:00:23,572 | INFO     | ──────────────────────────────────────────────────────────────────────
2026-07-01 10:00:23,572 | INFO     | ✅ ВСЕ ЭТАПЫ УСПЕШНЫ (4/4)
2026-07-01 10:00:23,572 | INFO     | ⏰ Время завершения: 2026-07-01 10:00:23
2026-07-01 10:00:23,572 | INFO     | ======================================================================
