2026-06-25 20:09:43,581 | INFO     | ======================================================================
2026-06-25 20:09:43,581 | INFO     | 🔍 VPN KEY CHECKER - Начало проверки
2026-06-25 20:09:43,581 | INFO     | ⏰ Время старта: 2026-06-25 20:09:43
2026-06-25 20:09:43,581 | INFO     | 📂 Рабочая директория: /home/runner/work/vpn-vless-configs-russia/vpn-vless-configs-russia
2026-06-25 20:09:43,581 | INFO     | ======================================================================
2026-06-25 20:09:43,581 | INFO     | 
2026-06-25 20:09:43,581 | INFO     | 🔍 Проверка наличия скриптов...
2026-06-25 20:09:43,581 | INFO     |   ✅ mirror.py
2026-06-25 20:09:43,581 | INFO     |   ✅ filter_ru_sni.py
2026-06-25 20:09:43,581 | INFO     |   ✅ filter_ru_sni_local.py
2026-06-25 20:09:43,582 | INFO     | 
2026-06-25 20:09:43,582 | INFO     | 
2026-06-25 20:09:43,582 | INFO     | ──────────────────────────────────────────────────────────────────────
2026-06-25 20:09:43,582 | INFO     | 📌 ЭТАП: Загрузка и geo-фильтрация
2026-06-25 20:09:43,582 | INFO     | ──────────────────────────────────────────────────────────────────────
2026-06-25 20:09:43,582 | INFO     | 🚀 Запуск mirror.py (Загрузка и фильтрация по РФ/СНГ/Европа)...
2026-06-25 20:09:47,516 | INFO     |   → 🚀 Старт: всего источников (старые + новые): 8
2026-06-25 20:09:47,516 | INFO     |   → 1/8: ✅ 0 взято | 🗑️ 0 мусор
2026-06-25 20:09:47,516 | INFO     |   → 2/8: ✅ 0 взято | 🗑️ 0 мусор
2026-06-25 20:09:47,516 | INFO     |   → 3/8: ✅ 1 взято | 🗑️ 263 мусор
2026-06-25 20:09:47,516 | INFO     |   → 4/8: ✅ 0 взято | 🗑️ 0 мусор
2026-06-25 20:09:47,516 | INFO     |   → 5/8: ✅ 1 взято | 🗑️ 229 мусор
2026-06-25 20:09:47,516 | INFO     |   → 6/8: ✅ 0 взято | 🗑️ 0 мусор
2026-06-25 20:09:47,516 | INFO     |   → 7/8: ✅ 13 взято | 🗑️ 10 мусор
2026-06-25 20:09:47,516 | INFO     |   → 8/8: ✅ 0 взято | 🗑️ 10 мусор
2026-06-25 20:09:47,516 | INFO     |   → ✅ ГОТОВО!
2026-06-25 20:09:47,517 | INFO     |   →    📥 Всего ключей после фильтра: 15
2026-06-25 20:09:47,517 | INFO     |   →    🔗 Уникальных IP:PORT:SCHEME: 14
2026-06-25 20:09:47,517 | INFO     |   →    🗑️ Выброшено мусора: 512
2026-06-25 20:09:47,517 | INFO     |   → 📊 По протоколам:
2026-06-25 20:09:47,517 | INFO     |   →    vless: 13
2026-06-25 20:09:47,517 | INFO     |   →    trojan: 1
2026-06-25 20:09:47,517 | INFO     | ✅ mirror.py завершён успешно
2026-06-25 20:09:47,517 | INFO     | 
2026-06-25 20:09:47,517 | INFO     | 
2026-06-25 20:09:47,517 | INFO     | ──────────────────────────────────────────────────────────────────────
2026-06-25 20:09:47,517 | INFO     | 📌 ЭТАП: Фильтрация по реальному SNI
2026-06-25 20:09:47,517 | INFO     | ──────────────────────────────────────────────────────────────────────
2026-06-25 20:09:47,517 | INFO     | 🚀 Запуск filter_ru_sni.py (Фильтр по реальному SNI (CDN+RU))...
2026-06-25 20:09:47,543 | INFO     |   → trojan.txt: 1 → 0 (SNI-filtered)
2026-06-25 20:09:47,543 | INFO     |   →   vless.txt: 13 → 0 (SNI-filtered)
2026-06-25 20:09:47,543 | INFO     |   → ==================================================
2026-06-25 20:09:47,543 | INFO     |   →   Всего входных:  14
2026-06-25 20:09:47,543 | INFO     |   →   Прошли фильтр:  0
2026-06-25 20:09:47,543 | INFO     |   →   Отброшено:      14
2026-06-25 20:09:47,543 | INFO     |   → ==================================================
2026-06-25 20:09:47,543 | INFO     |   → Готово → /home/runner/work/vpn-vless-configs-russia/vpn-vless-configs-russia/githubmirror/ru-sni
2026-06-25 20:09:47,543 | INFO     | ✅ filter_ru_sni.py завершён успешно
2026-06-25 20:09:47,543 | INFO     | 
2026-06-25 20:09:47,544 | INFO     | 
2026-06-25 20:09:47,544 | INFO     | ──────────────────────────────────────────────────────────────────────
2026-06-25 20:09:47,544 | INFO     | 📌 ЭТАП: Экспериментальный RU-SNI фильтр
2026-06-25 20:09:47,544 | INFO     | ──────────────────────────────────────────────────────────────────────
2026-06-25 20:09:47,544 | INFO     | 🚀 Запуск filter_ru_sni_local.py (Экспериментальный фильтр по RU-SNI (локальные домены))...
2026-06-25 20:09:47,569 | INFO     |   → trojan.txt: 1 → 0 (RU-SNI)
2026-06-25 20:09:47,569 | INFO     |   → vless.txt: 13 → 0 (RU-SNI)
2026-06-25 20:09:47,569 | INFO     |   → ==================================================
2026-06-25 20:09:47,569 | INFO     |   → Всего входных:  14
2026-06-25 20:09:47,569 | INFO     |   → Прошли RU-SNI:  0
2026-06-25 20:09:47,569 | INFO     |   → Отброшено:      14
2026-06-25 20:09:47,569 | INFO     |   → ==================================================
2026-06-25 20:09:47,569 | INFO     |   → Готово → /home/runner/work/vpn-vless-configs-russia/vpn-vless-configs-russia/githubmirror/ru-sni-local
2026-06-25 20:09:47,569 | INFO     | ✅ filter_ru_sni_local.py завершён успешно
2026-06-25 20:09:47,569 | INFO     | 
2026-06-25 20:09:47,569 | INFO     | 
2026-06-25 20:09:47,569 | INFO     | ──────────────────────────────────────────────────────────────────────
2026-06-25 20:09:47,569 | INFO     | 📌 ЭТАП: Сбор статистики
2026-06-25 20:09:47,569 | INFO     | ──────────────────────────────────────────────────────────────────────
2026-06-25 20:09:47,569 | INFO     | 📊 Сбор статистики...
2026-06-25 20:09:47,569 | INFO     |   📁 githubmirror/clean:
2026-06-25 20:09:47,570 | INFO     |     • trojan      :     1 конфигов
2026-06-25 20:09:47,570 | INFO     |     • vless       :    13 конфигов
2026-06-25 20:09:47,570 | INFO     |   📁 githubmirror/ru-sni:
2026-06-25 20:09:47,570 | INFO     |     • trojan      :     0 конфигов (  0.0% от clean)
2026-06-25 20:09:47,570 | INFO     |     • vless       :     0 конфигов (  0.0% от clean)
2026-06-25 20:09:47,570 | INFO     | 
2026-06-25 20:09:47,570 | INFO     |   ──────────────────────────────────────────────────
2026-06-25 20:09:47,570 | INFO     |   📈 ИТОГО:
2026-06-25 20:09:47,570 | INFO     |     Clean (после geo-фильтра):       14
2026-06-25 20:09:47,571 | INFO     |     RU-SNI (после SNI-фильтра):       0
2026-06-25 20:09:47,571 | INFO     |     Прошло фильтр:                  0.0%
2026-06-25 20:09:47,571 | INFO     |   ──────────────────────────────────────────────────
2026-06-25 20:09:47,571 | INFO     | ✅ Статистика сохранена: /home/runner/work/vpn-vless-configs-russia/vpn-vless-configs-russia/stats.json
2026-06-25 20:09:47,571 | INFO     | 
2026-06-25 20:09:47,571 | INFO     | ======================================================================
2026-06-25 20:09:47,571 | INFO     | 📊 ИТОГОВЫЙ ОТЧЁТ
2026-06-25 20:09:47,571 | INFO     | ======================================================================
2026-06-25 20:09:47,571 | INFO     |   ✅ OK         | Загрузка и geo-фильтрация
2026-06-25 20:09:47,571 | INFO     |   ✅ OK         | Фильтрация по реальному SNI
2026-06-25 20:09:47,571 | INFO     |   ✅ OK         | Экспериментальный RU-SNI фильтр
2026-06-25 20:09:47,571 | INFO     |   ✅ OK         | Сбор статистики
2026-06-25 20:09:47,571 | INFO     | ──────────────────────────────────────────────────────────────────────
2026-06-25 20:09:47,571 | INFO     | ✅ ВСЕ ЭТАПЫ УСПЕШНЫ (4/4)
2026-06-25 20:09:47,571 | INFO     | ⏰ Время завершения: 2026-06-25 20:09:47
2026-06-25 20:09:47,571 | INFO     | ======================================================================
