2026-06-23 15:13:52,502 | INFO     | ======================================================================
2026-06-23 15:13:52,502 | INFO     | 🔍 VPN KEY CHECKER - Начало проверки
2026-06-23 15:13:52,502 | INFO     | ⏰ Время старта: 2026-06-23 15:13:52
2026-06-23 15:13:52,502 | INFO     | 📂 Рабочая директория: /home/runner/work/vpn-vless-configs-russia/vpn-vless-configs-russia
2026-06-23 15:13:52,502 | INFO     | ======================================================================
2026-06-23 15:13:52,502 | INFO     | 
2026-06-23 15:13:52,502 | INFO     | 🔍 Проверка наличия скриптов...
2026-06-23 15:13:52,502 | INFO     |   ✅ mirror.py
2026-06-23 15:13:52,502 | INFO     |   ✅ filter_ru_sni.py
2026-06-23 15:13:52,502 | INFO     |   ✅ filter_ru_sni_local.py
2026-06-23 15:13:52,502 | INFO     | 
2026-06-23 15:13:52,502 | INFO     | 
2026-06-23 15:13:52,502 | INFO     | ──────────────────────────────────────────────────────────────────────
2026-06-23 15:13:52,502 | INFO     | 📌 ЭТАП: Загрузка и geo-фильтрация
2026-06-23 15:13:52,502 | INFO     | ──────────────────────────────────────────────────────────────────────
2026-06-23 15:13:52,502 | INFO     | 🚀 Запуск mirror.py (Загрузка и фильтрация по РФ/СНГ/Европа)...
2026-06-23 15:13:55,606 | INFO     |   → 🚀 Старт: всего источников (старые + новые): 8
2026-06-23 15:13:55,606 | INFO     |   → 1/8: ✅ 0 взято | 🗑️ 0 мусор
2026-06-23 15:13:55,606 | INFO     |   → 2/8: ✅ 0 взято | 🗑️ 0 мусор
2026-06-23 15:13:55,606 | INFO     |   → 3/8: ✅ 0 взято | 🗑️ 0 мусор
2026-06-23 15:13:55,606 | INFO     |   → 4/8: ✅ 2 взято | 🗑️ 96 мусор
2026-06-23 15:13:55,606 | INFO     |   → 5/8: ✅ 2 взято | 🗑️ 277 мусор
2026-06-23 15:13:55,606 | INFO     |   → 6/8: ✅ 0 взято | 🗑️ 0 мусор
2026-06-23 15:13:55,606 | INFO     |   → 7/8: ✅ 13 взято | 🗑️ 10 мусор
2026-06-23 15:13:55,606 | INFO     |   → 8/8: ✅ 0 взято | 🗑️ 10 мусор
2026-06-23 15:13:55,606 | INFO     |   → ✅ ГОТОВО!
2026-06-23 15:13:55,606 | INFO     |   →    📥 Всего ключей после фильтра: 17
2026-06-23 15:13:55,606 | INFO     |   →    🔗 Уникальных IP:PORT:SCHEME: 17
2026-06-23 15:13:55,606 | INFO     |   →    🗑️ Выброшено мусора: 393
2026-06-23 15:13:55,606 | INFO     |   → 📊 По протоколам:
2026-06-23 15:13:55,606 | INFO     |   →    vless: 15
2026-06-23 15:13:55,606 | INFO     |   →    trojan: 1
2026-06-23 15:13:55,606 | INFO     |   →    hysteria2: 1
2026-06-23 15:13:55,606 | INFO     | ✅ mirror.py завершён успешно
2026-06-23 15:13:55,606 | INFO     | 
2026-06-23 15:13:55,607 | INFO     | 
2026-06-23 15:13:55,607 | INFO     | ──────────────────────────────────────────────────────────────────────
2026-06-23 15:13:55,607 | INFO     | 📌 ЭТАП: Фильтрация по реальному SNI
2026-06-23 15:13:55,607 | INFO     | ──────────────────────────────────────────────────────────────────────
2026-06-23 15:13:55,607 | INFO     | 🚀 Запуск filter_ru_sni.py (Фильтр по реальному SNI (CDN+RU))...
2026-06-23 15:13:55,633 | INFO     |   → hysteria2.txt: 1 → 0 (SNI-filtered)
2026-06-23 15:13:55,633 | INFO     |   →   trojan.txt: 1 → 0 (SNI-filtered)
2026-06-23 15:13:55,633 | INFO     |   →   vless.txt: 15 → 1 (SNI-filtered)
2026-06-23 15:13:55,633 | INFO     |   → ==================================================
2026-06-23 15:13:55,633 | INFO     |   →   Всего входных:  17
2026-06-23 15:13:55,633 | INFO     |   →   Прошли фильтр:  1
2026-06-23 15:13:55,633 | INFO     |   →   Отброшено:      16
2026-06-23 15:13:55,633 | INFO     |   → ==================================================
2026-06-23 15:13:55,633 | INFO     |   → Готово → /home/runner/work/vpn-vless-configs-russia/vpn-vless-configs-russia/githubmirror/ru-sni
2026-06-23 15:13:55,633 | INFO     | ✅ filter_ru_sni.py завершён успешно
2026-06-23 15:13:55,634 | INFO     | 
2026-06-23 15:13:55,634 | INFO     | 
2026-06-23 15:13:55,634 | INFO     | ──────────────────────────────────────────────────────────────────────
2026-06-23 15:13:55,634 | INFO     | 📌 ЭТАП: Экспериментальный RU-SNI фильтр
2026-06-23 15:13:55,634 | INFO     | ──────────────────────────────────────────────────────────────────────
2026-06-23 15:13:55,634 | INFO     | 🚀 Запуск filter_ru_sni_local.py (Экспериментальный фильтр по RU-SNI (локальные домены))...
2026-06-23 15:13:55,660 | INFO     |   → hysteria2.txt: 1 → 0 (RU-SNI)
2026-06-23 15:13:55,660 | INFO     |   → trojan.txt: 1 → 0 (RU-SNI)
2026-06-23 15:13:55,660 | INFO     |   → vless.txt: 15 → 0 (RU-SNI)
2026-06-23 15:13:55,660 | INFO     |   → ==================================================
2026-06-23 15:13:55,660 | INFO     |   → Всего входных:  17
2026-06-23 15:13:55,660 | INFO     |   → Прошли RU-SNI:  0
2026-06-23 15:13:55,660 | INFO     |   → Отброшено:      17
2026-06-23 15:13:55,660 | INFO     |   → ==================================================
2026-06-23 15:13:55,660 | INFO     |   → Готово → /home/runner/work/vpn-vless-configs-russia/vpn-vless-configs-russia/githubmirror/ru-sni-local
2026-06-23 15:13:55,660 | INFO     | ✅ filter_ru_sni_local.py завершён успешно
2026-06-23 15:13:55,660 | INFO     | 
2026-06-23 15:13:55,660 | INFO     | 
2026-06-23 15:13:55,660 | INFO     | ──────────────────────────────────────────────────────────────────────
2026-06-23 15:13:55,660 | INFO     | 📌 ЭТАП: Сбор статистики
2026-06-23 15:13:55,660 | INFO     | ──────────────────────────────────────────────────────────────────────
2026-06-23 15:13:55,661 | INFO     | 📊 Сбор статистики...
2026-06-23 15:13:55,661 | INFO     |   📁 githubmirror/clean:
2026-06-23 15:13:55,661 | INFO     |     • hysteria2   :     1 конфигов
2026-06-23 15:13:55,661 | INFO     |     • trojan      :     1 конфигов
2026-06-23 15:13:55,661 | INFO     |     • vless       :    15 конфигов
2026-06-23 15:13:55,661 | INFO     |   📁 githubmirror/ru-sni:
2026-06-23 15:13:55,661 | INFO     |     • hysteria2   :     0 конфигов (  0.0% от clean)
2026-06-23 15:13:55,662 | INFO     |     • trojan      :     0 конфигов (  0.0% от clean)
2026-06-23 15:13:55,662 | INFO     |     • vless       :     1 конфигов (  6.7% от clean)
2026-06-23 15:13:55,662 | INFO     | 
2026-06-23 15:13:55,662 | INFO     |   ──────────────────────────────────────────────────
2026-06-23 15:13:55,662 | INFO     |   📈 ИТОГО:
2026-06-23 15:13:55,662 | INFO     |     Clean (после geo-фильтра):       17
2026-06-23 15:13:55,662 | INFO     |     RU-SNI (после SNI-фильтра):       1
2026-06-23 15:13:55,662 | INFO     |     Прошло фильтр:                  5.9%
2026-06-23 15:13:55,662 | INFO     |   ──────────────────────────────────────────────────
2026-06-23 15:13:55,662 | INFO     | ✅ Статистика сохранена: /home/runner/work/vpn-vless-configs-russia/vpn-vless-configs-russia/stats.json
2026-06-23 15:13:55,662 | INFO     | 
2026-06-23 15:13:55,662 | INFO     | ======================================================================
2026-06-23 15:13:55,662 | INFO     | 📊 ИТОГОВЫЙ ОТЧЁТ
2026-06-23 15:13:55,663 | INFO     | ======================================================================
2026-06-23 15:13:55,663 | INFO     |   ✅ OK         | Загрузка и geo-фильтрация
2026-06-23 15:13:55,663 | INFO     |   ✅ OK         | Фильтрация по реальному SNI
2026-06-23 15:13:55,663 | INFO     |   ✅ OK         | Экспериментальный RU-SNI фильтр
2026-06-23 15:13:55,663 | INFO     |   ✅ OK         | Сбор статистики
2026-06-23 15:13:55,663 | INFO     | ──────────────────────────────────────────────────────────────────────
2026-06-23 15:13:55,663 | INFO     | ✅ ВСЕ ЭТАПЫ УСПЕШНЫ (4/4)
2026-06-23 15:13:55,663 | INFO     | ⏰ Время завершения: 2026-06-23 15:13:55
2026-06-23 15:13:55,663 | INFO     | ======================================================================
