2026-05-21 09:55:04,647 | INFO     | ======================================================================
2026-05-21 09:55:04,647 | INFO     | 🔍 VPN KEY CHECKER - Начало проверки
2026-05-21 09:55:04,647 | INFO     | ⏰ Время старта: 2026-05-21 09:55:04
2026-05-21 09:55:04,647 | INFO     | 📂 Рабочая директория: /home/runner/work/vpn-vless-configs-russia/vpn-vless-configs-russia
2026-05-21 09:55:04,647 | INFO     | ======================================================================
2026-05-21 09:55:04,647 | INFO     | 
2026-05-21 09:55:04,647 | INFO     | 🔍 Проверка наличия скриптов...
2026-05-21 09:55:04,647 | INFO     |   ✅ mirror.py
2026-05-21 09:55:04,647 | INFO     |   ✅ filter_ru_sni.py
2026-05-21 09:55:04,647 | INFO     |   ✅ filter_ru_sni_local.py
2026-05-21 09:55:04,647 | INFO     | 
2026-05-21 09:55:04,647 | INFO     | 
2026-05-21 09:55:04,647 | INFO     | ──────────────────────────────────────────────────────────────────────
2026-05-21 09:55:04,647 | INFO     | 📌 ЭТАП: Загрузка и geo-фильтрация
2026-05-21 09:55:04,647 | INFO     | ──────────────────────────────────────────────────────────────────────
2026-05-21 09:55:04,648 | INFO     | 🚀 Запуск mirror.py (Загрузка и фильтрация по РФ/СНГ/Европа)...
2026-05-21 09:55:08,961 | INFO     |   → 🚀 Старт: всего источников (старые + новые): 10
2026-05-21 09:55:08,961 | INFO     |   → 1/10: ✅ 0 взято | 🗑️ 0 мусор
2026-05-21 09:55:08,961 | INFO     |   → 2/10: ✅ 0 взято | 🗑️ 0 мусор
2026-05-21 09:55:08,962 | INFO     |   → 3/10: ✅ 3 взято | 🗑️ 174 мусор
2026-05-21 09:55:08,962 | INFO     |   → 4/10: ✅ 0 взято | 🗑️ 0 мусор
2026-05-21 09:55:08,962 | INFO     |   → 5/10: ✅ 6 взято | 🗑️ 24 мусор
2026-05-21 09:55:08,962 | INFO     |   → 6/10: ✅ 0 взято | 🗑️ 24 мусор
2026-05-21 09:55:08,962 | INFO     |   → 7/10: ✅ 0 взято | 🗑️ 0 мусор
2026-05-21 09:55:08,962 | INFO     |   → 8/10: ✅ 3 взято | 🗑️ 263 мусор
2026-05-21 09:55:08,962 | INFO     |   → 9/10: ✅ 12 взято | 🗑️ 18 мусор
2026-05-21 09:55:08,962 | INFO     |   → 10/10: ✅ 0 взято | 🗑️ 0 мусор
2026-05-21 09:55:08,962 | INFO     |   → ✅ ГОТОВО!
2026-05-21 09:55:08,962 | INFO     |   →    📥 Всего ключей после фильтра: 24
2026-05-21 09:55:08,962 | INFO     |   →    🔗 Уникальных IP:PORT:SCHEME: 23
2026-05-21 09:55:08,962 | INFO     |   →    🗑️ Выброшено мусора: 503
2026-05-21 09:55:08,962 | INFO     |   → 📊 По протоколам:
2026-05-21 09:55:08,962 | INFO     |   →    vless: 13
2026-05-21 09:55:08,962 | INFO     |   →    vmess: 5
2026-05-21 09:55:08,962 | INFO     |   →    ss: 3
2026-05-21 09:55:08,962 | INFO     |   →    hysteria2: 2
2026-05-21 09:55:08,962 | INFO     | ✅ mirror.py завершён успешно
2026-05-21 09:55:08,962 | INFO     | 
2026-05-21 09:55:08,962 | INFO     | 
2026-05-21 09:55:08,962 | INFO     | ──────────────────────────────────────────────────────────────────────
2026-05-21 09:55:08,962 | INFO     | 📌 ЭТАП: Фильтрация по реальному SNI
2026-05-21 09:55:08,962 | INFO     | ──────────────────────────────────────────────────────────────────────
2026-05-21 09:55:08,962 | INFO     | 🚀 Запуск filter_ru_sni.py (Фильтр по реальному SNI (CDN+RU))...
2026-05-21 09:55:08,987 | INFO     |   → hysteria2.txt: 2 → 0 (SNI-filtered)
2026-05-21 09:55:08,987 | INFO     |   →   ss.txt: 3 → 0 (SNI-filtered)
2026-05-21 09:55:08,987 | INFO     |   →   vless.txt: 13 → 4 (SNI-filtered)
2026-05-21 09:55:08,987 | INFO     |   →   vmess.txt: 5 → 0 (SNI-filtered)
2026-05-21 09:55:08,987 | INFO     |   → ==================================================
2026-05-21 09:55:08,987 | INFO     |   →   Всего входных:  23
2026-05-21 09:55:08,987 | INFO     |   →   Прошли фильтр:  4
2026-05-21 09:55:08,987 | INFO     |   →   Отброшено:      19
2026-05-21 09:55:08,987 | INFO     |   → ==================================================
2026-05-21 09:55:08,987 | INFO     |   → Готово → /home/runner/work/vpn-vless-configs-russia/vpn-vless-configs-russia/githubmirror/ru-sni
2026-05-21 09:55:08,987 | INFO     | ✅ filter_ru_sni.py завершён успешно
2026-05-21 09:55:08,987 | INFO     | 
2026-05-21 09:55:08,987 | INFO     | 
2026-05-21 09:55:08,987 | INFO     | ──────────────────────────────────────────────────────────────────────
2026-05-21 09:55:08,987 | INFO     | 📌 ЭТАП: Экспериментальный RU-SNI фильтр
2026-05-21 09:55:08,987 | INFO     | ──────────────────────────────────────────────────────────────────────
2026-05-21 09:55:08,988 | INFO     | 🚀 Запуск filter_ru_sni_local.py (Экспериментальный фильтр по RU-SNI (локальные домены))...
2026-05-21 09:55:09,011 | INFO     |   → hysteria2.txt: 2 → 0 (RU-SNI)
2026-05-21 09:55:09,011 | INFO     |   → ss.txt: 3 → 0 (RU-SNI)
2026-05-21 09:55:09,011 | INFO     |   → vless.txt: 13 → 2 (RU-SNI)
2026-05-21 09:55:09,011 | INFO     |   → vmess.txt: 5 → 0 (RU-SNI)
2026-05-21 09:55:09,011 | INFO     |   → ==================================================
2026-05-21 09:55:09,011 | INFO     |   → Всего входных:  23
2026-05-21 09:55:09,011 | INFO     |   → Прошли RU-SNI:  2
2026-05-21 09:55:09,011 | INFO     |   → Отброшено:      21
2026-05-21 09:55:09,011 | INFO     |   → ==================================================
2026-05-21 09:55:09,011 | INFO     |   → Готово → /home/runner/work/vpn-vless-configs-russia/vpn-vless-configs-russia/githubmirror/ru-sni-local
2026-05-21 09:55:09,011 | INFO     | ✅ filter_ru_sni_local.py завершён успешно
2026-05-21 09:55:09,011 | INFO     | 
2026-05-21 09:55:09,011 | INFO     | 
2026-05-21 09:55:09,011 | INFO     | ──────────────────────────────────────────────────────────────────────
2026-05-21 09:55:09,011 | INFO     | 📌 ЭТАП: Сбор статистики
2026-05-21 09:55:09,011 | INFO     | ──────────────────────────────────────────────────────────────────────
2026-05-21 09:55:09,011 | INFO     | 📊 Сбор статистики...
2026-05-21 09:55:09,011 | INFO     |   📁 githubmirror/clean:
2026-05-21 09:55:09,012 | INFO     |     • hysteria2   :     2 конфигов
2026-05-21 09:55:09,012 | INFO     |     • ss          :     3 конфигов
2026-05-21 09:55:09,012 | INFO     |     • vless       :    13 конфигов
2026-05-21 09:55:09,012 | INFO     |     • vmess       :     5 конфигов
2026-05-21 09:55:09,012 | INFO     |   📁 githubmirror/ru-sni:
2026-05-21 09:55:09,012 | INFO     |     • hysteria2   :     0 конфигов (  0.0% от clean)
2026-05-21 09:55:09,012 | INFO     |     • ss          :     0 конфигов (  0.0% от clean)
2026-05-21 09:55:09,012 | INFO     |     • vless       :     4 конфигов ( 30.8% от clean)
2026-05-21 09:55:09,012 | INFO     |     • vmess       :     0 конфигов (  0.0% от clean)
2026-05-21 09:55:09,013 | INFO     | 
2026-05-21 09:55:09,013 | INFO     |   ──────────────────────────────────────────────────
2026-05-21 09:55:09,013 | INFO     |   📈 ИТОГО:
2026-05-21 09:55:09,013 | INFO     |     Clean (после geo-фильтра):       23
2026-05-21 09:55:09,013 | INFO     |     RU-SNI (после SNI-фильтра):       4
2026-05-21 09:55:09,013 | INFO     |     Прошло фильтр:                 17.4%
2026-05-21 09:55:09,013 | INFO     |   ──────────────────────────────────────────────────
2026-05-21 09:55:09,013 | INFO     | ✅ Статистика сохранена: /home/runner/work/vpn-vless-configs-russia/vpn-vless-configs-russia/stats.json
2026-05-21 09:55:09,013 | INFO     | 
2026-05-21 09:55:09,013 | INFO     | ======================================================================
2026-05-21 09:55:09,013 | INFO     | 📊 ИТОГОВЫЙ ОТЧЁТ
2026-05-21 09:55:09,013 | INFO     | ======================================================================
2026-05-21 09:55:09,013 | INFO     |   ✅ OK         | Загрузка и geo-фильтрация
2026-05-21 09:55:09,013 | INFO     |   ✅ OK         | Фильтрация по реальному SNI
2026-05-21 09:55:09,013 | INFO     |   ✅ OK         | Экспериментальный RU-SNI фильтр
2026-05-21 09:55:09,013 | INFO     |   ✅ OK         | Сбор статистики
2026-05-21 09:55:09,013 | INFO     | ──────────────────────────────────────────────────────────────────────
2026-05-21 09:55:09,013 | INFO     | ✅ ВСЕ ЭТАПЫ УСПЕШНЫ (4/4)
2026-05-21 09:55:09,013 | INFO     | ⏰ Время завершения: 2026-05-21 09:55:09
2026-05-21 09:55:09,013 | INFO     | ======================================================================
