2026-06-04 15:31:28,560 | INFO     | ======================================================================
2026-06-04 15:31:28,560 | INFO     | 🔍 VPN KEY CHECKER - Начало проверки
2026-06-04 15:31:28,560 | INFO     | ⏰ Время старта: 2026-06-04 15:31:28
2026-06-04 15:31:28,560 | INFO     | 📂 Рабочая директория: /home/runner/work/vpn-vless-configs-russia/vpn-vless-configs-russia
2026-06-04 15:31:28,560 | INFO     | ======================================================================
2026-06-04 15:31:28,561 | INFO     | 
2026-06-04 15:31:28,561 | INFO     | 🔍 Проверка наличия скриптов...
2026-06-04 15:31:28,561 | INFO     |   ✅ mirror.py
2026-06-04 15:31:28,561 | INFO     |   ✅ filter_ru_sni.py
2026-06-04 15:31:28,561 | INFO     |   ✅ filter_ru_sni_local.py
2026-06-04 15:31:28,561 | INFO     | 
2026-06-04 15:31:28,561 | INFO     | 
2026-06-04 15:31:28,561 | INFO     | ──────────────────────────────────────────────────────────────────────
2026-06-04 15:31:28,561 | INFO     | 📌 ЭТАП: Загрузка и geo-фильтрация
2026-06-04 15:31:28,561 | INFO     | ──────────────────────────────────────────────────────────────────────
2026-06-04 15:31:28,561 | INFO     | 🚀 Запуск mirror.py (Загрузка и фильтрация по РФ/СНГ/Европа)...
2026-06-04 15:31:32,939 | INFO     |   → 🚀 Старт: всего источников (старые + новые): 10
2026-06-04 15:31:32,939 | INFO     |   → 1/10: ✅ 0 взято | 🗑️ 0 мусор
2026-06-04 15:31:32,939 | INFO     |   → 2/10: ✅ 0 взято | 🗑️ 0 мусор
2026-06-04 15:31:32,939 | INFO     |   → 3/10: ✅ 10 взято | 🗑️ 151 мусор
2026-06-04 15:31:32,939 | INFO     |   → 4/10: ✅ 0 взято | 🗑️ 0 мусор
2026-06-04 15:31:32,939 | INFO     |   → 5/10: ✅ 3 взято | 🗑️ 145 мусор
2026-06-04 15:31:32,939 | INFO     |   → 6/10: ✅ 0 взято | 🗑️ 0 мусор
2026-06-04 15:31:32,939 | INFO     |   → 7/10: ✅ 13 взято | 🗑️ 7 мусор
2026-06-04 15:31:32,939 | INFO     |   → 8/10: ✅ 0 взято | 🗑️ 7 мусор
2026-06-04 15:31:32,939 | INFO     |   → 9/10: ✅ 8 взято | 🗑️ 19 мусор
2026-06-04 15:31:32,939 | INFO     |   → 10/10: ✅ 0 взято | 🗑️ 0 мусор
2026-06-04 15:31:32,939 | INFO     |   → ✅ ГОТОВО!
2026-06-04 15:31:32,939 | INFO     |   →    📥 Всего ключей после фильтра: 34
2026-06-04 15:31:32,939 | INFO     |   →    🔗 Уникальных IP:PORT:SCHEME: 28
2026-06-04 15:31:32,939 | INFO     |   →    🗑️ Выброшено мусора: 329
2026-06-04 15:31:32,939 | INFO     |   → 📊 По протоколам:
2026-06-04 15:31:32,940 | INFO     |   →    vless: 16
2026-06-04 15:31:32,940 | INFO     |   →    vmess: 4
2026-06-04 15:31:32,940 | INFO     |   →    trojan: 5
2026-06-04 15:31:32,940 | INFO     |   →    ss: 3
2026-06-04 15:31:32,940 | INFO     | ✅ mirror.py завершён успешно
2026-06-04 15:31:32,940 | INFO     | 
2026-06-04 15:31:32,940 | INFO     | 
2026-06-04 15:31:32,940 | INFO     | ──────────────────────────────────────────────────────────────────────
2026-06-04 15:31:32,940 | INFO     | 📌 ЭТАП: Фильтрация по реальному SNI
2026-06-04 15:31:32,940 | INFO     | ──────────────────────────────────────────────────────────────────────
2026-06-04 15:31:32,940 | INFO     | 🚀 Запуск filter_ru_sni.py (Фильтр по реальному SNI (CDN+RU))...
2026-06-04 15:31:32,968 | INFO     |   → ss.txt: 3 → 0 (SNI-filtered)
2026-06-04 15:31:32,968 | INFO     |   →   trojan.txt: 5 → 0 (SNI-filtered)
2026-06-04 15:31:32,968 | INFO     |   →   vless.txt: 16 → 4 (SNI-filtered)
2026-06-04 15:31:32,968 | INFO     |   →   vmess.txt: 4 → 0 (SNI-filtered)
2026-06-04 15:31:32,968 | INFO     |   → ==================================================
2026-06-04 15:31:32,968 | INFO     |   →   Всего входных:  28
2026-06-04 15:31:32,968 | INFO     |   →   Прошли фильтр:  4
2026-06-04 15:31:32,968 | INFO     |   →   Отброшено:      24
2026-06-04 15:31:32,968 | INFO     |   → ==================================================
2026-06-04 15:31:32,968 | INFO     |   → Готово → /home/runner/work/vpn-vless-configs-russia/vpn-vless-configs-russia/githubmirror/ru-sni
2026-06-04 15:31:32,968 | INFO     | ✅ filter_ru_sni.py завершён успешно
2026-06-04 15:31:32,968 | INFO     | 
2026-06-04 15:31:32,968 | INFO     | 
2026-06-04 15:31:32,968 | INFO     | ──────────────────────────────────────────────────────────────────────
2026-06-04 15:31:32,968 | INFO     | 📌 ЭТАП: Экспериментальный RU-SNI фильтр
2026-06-04 15:31:32,968 | INFO     | ──────────────────────────────────────────────────────────────────────
2026-06-04 15:31:32,968 | INFO     | 🚀 Запуск filter_ru_sni_local.py (Экспериментальный фильтр по RU-SNI (локальные домены))...
2026-06-04 15:31:32,995 | INFO     |   → ss.txt: 3 → 0 (RU-SNI)
2026-06-04 15:31:32,995 | INFO     |   → trojan.txt: 5 → 0 (RU-SNI)
2026-06-04 15:31:32,995 | INFO     |   → vless.txt: 16 → 1 (RU-SNI)
2026-06-04 15:31:32,995 | INFO     |   → vmess.txt: 4 → 0 (RU-SNI)
2026-06-04 15:31:32,995 | INFO     |   → ==================================================
2026-06-04 15:31:32,995 | INFO     |   → Всего входных:  28
2026-06-04 15:31:32,996 | INFO     |   → Прошли RU-SNI:  1
2026-06-04 15:31:32,996 | INFO     |   → Отброшено:      27
2026-06-04 15:31:32,996 | INFO     |   → ==================================================
2026-06-04 15:31:32,996 | INFO     |   → Готово → /home/runner/work/vpn-vless-configs-russia/vpn-vless-configs-russia/githubmirror/ru-sni-local
2026-06-04 15:31:32,996 | INFO     | ✅ filter_ru_sni_local.py завершён успешно
2026-06-04 15:31:32,996 | INFO     | 
2026-06-04 15:31:32,996 | INFO     | 
2026-06-04 15:31:32,996 | INFO     | ──────────────────────────────────────────────────────────────────────
2026-06-04 15:31:32,996 | INFO     | 📌 ЭТАП: Сбор статистики
2026-06-04 15:31:32,996 | INFO     | ──────────────────────────────────────────────────────────────────────
2026-06-04 15:31:32,996 | INFO     | 📊 Сбор статистики...
2026-06-04 15:31:32,996 | INFO     |   📁 githubmirror/clean:
2026-06-04 15:31:32,997 | INFO     |     • ss          :     3 конфигов
2026-06-04 15:31:32,997 | INFO     |     • trojan      :     5 конфигов
2026-06-04 15:31:32,997 | INFO     |     • vless       :    16 конфигов
2026-06-04 15:31:32,997 | INFO     |     • vmess       :     4 конфигов
2026-06-04 15:31:32,997 | INFO     |   📁 githubmirror/ru-sni:
2026-06-04 15:31:32,997 | INFO     |     • ss          :     0 конфигов (  0.0% от clean)
2026-06-04 15:31:32,997 | INFO     |     • trojan      :     0 конфигов (  0.0% от clean)
2026-06-04 15:31:32,998 | INFO     |     • vless       :     4 конфигов ( 25.0% от clean)
2026-06-04 15:31:32,998 | INFO     |     • vmess       :     0 конфигов (  0.0% от clean)
2026-06-04 15:31:32,998 | INFO     | 
2026-06-04 15:31:32,998 | INFO     |   ──────────────────────────────────────────────────
2026-06-04 15:31:32,998 | INFO     |   📈 ИТОГО:
2026-06-04 15:31:32,998 | INFO     |     Clean (после geo-фильтра):       28
2026-06-04 15:31:32,998 | INFO     |     RU-SNI (после SNI-фильтра):       4
2026-06-04 15:31:32,998 | INFO     |     Прошло фильтр:                 14.3%
2026-06-04 15:31:32,998 | INFO     |   ──────────────────────────────────────────────────
2026-06-04 15:31:32,998 | INFO     | ✅ Статистика сохранена: /home/runner/work/vpn-vless-configs-russia/vpn-vless-configs-russia/stats.json
2026-06-04 15:31:32,998 | INFO     | 
2026-06-04 15:31:32,998 | INFO     | ======================================================================
2026-06-04 15:31:32,999 | INFO     | 📊 ИТОГОВЫЙ ОТЧЁТ
2026-06-04 15:31:32,999 | INFO     | ======================================================================
2026-06-04 15:31:32,999 | INFO     |   ✅ OK         | Загрузка и geo-фильтрация
2026-06-04 15:31:32,999 | INFO     |   ✅ OK         | Фильтрация по реальному SNI
2026-06-04 15:31:32,999 | INFO     |   ✅ OK         | Экспериментальный RU-SNI фильтр
2026-06-04 15:31:32,999 | INFO     |   ✅ OK         | Сбор статистики
2026-06-04 15:31:32,999 | INFO     | ──────────────────────────────────────────────────────────────────────
2026-06-04 15:31:32,999 | INFO     | ✅ ВСЕ ЭТАПЫ УСПЕШНЫ (4/4)
2026-06-04 15:31:32,999 | INFO     | ⏰ Время завершения: 2026-06-04 15:31:32
2026-06-04 15:31:32,999 | INFO     | ======================================================================
