2026-06-03 17:02:36,647 | INFO     | ======================================================================
2026-06-03 17:02:36,647 | INFO     | 🔍 VPN KEY CHECKER - Начало проверки
2026-06-03 17:02:36,647 | INFO     | ⏰ Время старта: 2026-06-03 17:02:36
2026-06-03 17:02:36,647 | INFO     | 📂 Рабочая директория: /home/runner/work/vpn-vless-configs-russia/vpn-vless-configs-russia
2026-06-03 17:02:36,647 | INFO     | ======================================================================
2026-06-03 17:02:36,647 | INFO     | 
2026-06-03 17:02:36,647 | INFO     | 🔍 Проверка наличия скриптов...
2026-06-03 17:02:36,647 | INFO     |   ✅ mirror.py
2026-06-03 17:02:36,647 | INFO     |   ✅ filter_ru_sni.py
2026-06-03 17:02:36,648 | INFO     |   ✅ filter_ru_sni_local.py
2026-06-03 17:02:36,648 | INFO     | 
2026-06-03 17:02:36,648 | INFO     | 
2026-06-03 17:02:36,648 | INFO     | ──────────────────────────────────────────────────────────────────────
2026-06-03 17:02:36,648 | INFO     | 📌 ЭТАП: Загрузка и geo-фильтрация
2026-06-03 17:02:36,648 | INFO     | ──────────────────────────────────────────────────────────────────────
2026-06-03 17:02:36,648 | INFO     | 🚀 Запуск mirror.py (Загрузка и фильтрация по РФ/СНГ/Европа)...
2026-06-03 17:02:41,018 | INFO     |   → 🚀 Старт: всего источников (старые + новые): 10
2026-06-03 17:02:41,018 | INFO     |   → 1/10: ✅ 0 взято | 🗑️ 0 мусор
2026-06-03 17:02:41,018 | INFO     |   → 2/10: ✅ 0 взято | 🗑️ 0 мусор
2026-06-03 17:02:41,018 | INFO     |   → 3/10: ✅ 12 взято | 🗑️ 130 мусор
2026-06-03 17:02:41,018 | INFO     |   → 4/10: ✅ 0 взято | 🗑️ 0 мусор
2026-06-03 17:02:41,018 | INFO     |   → 5/10: ✅ 3 взято | 🗑️ 135 мусор
2026-06-03 17:02:41,018 | INFO     |   → 6/10: ✅ 0 взято | 🗑️ 0 мусор
2026-06-03 17:02:41,018 | INFO     |   → 7/10: ✅ 13 взято | 🗑️ 7 мусор
2026-06-03 17:02:41,019 | INFO     |   → 8/10: ✅ 0 взято | 🗑️ 7 мусор
2026-06-03 17:02:41,019 | INFO     |   → 9/10: ✅ 8 взято | 🗑️ 10 мусор
2026-06-03 17:02:41,019 | INFO     |   → 10/10: ✅ 0 взято | 🗑️ 0 мусор
2026-06-03 17:02:41,019 | INFO     |   → ✅ ГОТОВО!
2026-06-03 17:02:41,019 | INFO     |   →    📥 Всего ключей после фильтра: 36
2026-06-03 17:02:41,019 | INFO     |   →    🔗 Уникальных IP:PORT:SCHEME: 24
2026-06-03 17:02:41,019 | INFO     |   →    🗑️ Выброшено мусора: 289
2026-06-03 17:02:41,019 | INFO     |   → 📊 По протоколам:
2026-06-03 17:02:41,019 | INFO     |   →    vless: 15
2026-06-03 17:02:41,019 | INFO     |   →    vmess: 3
2026-06-03 17:02:41,019 | INFO     |   →    trojan: 2
2026-06-03 17:02:41,019 | INFO     |   →    ss: 4
2026-06-03 17:02:41,019 | INFO     | ✅ mirror.py завершён успешно
2026-06-03 17:02:41,019 | INFO     | 
2026-06-03 17:02:41,019 | INFO     | 
2026-06-03 17:02:41,019 | INFO     | ──────────────────────────────────────────────────────────────────────
2026-06-03 17:02:41,019 | INFO     | 📌 ЭТАП: Фильтрация по реальному SNI
2026-06-03 17:02:41,019 | INFO     | ──────────────────────────────────────────────────────────────────────
2026-06-03 17:02:41,019 | INFO     | 🚀 Запуск filter_ru_sni.py (Фильтр по реальному SNI (CDN+RU))...
2026-06-03 17:02:41,046 | INFO     |   → ss.txt: 4 → 0 (SNI-filtered)
2026-06-03 17:02:41,047 | INFO     |   →   trojan.txt: 2 → 0 (SNI-filtered)
2026-06-03 17:02:41,047 | INFO     |   →   vless.txt: 15 → 4 (SNI-filtered)
2026-06-03 17:02:41,047 | INFO     |   →   vmess.txt: 3 → 0 (SNI-filtered)
2026-06-03 17:02:41,047 | INFO     |   → ==================================================
2026-06-03 17:02:41,047 | INFO     |   →   Всего входных:  24
2026-06-03 17:02:41,047 | INFO     |   →   Прошли фильтр:  4
2026-06-03 17:02:41,047 | INFO     |   →   Отброшено:      20
2026-06-03 17:02:41,047 | INFO     |   → ==================================================
2026-06-03 17:02:41,047 | INFO     |   → Готово → /home/runner/work/vpn-vless-configs-russia/vpn-vless-configs-russia/githubmirror/ru-sni
2026-06-03 17:02:41,047 | INFO     | ✅ filter_ru_sni.py завершён успешно
2026-06-03 17:02:41,047 | INFO     | 
2026-06-03 17:02:41,047 | INFO     | 
2026-06-03 17:02:41,047 | INFO     | ──────────────────────────────────────────────────────────────────────
2026-06-03 17:02:41,047 | INFO     | 📌 ЭТАП: Экспериментальный RU-SNI фильтр
2026-06-03 17:02:41,047 | INFO     | ──────────────────────────────────────────────────────────────────────
2026-06-03 17:02:41,047 | INFO     | 🚀 Запуск filter_ru_sni_local.py (Экспериментальный фильтр по RU-SNI (локальные домены))...
2026-06-03 17:02:41,074 | INFO     |   → ss.txt: 4 → 0 (RU-SNI)
2026-06-03 17:02:41,074 | INFO     |   → trojan.txt: 2 → 0 (RU-SNI)
2026-06-03 17:02:41,074 | INFO     |   → vless.txt: 15 → 1 (RU-SNI)
2026-06-03 17:02:41,074 | INFO     |   → vmess.txt: 3 → 0 (RU-SNI)
2026-06-03 17:02:41,074 | INFO     |   → ==================================================
2026-06-03 17:02:41,074 | INFO     |   → Всего входных:  24
2026-06-03 17:02:41,074 | INFO     |   → Прошли RU-SNI:  1
2026-06-03 17:02:41,074 | INFO     |   → Отброшено:      23
2026-06-03 17:02:41,074 | INFO     |   → ==================================================
2026-06-03 17:02:41,074 | INFO     |   → Готово → /home/runner/work/vpn-vless-configs-russia/vpn-vless-configs-russia/githubmirror/ru-sni-local
2026-06-03 17:02:41,074 | INFO     | ✅ filter_ru_sni_local.py завершён успешно
2026-06-03 17:02:41,074 | INFO     | 
2026-06-03 17:02:41,074 | INFO     | 
2026-06-03 17:02:41,074 | INFO     | ──────────────────────────────────────────────────────────────────────
2026-06-03 17:02:41,074 | INFO     | 📌 ЭТАП: Сбор статистики
2026-06-03 17:02:41,074 | INFO     | ──────────────────────────────────────────────────────────────────────
2026-06-03 17:02:41,074 | INFO     | 📊 Сбор статистики...
2026-06-03 17:02:41,074 | INFO     |   📁 githubmirror/clean:
2026-06-03 17:02:41,075 | INFO     |     • ss          :     4 конфигов
2026-06-03 17:02:41,075 | INFO     |     • trojan      :     2 конфигов
2026-06-03 17:02:41,075 | INFO     |     • vless       :    15 конфигов
2026-06-03 17:02:41,075 | INFO     |     • vmess       :     3 конфигов
2026-06-03 17:02:41,075 | INFO     |   📁 githubmirror/ru-sni:
2026-06-03 17:02:41,075 | INFO     |     • ss          :     0 конфигов (  0.0% от clean)
2026-06-03 17:02:41,075 | INFO     |     • trojan      :     0 конфигов (  0.0% от clean)
2026-06-03 17:02:41,076 | INFO     |     • vless       :     4 конфигов ( 26.7% от clean)
2026-06-03 17:02:41,076 | INFO     |     • vmess       :     0 конфигов (  0.0% от clean)
2026-06-03 17:02:41,076 | INFO     | 
2026-06-03 17:02:41,076 | INFO     |   ──────────────────────────────────────────────────
2026-06-03 17:02:41,076 | INFO     |   📈 ИТОГО:
2026-06-03 17:02:41,076 | INFO     |     Clean (после geo-фильтра):       24
2026-06-03 17:02:41,076 | INFO     |     RU-SNI (после SNI-фильтра):       4
2026-06-03 17:02:41,076 | INFO     |     Прошло фильтр:                 16.7%
2026-06-03 17:02:41,076 | INFO     |   ──────────────────────────────────────────────────
2026-06-03 17:02:41,076 | INFO     | ✅ Статистика сохранена: /home/runner/work/vpn-vless-configs-russia/vpn-vless-configs-russia/stats.json
2026-06-03 17:02:41,076 | INFO     | 
2026-06-03 17:02:41,076 | INFO     | ======================================================================
2026-06-03 17:02:41,077 | INFO     | 📊 ИТОГОВЫЙ ОТЧЁТ
2026-06-03 17:02:41,077 | INFO     | ======================================================================
2026-06-03 17:02:41,077 | INFO     |   ✅ OK         | Загрузка и geo-фильтрация
2026-06-03 17:02:41,077 | INFO     |   ✅ OK         | Фильтрация по реальному SNI
2026-06-03 17:02:41,077 | INFO     |   ✅ OK         | Экспериментальный RU-SNI фильтр
2026-06-03 17:02:41,077 | INFO     |   ✅ OK         | Сбор статистики
2026-06-03 17:02:41,077 | INFO     | ──────────────────────────────────────────────────────────────────────
2026-06-03 17:02:41,077 | INFO     | ✅ ВСЕ ЭТАПЫ УСПЕШНЫ (4/4)
2026-06-03 17:02:41,077 | INFO     | ⏰ Время завершения: 2026-06-03 17:02:41
2026-06-03 17:02:41,077 | INFO     | ======================================================================
