2026-05-19 20:01:29,321 | INFO     | ======================================================================
2026-05-19 20:01:29,321 | INFO     | 🔍 VPN KEY CHECKER - Начало проверки
2026-05-19 20:01:29,321 | INFO     | ⏰ Время старта: 2026-05-19 20:01:29
2026-05-19 20:01:29,321 | INFO     | 📂 Рабочая директория: /home/runner/work/vpn-vless-configs-russia/vpn-vless-configs-russia
2026-05-19 20:01:29,321 | INFO     | ======================================================================
2026-05-19 20:01:29,321 | INFO     | 
2026-05-19 20:01:29,321 | INFO     | 🔍 Проверка наличия скриптов...
2026-05-19 20:01:29,321 | INFO     |   ✅ mirror.py
2026-05-19 20:01:29,321 | INFO     |   ✅ filter_ru_sni.py
2026-05-19 20:01:29,322 | INFO     |   ✅ filter_ru_sni_local.py
2026-05-19 20:01:29,322 | INFO     | 
2026-05-19 20:01:29,322 | INFO     | 
2026-05-19 20:01:29,322 | INFO     | ──────────────────────────────────────────────────────────────────────
2026-05-19 20:01:29,322 | INFO     | 📌 ЭТАП: Загрузка и geo-фильтрация
2026-05-19 20:01:29,322 | INFO     | ──────────────────────────────────────────────────────────────────────
2026-05-19 20:01:29,322 | INFO     | 🚀 Запуск mirror.py (Загрузка и фильтрация по РФ/СНГ/Европа)...
2026-05-19 20:01:32,559 | INFO     |   → 🚀 Старт: всего источников (старые + новые): 8
2026-05-19 20:01:32,559 | INFO     |   → 1/8: ✅ 0 взято | 🗑️ 0 мусор
2026-05-19 20:01:32,559 | INFO     |   → 2/8: ✅ 0 взято | 🗑️ 0 мусор
2026-05-19 20:01:32,559 | INFO     |   → 3/8: ✅ 3 взято | 🗑️ 161 мусор
2026-05-19 20:01:32,559 | INFO     |   → 4/8: ✅ 0 взято | 🗑️ 0 мусор
2026-05-19 20:01:32,559 | INFO     |   → 5/8: ✅ 6 взято | 🗑️ 17 мусор
2026-05-19 20:01:32,559 | INFO     |   → 6/8: ✅ 0 взято | 🗑️ 17 мусор
2026-05-19 20:01:32,559 | INFO     |   → 7/8: ✅ 6 взято | 🗑️ 15 мусор
2026-05-19 20:01:32,559 | INFO     |   → 8/8: ✅ 0 взято | 🗑️ 0 мусор
2026-05-19 20:01:32,560 | INFO     |   → ✅ ГОТОВО!
2026-05-19 20:01:32,560 | INFO     |   →    📥 Всего ключей после фильтра: 15
2026-05-19 20:01:32,560 | INFO     |   →    🔗 Уникальных IP:PORT:SCHEME: 15
2026-05-19 20:01:32,560 | INFO     |   →    🗑️ Выброшено мусора: 210
2026-05-19 20:01:32,560 | INFO     |   → 📊 По протоколам:
2026-05-19 20:01:32,560 | INFO     |   →    vless: 9
2026-05-19 20:01:32,560 | INFO     |   →    vmess: 4
2026-05-19 20:01:32,560 | INFO     |   →    ss: 1
2026-05-19 20:01:32,560 | INFO     |   →    hysteria2: 1
2026-05-19 20:01:32,560 | INFO     | ✅ mirror.py завершён успешно
2026-05-19 20:01:32,560 | INFO     | 
2026-05-19 20:01:32,560 | INFO     | 
2026-05-19 20:01:32,560 | INFO     | ──────────────────────────────────────────────────────────────────────
2026-05-19 20:01:32,560 | INFO     | 📌 ЭТАП: Фильтрация по реальному SNI
2026-05-19 20:01:32,560 | INFO     | ──────────────────────────────────────────────────────────────────────
2026-05-19 20:01:32,560 | INFO     | 🚀 Запуск filter_ru_sni.py (Фильтр по реальному SNI (CDN+RU))...
2026-05-19 20:01:32,587 | INFO     |   → hysteria2.txt: 1 → 0 (SNI-filtered)
2026-05-19 20:01:32,587 | INFO     |   →   ss.txt: 1 → 0 (SNI-filtered)
2026-05-19 20:01:32,587 | INFO     |   →   vless.txt: 9 → 2 (SNI-filtered)
2026-05-19 20:01:32,587 | INFO     |   →   vmess.txt: 4 → 0 (SNI-filtered)
2026-05-19 20:01:32,587 | INFO     |   → ==================================================
2026-05-19 20:01:32,587 | INFO     |   →   Всего входных:  15
2026-05-19 20:01:32,587 | INFO     |   →   Прошли фильтр:  2
2026-05-19 20:01:32,587 | INFO     |   →   Отброшено:      13
2026-05-19 20:01:32,588 | INFO     |   → ==================================================
2026-05-19 20:01:32,588 | INFO     |   → Готово → /home/runner/work/vpn-vless-configs-russia/vpn-vless-configs-russia/githubmirror/ru-sni
2026-05-19 20:01:32,588 | INFO     | ✅ filter_ru_sni.py завершён успешно
2026-05-19 20:01:32,588 | INFO     | 
2026-05-19 20:01:32,588 | INFO     | 
2026-05-19 20:01:32,588 | INFO     | ──────────────────────────────────────────────────────────────────────
2026-05-19 20:01:32,588 | INFO     | 📌 ЭТАП: Экспериментальный RU-SNI фильтр
2026-05-19 20:01:32,588 | INFO     | ──────────────────────────────────────────────────────────────────────
2026-05-19 20:01:32,588 | INFO     | 🚀 Запуск filter_ru_sni_local.py (Экспериментальный фильтр по RU-SNI (локальные домены))...
2026-05-19 20:01:32,614 | INFO     |   → hysteria2.txt: 1 → 0 (RU-SNI)
2026-05-19 20:01:32,614 | INFO     |   → ss.txt: 1 → 0 (RU-SNI)
2026-05-19 20:01:32,615 | INFO     |   → vless.txt: 9 → 1 (RU-SNI)
2026-05-19 20:01:32,615 | INFO     |   → vmess.txt: 4 → 0 (RU-SNI)
2026-05-19 20:01:32,615 | INFO     |   → ==================================================
2026-05-19 20:01:32,615 | INFO     |   → Всего входных:  15
2026-05-19 20:01:32,615 | INFO     |   → Прошли RU-SNI:  1
2026-05-19 20:01:32,615 | INFO     |   → Отброшено:      14
2026-05-19 20:01:32,615 | INFO     |   → ==================================================
2026-05-19 20:01:32,615 | INFO     |   → Готово → /home/runner/work/vpn-vless-configs-russia/vpn-vless-configs-russia/githubmirror/ru-sni-local
2026-05-19 20:01:32,615 | INFO     | ✅ filter_ru_sni_local.py завершён успешно
2026-05-19 20:01:32,615 | INFO     | 
2026-05-19 20:01:32,615 | INFO     | 
2026-05-19 20:01:32,615 | INFO     | ──────────────────────────────────────────────────────────────────────
2026-05-19 20:01:32,615 | INFO     | 📌 ЭТАП: Сбор статистики
2026-05-19 20:01:32,615 | INFO     | ──────────────────────────────────────────────────────────────────────
2026-05-19 20:01:32,615 | INFO     | 📊 Сбор статистики...
2026-05-19 20:01:32,615 | INFO     |   📁 githubmirror/clean:
2026-05-19 20:01:32,616 | INFO     |     • hysteria2   :     1 конфигов
2026-05-19 20:01:32,616 | INFO     |     • ss          :     1 конфигов
2026-05-19 20:01:32,616 | INFO     |     • vless       :     9 конфигов
2026-05-19 20:01:32,616 | INFO     |     • vmess       :     4 конфигов
2026-05-19 20:01:32,616 | INFO     |   📁 githubmirror/ru-sni:
2026-05-19 20:01:32,616 | INFO     |     • hysteria2   :     0 конфигов (  0.0% от clean)
2026-05-19 20:01:32,616 | INFO     |     • ss          :     0 конфигов (  0.0% от clean)
2026-05-19 20:01:32,617 | INFO     |     • vless       :     2 конфигов ( 22.2% от clean)
2026-05-19 20:01:32,617 | INFO     |     • vmess       :     0 конфигов (  0.0% от clean)
2026-05-19 20:01:32,617 | INFO     | 
2026-05-19 20:01:32,617 | INFO     |   ──────────────────────────────────────────────────
2026-05-19 20:01:32,617 | INFO     |   📈 ИТОГО:
2026-05-19 20:01:32,617 | INFO     |     Clean (после geo-фильтра):       15
2026-05-19 20:01:32,617 | INFO     |     RU-SNI (после SNI-фильтра):       2
2026-05-19 20:01:32,617 | INFO     |     Прошло фильтр:                 13.3%
2026-05-19 20:01:32,617 | INFO     |   ──────────────────────────────────────────────────
2026-05-19 20:01:32,617 | INFO     | ✅ Статистика сохранена: /home/runner/work/vpn-vless-configs-russia/vpn-vless-configs-russia/stats.json
2026-05-19 20:01:32,617 | INFO     | 
2026-05-19 20:01:32,617 | INFO     | ======================================================================
2026-05-19 20:01:32,618 | INFO     | 📊 ИТОГОВЫЙ ОТЧЁТ
2026-05-19 20:01:32,618 | INFO     | ======================================================================
2026-05-19 20:01:32,618 | INFO     |   ✅ OK         | Загрузка и geo-фильтрация
2026-05-19 20:01:32,618 | INFO     |   ✅ OK         | Фильтрация по реальному SNI
2026-05-19 20:01:32,618 | INFO     |   ✅ OK         | Экспериментальный RU-SNI фильтр
2026-05-19 20:01:32,618 | INFO     |   ✅ OK         | Сбор статистики
2026-05-19 20:01:32,618 | INFO     | ──────────────────────────────────────────────────────────────────────
2026-05-19 20:01:32,618 | INFO     | ✅ ВСЕ ЭТАПЫ УСПЕШНЫ (4/4)
2026-05-19 20:01:32,618 | INFO     | ⏰ Время завершения: 2026-05-19 20:01:32
2026-05-19 20:01:32,618 | INFO     | ======================================================================
