2026-05-31 08:55:19,899 | INFO     | ======================================================================
2026-05-31 08:55:19,899 | INFO     | 🔍 VPN KEY CHECKER - Начало проверки
2026-05-31 08:55:19,899 | INFO     | ⏰ Время старта: 2026-05-31 08:55:19
2026-05-31 08:55:19,899 | INFO     | 📂 Рабочая директория: /home/runner/work/vpn-vless-configs-russia/vpn-vless-configs-russia
2026-05-31 08:55:19,899 | INFO     | ======================================================================
2026-05-31 08:55:19,899 | INFO     | 
2026-05-31 08:55:19,899 | INFO     | 🔍 Проверка наличия скриптов...
2026-05-31 08:55:19,899 | INFO     |   ✅ mirror.py
2026-05-31 08:55:19,899 | INFO     |   ✅ filter_ru_sni.py
2026-05-31 08:55:19,899 | INFO     |   ✅ filter_ru_sni_local.py
2026-05-31 08:55:19,899 | INFO     | 
2026-05-31 08:55:19,899 | INFO     | 
2026-05-31 08:55:19,899 | INFO     | ──────────────────────────────────────────────────────────────────────
2026-05-31 08:55:19,899 | INFO     | 📌 ЭТАП: Загрузка и geo-фильтрация
2026-05-31 08:55:19,899 | INFO     | ──────────────────────────────────────────────────────────────────────
2026-05-31 08:55:19,900 | INFO     | 🚀 Запуск mirror.py (Загрузка и фильтрация по РФ/СНГ/Европа)...
2026-05-31 08:55:23,855 | INFO     |   → 🚀 Старт: всего источников (старые + новые): 10
2026-05-31 08:55:23,855 | INFO     |   → 1/10: ✅ 0 взято | 🗑️ 0 мусор
2026-05-31 08:55:23,855 | INFO     |   → 2/10: ✅ 0 взято | 🗑️ 0 мусор
2026-05-31 08:55:23,855 | INFO     |   → 3/10: ✅ 0 взято | 🗑️ 0 мусор
2026-05-31 08:55:23,855 | INFO     |   → 4/10: ✅ 8 взято | 🗑️ 142 мусор
2026-05-31 08:55:23,855 | INFO     |   → 5/10: ✅ 0 взято | 🗑️ 103 мусор
2026-05-31 08:55:23,855 | INFO     |   → 6/10: ✅ 0 взято | 🗑️ 0 мусор
2026-05-31 08:55:23,855 | INFO     |   → 7/10: ✅ 6 взято | 🗑️ 24 мусор
2026-05-31 08:55:23,855 | INFO     |   → 8/10: ✅ 0 взято | 🗑️ 24 мусор
2026-05-31 08:55:23,855 | INFO     |   → 9/10: ✅ 12 взято | 🗑️ 12 мусор
2026-05-31 08:55:23,855 | INFO     |   → 10/10: ✅ 0 взято | 🗑️ 0 мусор
2026-05-31 08:55:23,855 | INFO     |   → ✅ ГОТОВО!
2026-05-31 08:55:23,855 | INFO     |   →    📥 Всего ключей после фильтра: 26
2026-05-31 08:55:23,855 | INFO     |   →    🔗 Уникальных IP:PORT:SCHEME: 22
2026-05-31 08:55:23,855 | INFO     |   →    🗑️ Выброшено мусора: 305
2026-05-31 08:55:23,855 | INFO     |   → 📊 По протоколам:
2026-05-31 08:55:23,855 | INFO     |   →    vless: 16
2026-05-31 08:55:23,856 | INFO     |   →    vmess: 1
2026-05-31 08:55:23,856 | INFO     |   →    trojan: 1
2026-05-31 08:55:23,856 | INFO     |   →    ss: 4
2026-05-31 08:55:23,856 | INFO     | ✅ mirror.py завершён успешно
2026-05-31 08:55:23,856 | INFO     | 
2026-05-31 08:55:23,856 | INFO     | 
2026-05-31 08:55:23,856 | INFO     | ──────────────────────────────────────────────────────────────────────
2026-05-31 08:55:23,856 | INFO     | 📌 ЭТАП: Фильтрация по реальному SNI
2026-05-31 08:55:23,856 | INFO     | ──────────────────────────────────────────────────────────────────────
2026-05-31 08:55:23,856 | INFO     | 🚀 Запуск filter_ru_sni.py (Фильтр по реальному SNI (CDN+RU))...
2026-05-31 08:55:23,881 | INFO     |   → ss.txt: 4 → 0 (SNI-filtered)
2026-05-31 08:55:23,881 | INFO     |   →   trojan.txt: 1 → 0 (SNI-filtered)
2026-05-31 08:55:23,881 | INFO     |   →   vless.txt: 16 → 9 (SNI-filtered)
2026-05-31 08:55:23,881 | INFO     |   →   vmess.txt: 1 → 0 (SNI-filtered)
2026-05-31 08:55:23,881 | INFO     |   → ==================================================
2026-05-31 08:55:23,881 | INFO     |   →   Всего входных:  22
2026-05-31 08:55:23,882 | INFO     |   →   Прошли фильтр:  9
2026-05-31 08:55:23,882 | INFO     |   →   Отброшено:      13
2026-05-31 08:55:23,882 | INFO     |   → ==================================================
2026-05-31 08:55:23,882 | INFO     |   → Готово → /home/runner/work/vpn-vless-configs-russia/vpn-vless-configs-russia/githubmirror/ru-sni
2026-05-31 08:55:23,882 | INFO     | ✅ filter_ru_sni.py завершён успешно
2026-05-31 08:55:23,882 | INFO     | 
2026-05-31 08:55:23,882 | INFO     | 
2026-05-31 08:55:23,882 | INFO     | ──────────────────────────────────────────────────────────────────────
2026-05-31 08:55:23,882 | INFO     | 📌 ЭТАП: Экспериментальный RU-SNI фильтр
2026-05-31 08:55:23,882 | INFO     | ──────────────────────────────────────────────────────────────────────
2026-05-31 08:55:23,882 | INFO     | 🚀 Запуск filter_ru_sni_local.py (Экспериментальный фильтр по RU-SNI (локальные домены))...
2026-05-31 08:55:23,905 | INFO     |   → ss.txt: 4 → 0 (RU-SNI)
2026-05-31 08:55:23,905 | INFO     |   → trojan.txt: 1 → 0 (RU-SNI)
2026-05-31 08:55:23,906 | INFO     |   → vless.txt: 16 → 1 (RU-SNI)
2026-05-31 08:55:23,906 | INFO     |   → vmess.txt: 1 → 0 (RU-SNI)
2026-05-31 08:55:23,906 | INFO     |   → ==================================================
2026-05-31 08:55:23,906 | INFO     |   → Всего входных:  22
2026-05-31 08:55:23,906 | INFO     |   → Прошли RU-SNI:  1
2026-05-31 08:55:23,906 | INFO     |   → Отброшено:      21
2026-05-31 08:55:23,906 | INFO     |   → ==================================================
2026-05-31 08:55:23,906 | INFO     |   → Готово → /home/runner/work/vpn-vless-configs-russia/vpn-vless-configs-russia/githubmirror/ru-sni-local
2026-05-31 08:55:23,906 | INFO     | ✅ filter_ru_sni_local.py завершён успешно
2026-05-31 08:55:23,906 | INFO     | 
2026-05-31 08:55:23,906 | INFO     | 
2026-05-31 08:55:23,906 | INFO     | ──────────────────────────────────────────────────────────────────────
2026-05-31 08:55:23,906 | INFO     | 📌 ЭТАП: Сбор статистики
2026-05-31 08:55:23,906 | INFO     | ──────────────────────────────────────────────────────────────────────
2026-05-31 08:55:23,906 | INFO     | 📊 Сбор статистики...
2026-05-31 08:55:23,906 | INFO     |   📁 githubmirror/clean:
2026-05-31 08:55:23,906 | INFO     |     • ss          :     4 конфигов
2026-05-31 08:55:23,906 | INFO     |     • trojan      :     1 конфигов
2026-05-31 08:55:23,907 | INFO     |     • vless       :    16 конфигов
2026-05-31 08:55:23,907 | INFO     |     • vmess       :     1 конфигов
2026-05-31 08:55:23,907 | INFO     |   📁 githubmirror/ru-sni:
2026-05-31 08:55:23,907 | INFO     |     • ss          :     0 конфигов (  0.0% от clean)
2026-05-31 08:55:23,907 | INFO     |     • trojan      :     0 конфигов (  0.0% от clean)
2026-05-31 08:55:23,907 | INFO     |     • vless       :     9 конфигов ( 56.2% от clean)
2026-05-31 08:55:23,907 | INFO     |     • vmess       :     0 конфигов (  0.0% от clean)
2026-05-31 08:55:23,907 | INFO     | 
2026-05-31 08:55:23,907 | INFO     |   ──────────────────────────────────────────────────
2026-05-31 08:55:23,907 | INFO     |   📈 ИТОГО:
2026-05-31 08:55:23,907 | INFO     |     Clean (после geo-фильтра):       22
2026-05-31 08:55:23,907 | INFO     |     RU-SNI (после SNI-фильтра):       9
2026-05-31 08:55:23,907 | INFO     |     Прошло фильтр:                 40.9%
2026-05-31 08:55:23,907 | INFO     |   ──────────────────────────────────────────────────
2026-05-31 08:55:23,908 | INFO     | ✅ Статистика сохранена: /home/runner/work/vpn-vless-configs-russia/vpn-vless-configs-russia/stats.json
2026-05-31 08:55:23,908 | INFO     | 
2026-05-31 08:55:23,908 | INFO     | ======================================================================
2026-05-31 08:55:23,908 | INFO     | 📊 ИТОГОВЫЙ ОТЧЁТ
2026-05-31 08:55:23,908 | INFO     | ======================================================================
2026-05-31 08:55:23,908 | INFO     |   ✅ OK         | Загрузка и geo-фильтрация
2026-05-31 08:55:23,908 | INFO     |   ✅ OK         | Фильтрация по реальному SNI
2026-05-31 08:55:23,908 | INFO     |   ✅ OK         | Экспериментальный RU-SNI фильтр
2026-05-31 08:55:23,908 | INFO     |   ✅ OK         | Сбор статистики
2026-05-31 08:55:23,908 | INFO     | ──────────────────────────────────────────────────────────────────────
2026-05-31 08:55:23,908 | INFO     | ✅ ВСЕ ЭТАПЫ УСПЕШНЫ (4/4)
2026-05-31 08:55:23,908 | INFO     | ⏰ Время завершения: 2026-05-31 08:55:23
2026-05-31 08:55:23,908 | INFO     | ======================================================================
