2026-05-24 04:08:28,021 | INFO     | ======================================================================
2026-05-24 04:08:28,021 | INFO     | 🔍 VPN KEY CHECKER - Начало проверки
2026-05-24 04:08:28,021 | INFO     | ⏰ Время старта: 2026-05-24 04:08:28
2026-05-24 04:08:28,021 | INFO     | 📂 Рабочая директория: /home/runner/work/vpn-vless-configs-russia/vpn-vless-configs-russia
2026-05-24 04:08:28,021 | INFO     | ======================================================================
2026-05-24 04:08:28,021 | INFO     | 
2026-05-24 04:08:28,021 | INFO     | 🔍 Проверка наличия скриптов...
2026-05-24 04:08:28,021 | INFO     |   ✅ mirror.py
2026-05-24 04:08:28,021 | INFO     |   ✅ filter_ru_sni.py
2026-05-24 04:08:28,021 | INFO     |   ✅ filter_ru_sni_local.py
2026-05-24 04:08:28,022 | INFO     | 
2026-05-24 04:08:28,022 | INFO     | 
2026-05-24 04:08:28,022 | INFO     | ──────────────────────────────────────────────────────────────────────
2026-05-24 04:08:28,022 | INFO     | 📌 ЭТАП: Загрузка и geo-фильтрация
2026-05-24 04:08:28,022 | INFO     | ──────────────────────────────────────────────────────────────────────
2026-05-24 04:08:28,022 | INFO     | 🚀 Запуск mirror.py (Загрузка и фильтрация по РФ/СНГ/Европа)...
2026-05-24 04:08:35,012 | INFO     |   → 🚀 Старт: всего источников (старые + новые): 12
2026-05-24 04:08:35,012 | INFO     |   → 1/12: ✅ 0 взято | 🗑️ 0 мусор
2026-05-24 04:08:35,012 | INFO     |   → 2/12: ✅ 0 взято | 🗑️ 0 мусор
2026-05-24 04:08:35,012 | INFO     |   → 3/12: ✅ 0 взято | 🗑️ 0 мусор
2026-05-24 04:08:35,012 | INFO     |   → 4/12: ✅ 11 взято | 🗑️ 268 мусор
2026-05-24 04:08:35,012 | INFO     |   → 5/12: ✅ 3 взято | 🗑️ 170 мусор
2026-05-24 04:08:35,012 | INFO     |   → 6/12: ✅ 0 взято | 🗑️ 0 мусор
2026-05-24 04:08:35,012 | INFO     |   → 7/12: ✅ 6 взято | 🗑️ 24 мусор
2026-05-24 04:08:35,012 | INFO     |   → 8/12: ✅ 0 взято | 🗑️ 24 мусор
2026-05-24 04:08:35,012 | INFO     |   → 9/12: ✅ 0 взято | 🗑️ 0 мусор
2026-05-24 04:08:35,012 | INFO     |   → 10/12: ✅ 3 взято | 🗑️ 322 мусор
2026-05-24 04:08:35,012 | INFO     |   → 11/12: ✅ 4 взято | 🗑️ 21 мусор
2026-05-24 04:08:35,012 | INFO     |   → 12/12: ✅ 0 взято | 🗑️ 0 мусор
2026-05-24 04:08:35,012 | INFO     |   → ✅ ГОТОВО!
2026-05-24 04:08:35,013 | INFO     |   →    📥 Всего ключей после фильтра: 27
2026-05-24 04:08:35,013 | INFO     |   →    🔗 Уникальных IP:PORT:SCHEME: 24
2026-05-24 04:08:35,013 | INFO     |   →    🗑️ Выброшено мусора: 829
2026-05-24 04:08:35,013 | INFO     |   → 📊 По протоколам:
2026-05-24 04:08:35,013 | INFO     |   →    vless: 11
2026-05-24 04:08:35,013 | INFO     |   →    vmess: 7
2026-05-24 04:08:35,013 | INFO     |   →    trojan: 2
2026-05-24 04:08:35,013 | INFO     |   →    ss: 3
2026-05-24 04:08:35,013 | INFO     |   →    hysteria2: 1
2026-05-24 04:08:35,013 | INFO     | ✅ mirror.py завершён успешно
2026-05-24 04:08:35,013 | INFO     | 
2026-05-24 04:08:35,013 | INFO     | 
2026-05-24 04:08:35,013 | INFO     | ──────────────────────────────────────────────────────────────────────
2026-05-24 04:08:35,013 | INFO     | 📌 ЭТАП: Фильтрация по реальному SNI
2026-05-24 04:08:35,013 | INFO     | ──────────────────────────────────────────────────────────────────────
2026-05-24 04:08:35,013 | INFO     | 🚀 Запуск filter_ru_sni.py (Фильтр по реальному SNI (CDN+RU))...
2026-05-24 04:08:35,038 | INFO     |   → hysteria2.txt: 1 → 1 (SNI-filtered)
2026-05-24 04:08:35,038 | INFO     |   →   ss.txt: 3 → 0 (SNI-filtered)
2026-05-24 04:08:35,038 | INFO     |   →   trojan.txt: 2 → 0 (SNI-filtered)
2026-05-24 04:08:35,038 | INFO     |   →   vless.txt: 11 → 4 (SNI-filtered)
2026-05-24 04:08:35,038 | INFO     |   →   vmess.txt: 7 → 0 (SNI-filtered)
2026-05-24 04:08:35,038 | INFO     |   → ==================================================
2026-05-24 04:08:35,038 | INFO     |   →   Всего входных:  24
2026-05-24 04:08:35,038 | INFO     |   →   Прошли фильтр:  5
2026-05-24 04:08:35,038 | INFO     |   →   Отброшено:      19
2026-05-24 04:08:35,038 | INFO     |   → ==================================================
2026-05-24 04:08:35,038 | INFO     |   → Готово → /home/runner/work/vpn-vless-configs-russia/vpn-vless-configs-russia/githubmirror/ru-sni
2026-05-24 04:08:35,038 | INFO     | ✅ filter_ru_sni.py завершён успешно
2026-05-24 04:08:35,038 | INFO     | 
2026-05-24 04:08:35,038 | INFO     | 
2026-05-24 04:08:35,039 | INFO     | ──────────────────────────────────────────────────────────────────────
2026-05-24 04:08:35,039 | INFO     | 📌 ЭТАП: Экспериментальный RU-SNI фильтр
2026-05-24 04:08:35,039 | INFO     | ──────────────────────────────────────────────────────────────────────
2026-05-24 04:08:35,039 | INFO     | 🚀 Запуск filter_ru_sni_local.py (Экспериментальный фильтр по RU-SNI (локальные домены))...
2026-05-24 04:08:35,063 | INFO     |   → hysteria2.txt: 1 → 0 (RU-SNI)
2026-05-24 04:08:35,063 | INFO     |   → ss.txt: 3 → 0 (RU-SNI)
2026-05-24 04:08:35,063 | INFO     |   → trojan.txt: 2 → 0 (RU-SNI)
2026-05-24 04:08:35,063 | INFO     |   → vless.txt: 11 → 1 (RU-SNI)
2026-05-24 04:08:35,063 | INFO     |   → vmess.txt: 7 → 0 (RU-SNI)
2026-05-24 04:08:35,063 | INFO     |   → ==================================================
2026-05-24 04:08:35,063 | INFO     |   → Всего входных:  24
2026-05-24 04:08:35,063 | INFO     |   → Прошли RU-SNI:  1
2026-05-24 04:08:35,063 | INFO     |   → Отброшено:      23
2026-05-24 04:08:35,063 | INFO     |   → ==================================================
2026-05-24 04:08:35,063 | INFO     |   → Готово → /home/runner/work/vpn-vless-configs-russia/vpn-vless-configs-russia/githubmirror/ru-sni-local
2026-05-24 04:08:35,063 | INFO     | ✅ filter_ru_sni_local.py завершён успешно
2026-05-24 04:08:35,063 | INFO     | 
2026-05-24 04:08:35,063 | INFO     | 
2026-05-24 04:08:35,063 | INFO     | ──────────────────────────────────────────────────────────────────────
2026-05-24 04:08:35,063 | INFO     | 📌 ЭТАП: Сбор статистики
2026-05-24 04:08:35,063 | INFO     | ──────────────────────────────────────────────────────────────────────
2026-05-24 04:08:35,063 | INFO     | 📊 Сбор статистики...
2026-05-24 04:08:35,063 | INFO     |   📁 githubmirror/clean:
2026-05-24 04:08:35,064 | INFO     |     • hysteria2   :     1 конфигов
2026-05-24 04:08:35,064 | INFO     |     • ss          :     3 конфигов
2026-05-24 04:08:35,064 | INFO     |     • trojan      :     2 конфигов
2026-05-24 04:08:35,064 | INFO     |     • vless       :    11 конфигов
2026-05-24 04:08:35,064 | INFO     |     • vmess       :     7 конфигов
2026-05-24 04:08:35,064 | INFO     |   📁 githubmirror/ru-sni:
2026-05-24 04:08:35,064 | INFO     |     • hysteria2   :     1 конфигов (100.0% от clean)
2026-05-24 04:08:35,064 | INFO     |     • ss          :     0 конфигов (  0.0% от clean)
2026-05-24 04:08:35,064 | INFO     |     • trojan      :     0 конфигов (  0.0% от clean)
2026-05-24 04:08:35,064 | INFO     |     • vless       :     4 конфигов ( 36.4% от clean)
2026-05-24 04:08:35,064 | INFO     |     • vmess       :     0 конфигов (  0.0% от clean)
2026-05-24 04:08:35,064 | INFO     | 
2026-05-24 04:08:35,064 | INFO     |   ──────────────────────────────────────────────────
2026-05-24 04:08:35,065 | INFO     |   📈 ИТОГО:
2026-05-24 04:08:35,065 | INFO     |     Clean (после geo-фильтра):       24
2026-05-24 04:08:35,065 | INFO     |     RU-SNI (после SNI-фильтра):       5
2026-05-24 04:08:35,065 | INFO     |     Прошло фильтр:                 20.8%
2026-05-24 04:08:35,065 | INFO     |   ──────────────────────────────────────────────────
2026-05-24 04:08:35,065 | INFO     | ✅ Статистика сохранена: /home/runner/work/vpn-vless-configs-russia/vpn-vless-configs-russia/stats.json
2026-05-24 04:08:35,065 | INFO     | 
2026-05-24 04:08:35,065 | INFO     | ======================================================================
2026-05-24 04:08:35,065 | INFO     | 📊 ИТОГОВЫЙ ОТЧЁТ
2026-05-24 04:08:35,065 | INFO     | ======================================================================
2026-05-24 04:08:35,065 | INFO     |   ✅ OK         | Загрузка и geo-фильтрация
2026-05-24 04:08:35,065 | INFO     |   ✅ OK         | Фильтрация по реальному SNI
2026-05-24 04:08:35,065 | INFO     |   ✅ OK         | Экспериментальный RU-SNI фильтр
2026-05-24 04:08:35,065 | INFO     |   ✅ OK         | Сбор статистики
2026-05-24 04:08:35,065 | INFO     | ──────────────────────────────────────────────────────────────────────
2026-05-24 04:08:35,065 | INFO     | ✅ ВСЕ ЭТАПЫ УСПЕШНЫ (4/4)
2026-05-24 04:08:35,065 | INFO     | ⏰ Время завершения: 2026-05-24 04:08:35
2026-05-24 04:08:35,065 | INFO     | ======================================================================
