2026-06-14 19:45:28,271 | INFO     | ======================================================================
2026-06-14 19:45:28,271 | INFO     | 🔍 VPN KEY CHECKER - Начало проверки
2026-06-14 19:45:28,271 | INFO     | ⏰ Время старта: 2026-06-14 19:45:28
2026-06-14 19:45:28,271 | INFO     | 📂 Рабочая директория: /home/runner/work/vpn-vless-configs-russia/vpn-vless-configs-russia
2026-06-14 19:45:28,271 | INFO     | ======================================================================
2026-06-14 19:45:28,271 | INFO     | 
2026-06-14 19:45:28,271 | INFO     | 🔍 Проверка наличия скриптов...
2026-06-14 19:45:28,271 | INFO     |   ✅ mirror.py
2026-06-14 19:45:28,271 | INFO     |   ✅ filter_ru_sni.py
2026-06-14 19:45:28,271 | INFO     |   ✅ filter_ru_sni_local.py
2026-06-14 19:45:28,272 | INFO     | 
2026-06-14 19:45:28,272 | INFO     | 
2026-06-14 19:45:28,272 | INFO     | ──────────────────────────────────────────────────────────────────────
2026-06-14 19:45:28,272 | INFO     | 📌 ЭТАП: Загрузка и geo-фильтрация
2026-06-14 19:45:28,272 | INFO     | ──────────────────────────────────────────────────────────────────────
2026-06-14 19:45:28,272 | INFO     | 🚀 Запуск mirror.py (Загрузка и фильтрация по РФ/СНГ/Европа)...
2026-06-14 19:45:31,362 | INFO     |   → 🚀 Старт: всего источников (старые + новые): 8
2026-06-14 19:45:31,362 | INFO     |   → 1/8: ✅ 0 взято | 🗑️ 0 мусор
2026-06-14 19:45:31,362 | INFO     |   → 2/8: ✅ 0 взято | 🗑️ 0 мусор
2026-06-14 19:45:31,362 | INFO     |   → 3/8: ✅ 0 взято | 🗑️ 0 мусор
2026-06-14 19:45:31,362 | INFO     |   → 4/8: ✅ 1 взято | 🗑️ 169 мусор
2026-06-14 19:45:31,362 | INFO     |   → 5/8: ✅ 1 взято | 🗑️ 171 мусор
2026-06-14 19:45:31,362 | INFO     |   → 6/8: ✅ 0 взято | 🗑️ 0 мусор
2026-06-14 19:45:31,362 | INFO     |   → 7/8: ✅ 5 взято | 🗑️ 9 мусор
2026-06-14 19:45:31,362 | INFO     |   → 8/8: ✅ 0 взято | 🗑️ 9 мусор
2026-06-14 19:45:31,363 | INFO     |   → ✅ ГОТОВО!
2026-06-14 19:45:31,363 | INFO     |   →    📥 Всего ключей после фильтра: 7
2026-06-14 19:45:31,363 | INFO     |   →    🔗 Уникальных IP:PORT:SCHEME: 7
2026-06-14 19:45:31,363 | INFO     |   →    🗑️ Выброшено мусора: 358
2026-06-14 19:45:31,363 | INFO     |   → 📊 По протоколам:
2026-06-14 19:45:31,363 | INFO     |   →    vless: 6
2026-06-14 19:45:31,363 | INFO     |   →    vmess: 1
2026-06-14 19:45:31,363 | INFO     | ✅ mirror.py завершён успешно
2026-06-14 19:45:31,363 | INFO     | 
2026-06-14 19:45:31,363 | INFO     | 
2026-06-14 19:45:31,363 | INFO     | ──────────────────────────────────────────────────────────────────────
2026-06-14 19:45:31,363 | INFO     | 📌 ЭТАП: Фильтрация по реальному SNI
2026-06-14 19:45:31,363 | INFO     | ──────────────────────────────────────────────────────────────────────
2026-06-14 19:45:31,363 | INFO     | 🚀 Запуск filter_ru_sni.py (Фильтр по реальному SNI (CDN+RU))...
2026-06-14 19:45:31,389 | INFO     |   → vless.txt: 6 → 1 (SNI-filtered)
2026-06-14 19:45:31,390 | INFO     |   →   vmess.txt: 1 → 0 (SNI-filtered)
2026-06-14 19:45:31,390 | INFO     |   → ==================================================
2026-06-14 19:45:31,390 | INFO     |   →   Всего входных:  7
2026-06-14 19:45:31,390 | INFO     |   →   Прошли фильтр:  1
2026-06-14 19:45:31,390 | INFO     |   →   Отброшено:      6
2026-06-14 19:45:31,390 | INFO     |   → ==================================================
2026-06-14 19:45:31,390 | INFO     |   → Готово → /home/runner/work/vpn-vless-configs-russia/vpn-vless-configs-russia/githubmirror/ru-sni
2026-06-14 19:45:31,390 | INFO     | ✅ filter_ru_sni.py завершён успешно
2026-06-14 19:45:31,390 | INFO     | 
2026-06-14 19:45:31,390 | INFO     | 
2026-06-14 19:45:31,390 | INFO     | ──────────────────────────────────────────────────────────────────────
2026-06-14 19:45:31,390 | INFO     | 📌 ЭТАП: Экспериментальный RU-SNI фильтр
2026-06-14 19:45:31,390 | INFO     | ──────────────────────────────────────────────────────────────────────
2026-06-14 19:45:31,390 | INFO     | 🚀 Запуск filter_ru_sni_local.py (Экспериментальный фильтр по RU-SNI (локальные домены))...
2026-06-14 19:45:31,416 | INFO     |   → vless.txt: 6 → 0 (RU-SNI)
2026-06-14 19:45:31,416 | INFO     |   → vmess.txt: 1 → 0 (RU-SNI)
2026-06-14 19:45:31,416 | INFO     |   → ==================================================
2026-06-14 19:45:31,416 | INFO     |   → Всего входных:  7
2026-06-14 19:45:31,416 | INFO     |   → Прошли RU-SNI:  0
2026-06-14 19:45:31,416 | INFO     |   → Отброшено:      7
2026-06-14 19:45:31,417 | INFO     |   → ==================================================
2026-06-14 19:45:31,417 | INFO     |   → Готово → /home/runner/work/vpn-vless-configs-russia/vpn-vless-configs-russia/githubmirror/ru-sni-local
2026-06-14 19:45:31,417 | INFO     | ✅ filter_ru_sni_local.py завершён успешно
2026-06-14 19:45:31,417 | INFO     | 
2026-06-14 19:45:31,417 | INFO     | 
2026-06-14 19:45:31,417 | INFO     | ──────────────────────────────────────────────────────────────────────
2026-06-14 19:45:31,417 | INFO     | 📌 ЭТАП: Сбор статистики
2026-06-14 19:45:31,417 | INFO     | ──────────────────────────────────────────────────────────────────────
2026-06-14 19:45:31,417 | INFO     | 📊 Сбор статистики...
2026-06-14 19:45:31,417 | INFO     |   📁 githubmirror/clean:
2026-06-14 19:45:31,417 | INFO     |     • vless       :     6 конфигов
2026-06-14 19:45:31,418 | INFO     |     • vmess       :     1 конфигов
2026-06-14 19:45:31,418 | INFO     |   📁 githubmirror/ru-sni:
2026-06-14 19:45:31,418 | INFO     |     • vless       :     1 конфигов ( 16.7% от clean)
2026-06-14 19:45:31,418 | INFO     |     • vmess       :     0 конфигов (  0.0% от clean)
2026-06-14 19:45:31,418 | INFO     | 
2026-06-14 19:45:31,418 | INFO     |   ──────────────────────────────────────────────────
2026-06-14 19:45:31,418 | INFO     |   📈 ИТОГО:
2026-06-14 19:45:31,418 | INFO     |     Clean (после geo-фильтра):        7
2026-06-14 19:45:31,418 | INFO     |     RU-SNI (после SNI-фильтра):       1
2026-06-14 19:45:31,418 | INFO     |     Прошло фильтр:                 14.3%
2026-06-14 19:45:31,418 | INFO     |   ──────────────────────────────────────────────────
2026-06-14 19:45:31,419 | INFO     | ✅ Статистика сохранена: /home/runner/work/vpn-vless-configs-russia/vpn-vless-configs-russia/stats.json
2026-06-14 19:45:31,419 | INFO     | 
2026-06-14 19:45:31,419 | INFO     | ======================================================================
2026-06-14 19:45:31,419 | INFO     | 📊 ИТОГОВЫЙ ОТЧЁТ
2026-06-14 19:45:31,419 | INFO     | ======================================================================
2026-06-14 19:45:31,419 | INFO     |   ✅ OK         | Загрузка и geo-фильтрация
2026-06-14 19:45:31,419 | INFO     |   ✅ OK         | Фильтрация по реальному SNI
2026-06-14 19:45:31,419 | INFO     |   ✅ OK         | Экспериментальный RU-SNI фильтр
2026-06-14 19:45:31,419 | INFO     |   ✅ OK         | Сбор статистики
2026-06-14 19:45:31,419 | INFO     | ──────────────────────────────────────────────────────────────────────
2026-06-14 19:45:31,419 | INFO     | ✅ ВСЕ ЭТАПЫ УСПЕШНЫ (4/4)
2026-06-14 19:45:31,419 | INFO     | ⏰ Время завершения: 2026-06-14 19:45:31
2026-06-14 19:45:31,419 | INFO     | ======================================================================
