2026-05-04 08:38:40,326 | INFO     | ======================================================================
2026-05-04 08:38:40,326 | INFO     | 🔍 VPN KEY CHECKER - Начало проверки
2026-05-04 08:38:40,326 | INFO     | ⏰ Время старта: 2026-05-04 08:38:40
2026-05-04 08:38:40,326 | INFO     | 📂 Рабочая директория: /home/runner/work/vpn-vless-configs-russia/vpn-vless-configs-russia
2026-05-04 08:38:40,326 | INFO     | ======================================================================
2026-05-04 08:38:40,326 | INFO     | 
2026-05-04 08:38:40,326 | INFO     | 🔍 Проверка наличия скриптов...
2026-05-04 08:38:40,327 | INFO     |   ✅ mirror.py
2026-05-04 08:38:40,327 | INFO     |   ✅ filter_ru_sni.py
2026-05-04 08:38:40,327 | INFO     |   ✅ filter_ru_sni_local.py
2026-05-04 08:38:40,327 | INFO     | 
2026-05-04 08:38:40,327 | INFO     | 
2026-05-04 08:38:40,327 | INFO     | ──────────────────────────────────────────────────────────────────────
2026-05-04 08:38:40,327 | INFO     | 📌 ЭТАП: Загрузка и geo-фильтрация
2026-05-04 08:38:40,327 | INFO     | ──────────────────────────────────────────────────────────────────────
2026-05-04 08:38:40,327 | INFO     | 🚀 Запуск mirror.py (Загрузка и фильтрация по РФ/СНГ/Европа)...
2026-05-04 08:38:43,196 | INFO     |   → 🚀 Старт: всего источников (старые + новые): 6
2026-05-04 08:38:43,197 | INFO     |   → 1/6: ✅ 0 взято | 🗑️ 0 мусор
2026-05-04 08:38:43,197 | INFO     |   → 2/6: ✅ 0 взято | 🗑️ 0 мусор
2026-05-04 08:38:43,197 | INFO     |   → 3/6: ✅ 1 взято | 🗑️ 135 мусор
2026-05-04 08:38:43,197 | INFO     |   → 4/6: ✅ 0 взято | 🗑️ 0 мусор
2026-05-04 08:38:43,197 | INFO     |   → 5/6: ✅ 5 взято | 🗑️ 15 мусор
2026-05-04 08:38:43,197 | INFO     |   → 6/6: ✅ 0 взято | 🗑️ 15 мусор
2026-05-04 08:38:43,197 | INFO     |   → ✅ ГОТОВО!
2026-05-04 08:38:43,197 | INFO     |   →    📥 Всего ключей после фильтра: 6
2026-05-04 08:38:43,197 | INFO     |   →    🔗 Уникальных IP:PORT:SCHEME: 6
2026-05-04 08:38:43,197 | INFO     |   →    🗑️ Выброшено мусора: 165
2026-05-04 08:38:43,197 | INFO     |   → 📊 По протоколам:
2026-05-04 08:38:43,197 | INFO     |   →    vless: 4
2026-05-04 08:38:43,197 | INFO     |   →    vmess: 1
2026-05-04 08:38:43,197 | INFO     |   →    trojan: 1
2026-05-04 08:38:43,197 | INFO     | ✅ mirror.py завершён успешно
2026-05-04 08:38:43,197 | INFO     | 
2026-05-04 08:38:43,197 | INFO     | 
2026-05-04 08:38:43,198 | INFO     | ──────────────────────────────────────────────────────────────────────
2026-05-04 08:38:43,198 | INFO     | 📌 ЭТАП: Фильтрация по реальному SNI
2026-05-04 08:38:43,198 | INFO     | ──────────────────────────────────────────────────────────────────────
2026-05-04 08:38:43,198 | INFO     | 🚀 Запуск filter_ru_sni.py (Фильтр по реальному SNI (CDN+RU))...
2026-05-04 08:38:43,224 | INFO     |   → trojan.txt: 1 → 0 (SNI-filtered)
2026-05-04 08:38:43,224 | INFO     |   →   vless.txt: 4 → 0 (SNI-filtered)
2026-05-04 08:38:43,224 | INFO     |   →   vmess.txt: 1 → 0 (SNI-filtered)
2026-05-04 08:38:43,224 | INFO     |   → ==================================================
2026-05-04 08:38:43,224 | INFO     |   →   Всего входных:  6
2026-05-04 08:38:43,224 | INFO     |   →   Прошли фильтр:  0
2026-05-04 08:38:43,224 | INFO     |   →   Отброшено:      6
2026-05-04 08:38:43,224 | INFO     |   → ==================================================
2026-05-04 08:38:43,224 | INFO     |   → Готово → /home/runner/work/vpn-vless-configs-russia/vpn-vless-configs-russia/githubmirror/ru-sni
2026-05-04 08:38:43,225 | INFO     | ✅ filter_ru_sni.py завершён успешно
2026-05-04 08:38:43,225 | INFO     | 
2026-05-04 08:38:43,225 | INFO     | 
2026-05-04 08:38:43,225 | INFO     | ──────────────────────────────────────────────────────────────────────
2026-05-04 08:38:43,225 | INFO     | 📌 ЭТАП: Экспериментальный RU-SNI фильтр
2026-05-04 08:38:43,225 | INFO     | ──────────────────────────────────────────────────────────────────────
2026-05-04 08:38:43,225 | INFO     | 🚀 Запуск filter_ru_sni_local.py (Экспериментальный фильтр по RU-SNI (локальные домены))...
2026-05-04 08:38:43,250 | INFO     |   → trojan.txt: 1 → 0 (RU-SNI)
2026-05-04 08:38:43,250 | INFO     |   → vless.txt: 4 → 0 (RU-SNI)
2026-05-04 08:38:43,250 | INFO     |   → vmess.txt: 1 → 0 (RU-SNI)
2026-05-04 08:38:43,250 | INFO     |   → ==================================================
2026-05-04 08:38:43,250 | INFO     |   → Всего входных:  6
2026-05-04 08:38:43,250 | INFO     |   → Прошли RU-SNI:  0
2026-05-04 08:38:43,250 | INFO     |   → Отброшено:      6
2026-05-04 08:38:43,250 | INFO     |   → ==================================================
2026-05-04 08:38:43,250 | INFO     |   → Готово → /home/runner/work/vpn-vless-configs-russia/vpn-vless-configs-russia/githubmirror/ru-sni-local
2026-05-04 08:38:43,250 | INFO     | ✅ filter_ru_sni_local.py завершён успешно
2026-05-04 08:38:43,250 | INFO     | 
2026-05-04 08:38:43,250 | INFO     | 
2026-05-04 08:38:43,251 | INFO     | ──────────────────────────────────────────────────────────────────────
2026-05-04 08:38:43,251 | INFO     | 📌 ЭТАП: Сбор статистики
2026-05-04 08:38:43,251 | INFO     | ──────────────────────────────────────────────────────────────────────
2026-05-04 08:38:43,251 | INFO     | 📊 Сбор статистики...
2026-05-04 08:38:43,251 | INFO     |   📁 githubmirror/clean:
2026-05-04 08:38:43,251 | INFO     |     • trojan      :     1 конфигов
2026-05-04 08:38:43,251 | INFO     |     • vless       :     4 конфигов
2026-05-04 08:38:43,251 | INFO     |     • vmess       :     1 конфигов
2026-05-04 08:38:43,251 | INFO     |   📁 githubmirror/ru-sni:
2026-05-04 08:38:43,251 | INFO     |     • trojan      :     0 конфигов (  0.0% от clean)
2026-05-04 08:38:43,252 | INFO     |     • vless       :     0 конфигов (  0.0% от clean)
2026-05-04 08:38:43,252 | INFO     |     • vmess       :     0 конфигов (  0.0% от clean)
2026-05-04 08:38:43,252 | INFO     | 
2026-05-04 08:38:43,252 | INFO     |   ──────────────────────────────────────────────────
2026-05-04 08:38:43,252 | INFO     |   📈 ИТОГО:
2026-05-04 08:38:43,252 | INFO     |     Clean (после geo-фильтра):        6
2026-05-04 08:38:43,252 | INFO     |     RU-SNI (после SNI-фильтра):       0
2026-05-04 08:38:43,252 | INFO     |     Прошло фильтр:                  0.0%
2026-05-04 08:38:43,252 | INFO     |   ──────────────────────────────────────────────────
2026-05-04 08:38:43,252 | INFO     | ✅ Статистика сохранена: /home/runner/work/vpn-vless-configs-russia/vpn-vless-configs-russia/stats.json
2026-05-04 08:38:43,252 | INFO     | 
2026-05-04 08:38:43,252 | INFO     | ======================================================================
2026-05-04 08:38:43,252 | INFO     | 📊 ИТОГОВЫЙ ОТЧЁТ
2026-05-04 08:38:43,253 | INFO     | ======================================================================
2026-05-04 08:38:43,253 | INFO     |   ✅ OK         | Загрузка и geo-фильтрация
2026-05-04 08:38:43,253 | INFO     |   ✅ OK         | Фильтрация по реальному SNI
2026-05-04 08:38:43,253 | INFO     |   ✅ OK         | Экспериментальный RU-SNI фильтр
2026-05-04 08:38:43,253 | INFO     |   ✅ OK         | Сбор статистики
2026-05-04 08:38:43,253 | INFO     | ──────────────────────────────────────────────────────────────────────
2026-05-04 08:38:43,253 | INFO     | ✅ ВСЕ ЭТАПЫ УСПЕШНЫ (4/4)
2026-05-04 08:38:43,253 | INFO     | ⏰ Время завершения: 2026-05-04 08:38:43
2026-05-04 08:38:43,253 | INFO     | ======================================================================
