2026-06-28 19:39:13,247 | INFO     | ======================================================================
2026-06-28 19:39:13,247 | INFO     | 🔍 VPN KEY CHECKER - Начало проверки
2026-06-28 19:39:13,247 | INFO     | ⏰ Время старта: 2026-06-28 19:39:13
2026-06-28 19:39:13,248 | INFO     | 📂 Рабочая директория: /home/runner/work/vpn-vless-configs-russia/vpn-vless-configs-russia
2026-06-28 19:39:13,248 | INFO     | ======================================================================
2026-06-28 19:39:13,248 | INFO     | 
2026-06-28 19:39:13,248 | INFO     | 🔍 Проверка наличия скриптов...
2026-06-28 19:39:13,248 | INFO     |   ✅ mirror.py
2026-06-28 19:39:13,248 | INFO     |   ✅ filter_ru_sni.py
2026-06-28 19:39:13,248 | INFO     |   ✅ filter_ru_sni_local.py
2026-06-28 19:39:13,248 | INFO     | 
2026-06-28 19:39:13,248 | INFO     | 
2026-06-28 19:39:13,248 | INFO     | ──────────────────────────────────────────────────────────────────────
2026-06-28 19:39:13,248 | INFO     | 📌 ЭТАП: Загрузка и geo-фильтрация
2026-06-28 19:39:13,248 | INFO     | ──────────────────────────────────────────────────────────────────────
2026-06-28 19:39:13,248 | INFO     | 🚀 Запуск mirror.py (Загрузка и фильтрация по РФ/СНГ/Европа)...
2026-06-28 19:39:16,287 | INFO     |   → 🚀 Старт: всего источников (старые + новые): 8
2026-06-28 19:39:16,287 | INFO     |   → 1/8: ✅ 0 взято | 🗑️ 0 мусор
2026-06-28 19:39:16,287 | INFO     |   → 2/8: ✅ 0 взято | 🗑️ 0 мусор
2026-06-28 19:39:16,287 | INFO     |   → 3/8: ✅ 6 взято | 🗑️ 60 мусор
2026-06-28 19:39:16,287 | INFO     |   → 4/8: ✅ 0 взято | 🗑️ 0 мусор
2026-06-28 19:39:16,287 | INFO     |   → 5/8: ✅ 3 взято | 🗑️ 180 мусор
2026-06-28 19:39:16,287 | INFO     |   → 6/8: ✅ 0 взято | 🗑️ 0 мусор
2026-06-28 19:39:16,287 | INFO     |   → 7/8: ✅ 13 взято | 🗑️ 10 мусор
2026-06-28 19:39:16,287 | INFO     |   → 8/8: ✅ 0 взято | 🗑️ 10 мусор
2026-06-28 19:39:16,287 | INFO     |   → ✅ ГОТОВО!
2026-06-28 19:39:16,287 | INFO     |   →    📥 Всего ключей после фильтра: 22
2026-06-28 19:39:16,287 | INFO     |   →    🔗 Уникальных IP:PORT:SCHEME: 18
2026-06-28 19:39:16,287 | INFO     |   →    🗑️ Выброшено мусора: 260
2026-06-28 19:39:16,287 | INFO     |   → 📊 По протоколам:
2026-06-28 19:39:16,287 | INFO     |   →    vless: 16
2026-06-28 19:39:16,288 | INFO     |   →    trojan: 2
2026-06-28 19:39:16,288 | INFO     | ✅ mirror.py завершён успешно
2026-06-28 19:39:16,288 | INFO     | 
2026-06-28 19:39:16,288 | INFO     | 
2026-06-28 19:39:16,288 | INFO     | ──────────────────────────────────────────────────────────────────────
2026-06-28 19:39:16,288 | INFO     | 📌 ЭТАП: Фильтрация по реальному SNI
2026-06-28 19:39:16,288 | INFO     | ──────────────────────────────────────────────────────────────────────
2026-06-28 19:39:16,288 | INFO     | 🚀 Запуск filter_ru_sni.py (Фильтр по реальному SNI (CDN+RU))...
2026-06-28 19:39:16,315 | INFO     |   → trojan.txt: 2 → 0 (SNI-filtered)
2026-06-28 19:39:16,315 | INFO     |   →   vless.txt: 16 → 1 (SNI-filtered)
2026-06-28 19:39:16,315 | INFO     |   → ==================================================
2026-06-28 19:39:16,315 | INFO     |   →   Всего входных:  18
2026-06-28 19:39:16,315 | INFO     |   →   Прошли фильтр:  1
2026-06-28 19:39:16,315 | INFO     |   →   Отброшено:      17
2026-06-28 19:39:16,315 | INFO     |   → ==================================================
2026-06-28 19:39:16,315 | INFO     |   → Готово → /home/runner/work/vpn-vless-configs-russia/vpn-vless-configs-russia/githubmirror/ru-sni
2026-06-28 19:39:16,315 | INFO     | ✅ filter_ru_sni.py завершён успешно
2026-06-28 19:39:16,315 | INFO     | 
2026-06-28 19:39:16,315 | INFO     | 
2026-06-28 19:39:16,315 | INFO     | ──────────────────────────────────────────────────────────────────────
2026-06-28 19:39:16,315 | INFO     | 📌 ЭТАП: Экспериментальный RU-SNI фильтр
2026-06-28 19:39:16,315 | INFO     | ──────────────────────────────────────────────────────────────────────
2026-06-28 19:39:16,315 | INFO     | 🚀 Запуск filter_ru_sni_local.py (Экспериментальный фильтр по RU-SNI (локальные домены))...
2026-06-28 19:39:16,341 | INFO     |   → trojan.txt: 2 → 0 (RU-SNI)
2026-06-28 19:39:16,341 | INFO     |   → vless.txt: 16 → 0 (RU-SNI)
2026-06-28 19:39:16,341 | INFO     |   → ==================================================
2026-06-28 19:39:16,341 | INFO     |   → Всего входных:  18
2026-06-28 19:39:16,341 | INFO     |   → Прошли RU-SNI:  0
2026-06-28 19:39:16,341 | INFO     |   → Отброшено:      18
2026-06-28 19:39:16,341 | INFO     |   → ==================================================
2026-06-28 19:39:16,341 | INFO     |   → Готово → /home/runner/work/vpn-vless-configs-russia/vpn-vless-configs-russia/githubmirror/ru-sni-local
2026-06-28 19:39:16,341 | INFO     | ✅ filter_ru_sni_local.py завершён успешно
2026-06-28 19:39:16,341 | INFO     | 
2026-06-28 19:39:16,341 | INFO     | 
2026-06-28 19:39:16,341 | INFO     | ──────────────────────────────────────────────────────────────────────
2026-06-28 19:39:16,341 | INFO     | 📌 ЭТАП: Сбор статистики
2026-06-28 19:39:16,342 | INFO     | ──────────────────────────────────────────────────────────────────────
2026-06-28 19:39:16,342 | INFO     | 📊 Сбор статистики...
2026-06-28 19:39:16,342 | INFO     |   📁 githubmirror/clean:
2026-06-28 19:39:16,342 | INFO     |     • trojan      :     2 конфигов
2026-06-28 19:39:16,342 | INFO     |     • vless       :    16 конфигов
2026-06-28 19:39:16,342 | INFO     |   📁 githubmirror/ru-sni:
2026-06-28 19:39:16,342 | INFO     |     • trojan      :     0 конфигов (  0.0% от clean)
2026-06-28 19:39:16,342 | INFO     |     • vless       :     1 конфигов (  6.2% от clean)
2026-06-28 19:39:16,343 | INFO     | 
2026-06-28 19:39:16,343 | INFO     |   ──────────────────────────────────────────────────
2026-06-28 19:39:16,343 | INFO     |   📈 ИТОГО:
2026-06-28 19:39:16,343 | INFO     |     Clean (после geo-фильтра):       18
2026-06-28 19:39:16,343 | INFO     |     RU-SNI (после SNI-фильтра):       1
2026-06-28 19:39:16,343 | INFO     |     Прошло фильтр:                  5.6%
2026-06-28 19:39:16,343 | INFO     |   ──────────────────────────────────────────────────
2026-06-28 19:39:16,343 | INFO     | ✅ Статистика сохранена: /home/runner/work/vpn-vless-configs-russia/vpn-vless-configs-russia/stats.json
2026-06-28 19:39:16,343 | INFO     | 
2026-06-28 19:39:16,343 | INFO     | ======================================================================
2026-06-28 19:39:16,343 | INFO     | 📊 ИТОГОВЫЙ ОТЧЁТ
2026-06-28 19:39:16,343 | INFO     | ======================================================================
2026-06-28 19:39:16,343 | INFO     |   ✅ OK         | Загрузка и geo-фильтрация
2026-06-28 19:39:16,343 | INFO     |   ✅ OK         | Фильтрация по реальному SNI
2026-06-28 19:39:16,343 | INFO     |   ✅ OK         | Экспериментальный RU-SNI фильтр
2026-06-28 19:39:16,344 | INFO     |   ✅ OK         | Сбор статистики
2026-06-28 19:39:16,344 | INFO     | ──────────────────────────────────────────────────────────────────────
2026-06-28 19:39:16,344 | INFO     | ✅ ВСЕ ЭТАПЫ УСПЕШНЫ (4/4)
2026-06-28 19:39:16,344 | INFO     | ⏰ Время завершения: 2026-06-28 19:39:16
2026-06-28 19:39:16,344 | INFO     | ======================================================================
