2026-05-31 04:21:17,275 | INFO     | ======================================================================
2026-05-31 04:21:17,275 | INFO     | 🔍 VPN KEY CHECKER - Начало проверки
2026-05-31 04:21:17,275 | INFO     | ⏰ Время старта: 2026-05-31 04:21:17
2026-05-31 04:21:17,275 | INFO     | 📂 Рабочая директория: /home/runner/work/vpn-vless-configs-russia/vpn-vless-configs-russia
2026-05-31 04:21:17,275 | INFO     | ======================================================================
2026-05-31 04:21:17,276 | INFO     | 
2026-05-31 04:21:17,276 | INFO     | 🔍 Проверка наличия скриптов...
2026-05-31 04:21:17,276 | INFO     |   ✅ mirror.py
2026-05-31 04:21:17,276 | INFO     |   ✅ filter_ru_sni.py
2026-05-31 04:21:17,276 | INFO     |   ✅ filter_ru_sni_local.py
2026-05-31 04:21:17,276 | INFO     | 
2026-05-31 04:21:17,276 | INFO     | 
2026-05-31 04:21:17,276 | INFO     | ──────────────────────────────────────────────────────────────────────
2026-05-31 04:21:17,276 | INFO     | 📌 ЭТАП: Загрузка и geo-фильтрация
2026-05-31 04:21:17,276 | INFO     | ──────────────────────────────────────────────────────────────────────
2026-05-31 04:21:17,276 | INFO     | 🚀 Запуск mirror.py (Загрузка и фильтрация по РФ/СНГ/Европа)...
2026-05-31 04:21:21,148 | INFO     |   → 🚀 Старт: всего источников (старые + новые): 10
2026-05-31 04:21:21,148 | INFO     |   → 1/10: ✅ 0 взято | 🗑️ 0 мусор
2026-05-31 04:21:21,148 | INFO     |   → 2/10: ✅ 0 взято | 🗑️ 0 мусор
2026-05-31 04:21:21,148 | INFO     |   → 3/10: ✅ 0 взято | 🗑️ 0 мусор
2026-05-31 04:21:21,148 | INFO     |   → 4/10: ✅ 8 взято | 🗑️ 142 мусор
2026-05-31 04:21:21,148 | INFO     |   → 5/10: ✅ 1 взято | 🗑️ 113 мусор
2026-05-31 04:21:21,148 | INFO     |   → 6/10: ✅ 0 взято | 🗑️ 0 мусор
2026-05-31 04:21:21,148 | INFO     |   → 7/10: ✅ 6 взято | 🗑️ 24 мусор
2026-05-31 04:21:21,148 | INFO     |   → 8/10: ✅ 0 взято | 🗑️ 24 мусор
2026-05-31 04:21:21,148 | INFO     |   → 9/10: ✅ 16 взято | 🗑️ 11 мусор
2026-05-31 04:21:21,148 | INFO     |   → 10/10: ✅ 0 взято | 🗑️ 0 мусор
2026-05-31 04:21:21,148 | INFO     |   → ✅ ГОТОВО!
2026-05-31 04:21:21,148 | INFO     |   →    📥 Всего ключей после фильтра: 31
2026-05-31 04:21:21,148 | INFO     |   →    🔗 Уникальных IP:PORT:SCHEME: 26
2026-05-31 04:21:21,148 | INFO     |   →    🗑️ Выброшено мусора: 314
2026-05-31 04:21:21,148 | INFO     |   → 📊 По протоколам:
2026-05-31 04:21:21,148 | INFO     |   →    vless: 22
2026-05-31 04:21:21,148 | INFO     |   →    vmess: 2
2026-05-31 04:21:21,148 | INFO     |   →    ss: 2
2026-05-31 04:21:21,148 | INFO     | ✅ mirror.py завершён успешно
2026-05-31 04:21:21,148 | INFO     | 
2026-05-31 04:21:21,148 | INFO     | 
2026-05-31 04:21:21,148 | INFO     | ──────────────────────────────────────────────────────────────────────
2026-05-31 04:21:21,148 | INFO     | 📌 ЭТАП: Фильтрация по реальному SNI
2026-05-31 04:21:21,148 | INFO     | ──────────────────────────────────────────────────────────────────────
2026-05-31 04:21:21,149 | INFO     | 🚀 Запуск filter_ru_sni.py (Фильтр по реальному SNI (CDN+RU))...
2026-05-31 04:21:21,177 | INFO     |   → ss.txt: 2 → 0 (SNI-filtered)
2026-05-31 04:21:21,177 | INFO     |   →   vless.txt: 22 → 6 (SNI-filtered)
2026-05-31 04:21:21,177 | INFO     |   →   vmess.txt: 2 → 0 (SNI-filtered)
2026-05-31 04:21:21,177 | INFO     |   → ==================================================
2026-05-31 04:21:21,177 | INFO     |   →   Всего входных:  26
2026-05-31 04:21:21,177 | INFO     |   →   Прошли фильтр:  6
2026-05-31 04:21:21,177 | INFO     |   →   Отброшено:      20
2026-05-31 04:21:21,177 | INFO     |   → ==================================================
2026-05-31 04:21:21,177 | INFO     |   → Готово → /home/runner/work/vpn-vless-configs-russia/vpn-vless-configs-russia/githubmirror/ru-sni
2026-05-31 04:21:21,177 | INFO     | ✅ filter_ru_sni.py завершён успешно
2026-05-31 04:21:21,177 | INFO     | 
2026-05-31 04:21:21,177 | INFO     | 
2026-05-31 04:21:21,177 | INFO     | ──────────────────────────────────────────────────────────────────────
2026-05-31 04:21:21,177 | INFO     | 📌 ЭТАП: Экспериментальный RU-SNI фильтр
2026-05-31 04:21:21,178 | INFO     | ──────────────────────────────────────────────────────────────────────
2026-05-31 04:21:21,178 | INFO     | 🚀 Запуск filter_ru_sni_local.py (Экспериментальный фильтр по RU-SNI (локальные домены))...
2026-05-31 04:21:21,205 | INFO     |   → ss.txt: 2 → 0 (RU-SNI)
2026-05-31 04:21:21,205 | INFO     |   → vless.txt: 22 → 1 (RU-SNI)
2026-05-31 04:21:21,205 | INFO     |   → vmess.txt: 2 → 0 (RU-SNI)
2026-05-31 04:21:21,205 | INFO     |   → ==================================================
2026-05-31 04:21:21,205 | INFO     |   → Всего входных:  26
2026-05-31 04:21:21,205 | INFO     |   → Прошли RU-SNI:  1
2026-05-31 04:21:21,205 | INFO     |   → Отброшено:      25
2026-05-31 04:21:21,205 | INFO     |   → ==================================================
2026-05-31 04:21:21,205 | INFO     |   → Готово → /home/runner/work/vpn-vless-configs-russia/vpn-vless-configs-russia/githubmirror/ru-sni-local
2026-05-31 04:21:21,205 | INFO     | ✅ filter_ru_sni_local.py завершён успешно
2026-05-31 04:21:21,205 | INFO     | 
2026-05-31 04:21:21,205 | INFO     | 
2026-05-31 04:21:21,205 | INFO     | ──────────────────────────────────────────────────────────────────────
2026-05-31 04:21:21,205 | INFO     | 📌 ЭТАП: Сбор статистики
2026-05-31 04:21:21,205 | INFO     | ──────────────────────────────────────────────────────────────────────
2026-05-31 04:21:21,205 | INFO     | 📊 Сбор статистики...
2026-05-31 04:21:21,206 | INFO     |   📁 githubmirror/clean:
2026-05-31 04:21:21,206 | INFO     |     • ss          :     2 конфигов
2026-05-31 04:21:21,206 | INFO     |     • vless       :    22 конфигов
2026-05-31 04:21:21,206 | INFO     |     • vmess       :     2 конфигов
2026-05-31 04:21:21,206 | INFO     |   📁 githubmirror/ru-sni:
2026-05-31 04:21:21,206 | INFO     |     • ss          :     0 конфигов (  0.0% от clean)
2026-05-31 04:21:21,206 | INFO     |     • vless       :     6 конфигов ( 27.3% от clean)
2026-05-31 04:21:21,206 | INFO     |     • vmess       :     0 конфигов (  0.0% от clean)
2026-05-31 04:21:21,206 | INFO     | 
2026-05-31 04:21:21,206 | INFO     |   ──────────────────────────────────────────────────
2026-05-31 04:21:21,206 | INFO     |   📈 ИТОГО:
2026-05-31 04:21:21,206 | INFO     |     Clean (после geo-фильтра):       26
2026-05-31 04:21:21,206 | INFO     |     RU-SNI (после SNI-фильтра):       6
2026-05-31 04:21:21,207 | INFO     |     Прошло фильтр:                 23.1%
2026-05-31 04:21:21,207 | INFO     |   ──────────────────────────────────────────────────
2026-05-31 04:21:21,207 | INFO     | ✅ Статистика сохранена: /home/runner/work/vpn-vless-configs-russia/vpn-vless-configs-russia/stats.json
2026-05-31 04:21:21,207 | INFO     | 
2026-05-31 04:21:21,207 | INFO     | ======================================================================
2026-05-31 04:21:21,207 | INFO     | 📊 ИТОГОВЫЙ ОТЧЁТ
2026-05-31 04:21:21,207 | INFO     | ======================================================================
2026-05-31 04:21:21,207 | INFO     |   ✅ OK         | Загрузка и geo-фильтрация
2026-05-31 04:21:21,207 | INFO     |   ✅ OK         | Фильтрация по реальному SNI
2026-05-31 04:21:21,207 | INFO     |   ✅ OK         | Экспериментальный RU-SNI фильтр
2026-05-31 04:21:21,207 | INFO     |   ✅ OK         | Сбор статистики
2026-05-31 04:21:21,207 | INFO     | ──────────────────────────────────────────────────────────────────────
2026-05-31 04:21:21,207 | INFO     | ✅ ВСЕ ЭТАПЫ УСПЕШНЫ (4/4)
2026-05-31 04:21:21,207 | INFO     | ⏰ Время завершения: 2026-05-31 04:21:21
2026-05-31 04:21:21,207 | INFO     | ======================================================================
