2026-05-24 08:38:22,503 | INFO     | ======================================================================
2026-05-24 08:38:22,503 | INFO     | 🔍 VPN KEY CHECKER - Начало проверки
2026-05-24 08:38:22,503 | INFO     | ⏰ Время старта: 2026-05-24 08:38:22
2026-05-24 08:38:22,503 | INFO     | 📂 Рабочая директория: /home/runner/work/vpn-vless-configs-russia/vpn-vless-configs-russia
2026-05-24 08:38:22,503 | INFO     | ======================================================================
2026-05-24 08:38:22,503 | INFO     | 
2026-05-24 08:38:22,503 | INFO     | 🔍 Проверка наличия скриптов...
2026-05-24 08:38:22,503 | INFO     |   ✅ mirror.py
2026-05-24 08:38:22,503 | INFO     |   ✅ filter_ru_sni.py
2026-05-24 08:38:22,504 | INFO     |   ✅ filter_ru_sni_local.py
2026-05-24 08:38:22,504 | INFO     | 
2026-05-24 08:38:22,504 | INFO     | 
2026-05-24 08:38:22,504 | INFO     | ──────────────────────────────────────────────────────────────────────
2026-05-24 08:38:22,504 | INFO     | 📌 ЭТАП: Загрузка и geo-фильтрация
2026-05-24 08:38:22,504 | INFO     | ──────────────────────────────────────────────────────────────────────
2026-05-24 08:38:22,504 | INFO     | 🚀 Запуск mirror.py (Загрузка и фильтрация по РФ/СНГ/Европа)...
2026-05-24 08:38:26,240 | INFO     |   → 🚀 Старт: всего источников (старые + новые): 12
2026-05-24 08:38:26,240 | INFO     |   → 1/12: ✅ 0 взято | 🗑️ 0 мусор
2026-05-24 08:38:26,240 | INFO     |   → 2/12: ✅ 0 взято | 🗑️ 0 мусор
2026-05-24 08:38:26,240 | INFO     |   → 3/12: ✅ 0 взято | 🗑️ 0 мусор
2026-05-24 08:38:26,240 | INFO     |   → 4/12: ✅ 12 взято | 🗑️ 300 мусор
2026-05-24 08:38:26,240 | INFO     |   → 5/12: ✅ 4 взято | 🗑️ 196 мусор
2026-05-24 08:38:26,240 | INFO     |   → 6/12: ✅ 0 взято | 🗑️ 0 мусор
2026-05-24 08:38:26,240 | INFO     |   → 7/12: ✅ 6 взято | 🗑️ 24 мусор
2026-05-24 08:38:26,240 | INFO     |   → 8/12: ✅ 0 взято | 🗑️ 24 мусор
2026-05-24 08:38:26,240 | INFO     |   → 9/12: ✅ 0 взято | 🗑️ 0 мусор
2026-05-24 08:38:26,240 | INFO     |   → 10/12: ✅ 3 взято | 🗑️ 322 мусор
2026-05-24 08:38:26,240 | INFO     |   → 11/12: ✅ 9 взято | 🗑️ 15 мусор
2026-05-24 08:38:26,240 | INFO     |   → 12/12: ✅ 0 взято | 🗑️ 0 мусор
2026-05-24 08:38:26,240 | INFO     |   → ✅ ГОТОВО!
2026-05-24 08:38:26,240 | INFO     |   →    📥 Всего ключей после фильтра: 34
2026-05-24 08:38:26,240 | INFO     |   →    🔗 Уникальных IP:PORT:SCHEME: 33
2026-05-24 08:38:26,240 | INFO     |   →    🗑️ Выброшено мусора: 881
2026-05-24 08:38:26,241 | INFO     |   → 📊 По протоколам:
2026-05-24 08:38:26,241 | INFO     |   →    vless: 16
2026-05-24 08:38:26,241 | INFO     |   →    vmess: 11
2026-05-24 08:38:26,241 | INFO     |   →    trojan: 2
2026-05-24 08:38:26,241 | INFO     |   →    ss: 2
2026-05-24 08:38:26,241 | INFO     |   →    hysteria2: 2
2026-05-24 08:38:26,241 | INFO     | ✅ mirror.py завершён успешно
2026-05-24 08:38:26,241 | INFO     | 
2026-05-24 08:38:26,241 | INFO     | 
2026-05-24 08:38:26,241 | INFO     | ──────────────────────────────────────────────────────────────────────
2026-05-24 08:38:26,241 | INFO     | 📌 ЭТАП: Фильтрация по реальному SNI
2026-05-24 08:38:26,241 | INFO     | ──────────────────────────────────────────────────────────────────────
2026-05-24 08:38:26,241 | INFO     | 🚀 Запуск filter_ru_sni.py (Фильтр по реальному SNI (CDN+RU))...
2026-05-24 08:38:26,268 | INFO     |   → hysteria2.txt: 2 → 1 (SNI-filtered)
2026-05-24 08:38:26,269 | INFO     |   →   ss.txt: 2 → 0 (SNI-filtered)
2026-05-24 08:38:26,269 | INFO     |   →   trojan.txt: 2 → 0 (SNI-filtered)
2026-05-24 08:38:26,269 | INFO     |   →   vless.txt: 16 → 3 (SNI-filtered)
2026-05-24 08:38:26,269 | INFO     |   →   vmess.txt: 11 → 0 (SNI-filtered)
2026-05-24 08:38:26,269 | INFO     |   → ==================================================
2026-05-24 08:38:26,269 | INFO     |   →   Всего входных:  33
2026-05-24 08:38:26,269 | INFO     |   →   Прошли фильтр:  4
2026-05-24 08:38:26,269 | INFO     |   →   Отброшено:      29
2026-05-24 08:38:26,269 | INFO     |   → ==================================================
2026-05-24 08:38:26,269 | INFO     |   → Готово → /home/runner/work/vpn-vless-configs-russia/vpn-vless-configs-russia/githubmirror/ru-sni
2026-05-24 08:38:26,269 | INFO     | ✅ filter_ru_sni.py завершён успешно
2026-05-24 08:38:26,269 | INFO     | 
2026-05-24 08:38:26,269 | INFO     | 
2026-05-24 08:38:26,269 | INFO     | ──────────────────────────────────────────────────────────────────────
2026-05-24 08:38:26,269 | INFO     | 📌 ЭТАП: Экспериментальный RU-SNI фильтр
2026-05-24 08:38:26,269 | INFO     | ──────────────────────────────────────────────────────────────────────
2026-05-24 08:38:26,269 | INFO     | 🚀 Запуск filter_ru_sni_local.py (Экспериментальный фильтр по RU-SNI (локальные домены))...
2026-05-24 08:38:26,296 | INFO     |   → hysteria2.txt: 2 → 0 (RU-SNI)
2026-05-24 08:38:26,296 | INFO     |   → ss.txt: 2 → 0 (RU-SNI)
2026-05-24 08:38:26,296 | INFO     |   → trojan.txt: 2 → 0 (RU-SNI)
2026-05-24 08:38:26,296 | INFO     |   → vless.txt: 16 → 2 (RU-SNI)
2026-05-24 08:38:26,296 | INFO     |   → vmess.txt: 11 → 0 (RU-SNI)
2026-05-24 08:38:26,296 | INFO     |   → ==================================================
2026-05-24 08:38:26,296 | INFO     |   → Всего входных:  33
2026-05-24 08:38:26,296 | INFO     |   → Прошли RU-SNI:  2
2026-05-24 08:38:26,296 | INFO     |   → Отброшено:      31
2026-05-24 08:38:26,296 | INFO     |   → ==================================================
2026-05-24 08:38:26,296 | INFO     |   → Готово → /home/runner/work/vpn-vless-configs-russia/vpn-vless-configs-russia/githubmirror/ru-sni-local
2026-05-24 08:38:26,296 | INFO     | ✅ filter_ru_sni_local.py завершён успешно
2026-05-24 08:38:26,296 | INFO     | 
2026-05-24 08:38:26,296 | INFO     | 
2026-05-24 08:38:26,296 | INFO     | ──────────────────────────────────────────────────────────────────────
2026-05-24 08:38:26,296 | INFO     | 📌 ЭТАП: Сбор статистики
2026-05-24 08:38:26,296 | INFO     | ──────────────────────────────────────────────────────────────────────
2026-05-24 08:38:26,296 | INFO     | 📊 Сбор статистики...
2026-05-24 08:38:26,297 | INFO     |   📁 githubmirror/clean:
2026-05-24 08:38:26,297 | INFO     |     • hysteria2   :     2 конфигов
2026-05-24 08:38:26,297 | INFO     |     • ss          :     2 конфигов
2026-05-24 08:38:26,297 | INFO     |     • trojan      :     2 конфигов
2026-05-24 08:38:26,297 | INFO     |     • vless       :    16 конфигов
2026-05-24 08:38:26,297 | INFO     |     • vmess       :    11 конфигов
2026-05-24 08:38:26,297 | INFO     |   📁 githubmirror/ru-sni:
2026-05-24 08:38:26,298 | INFO     |     • hysteria2   :     1 конфигов ( 50.0% от clean)
2026-05-24 08:38:26,298 | INFO     |     • ss          :     0 конфигов (  0.0% от clean)
2026-05-24 08:38:26,298 | INFO     |     • trojan      :     0 конфигов (  0.0% от clean)
2026-05-24 08:38:26,298 | INFO     |     • vless       :     3 конфигов ( 18.8% от clean)
2026-05-24 08:38:26,298 | INFO     |     • vmess       :     0 конфигов (  0.0% от clean)
2026-05-24 08:38:26,298 | INFO     | 
2026-05-24 08:38:26,298 | INFO     |   ──────────────────────────────────────────────────
2026-05-24 08:38:26,298 | INFO     |   📈 ИТОГО:
2026-05-24 08:38:26,298 | INFO     |     Clean (после geo-фильтра):       33
2026-05-24 08:38:26,298 | INFO     |     RU-SNI (после SNI-фильтра):       4
2026-05-24 08:38:26,298 | INFO     |     Прошло фильтр:                 12.1%
2026-05-24 08:38:26,298 | INFO     |   ──────────────────────────────────────────────────
2026-05-24 08:38:26,299 | INFO     | ✅ Статистика сохранена: /home/runner/work/vpn-vless-configs-russia/vpn-vless-configs-russia/stats.json
2026-05-24 08:38:26,299 | INFO     | 
2026-05-24 08:38:26,299 | INFO     | ======================================================================
2026-05-24 08:38:26,299 | INFO     | 📊 ИТОГОВЫЙ ОТЧЁТ
2026-05-24 08:38:26,299 | INFO     | ======================================================================
2026-05-24 08:38:26,299 | INFO     |   ✅ OK         | Загрузка и geo-фильтрация
2026-05-24 08:38:26,299 | INFO     |   ✅ OK         | Фильтрация по реальному SNI
2026-05-24 08:38:26,299 | INFO     |   ✅ OK         | Экспериментальный RU-SNI фильтр
2026-05-24 08:38:26,299 | INFO     |   ✅ OK         | Сбор статистики
2026-05-24 08:38:26,299 | INFO     | ──────────────────────────────────────────────────────────────────────
2026-05-24 08:38:26,299 | INFO     | ✅ ВСЕ ЭТАПЫ УСПЕШНЫ (4/4)
2026-05-24 08:38:26,299 | INFO     | ⏰ Время завершения: 2026-05-24 08:38:26
2026-05-24 08:38:26,299 | INFO     | ======================================================================
