2026-06-10 04:13:43,502 | INFO     | ======================================================================
2026-06-10 04:13:43,502 | INFO     | 🔍 VPN KEY CHECKER - Начало проверки
2026-06-10 04:13:43,502 | INFO     | ⏰ Время старта: 2026-06-10 04:13:43
2026-06-10 04:13:43,502 | INFO     | 📂 Рабочая директория: /home/runner/work/vpn-vless-configs-russia/vpn-vless-configs-russia
2026-06-10 04:13:43,502 | INFO     | ======================================================================
2026-06-10 04:13:43,502 | INFO     | 
2026-06-10 04:13:43,502 | INFO     | 🔍 Проверка наличия скриптов...
2026-06-10 04:13:43,502 | INFO     |   ✅ mirror.py
2026-06-10 04:13:43,502 | INFO     |   ✅ filter_ru_sni.py
2026-06-10 04:13:43,503 | INFO     |   ✅ filter_ru_sni_local.py
2026-06-10 04:13:43,503 | INFO     | 
2026-06-10 04:13:43,503 | INFO     | 
2026-06-10 04:13:43,503 | INFO     | ──────────────────────────────────────────────────────────────────────
2026-06-10 04:13:43,503 | INFO     | 📌 ЭТАП: Загрузка и geo-фильтрация
2026-06-10 04:13:43,503 | INFO     | ──────────────────────────────────────────────────────────────────────
2026-06-10 04:13:43,503 | INFO     | 🚀 Запуск mirror.py (Загрузка и фильтрация по РФ/СНГ/Европа)...
2026-06-10 04:13:47,174 | INFO     |   → 🚀 Старт: всего источников (старые + новые): 6
2026-06-10 04:13:47,174 | INFO     |   → 1/6: ✅ 0 взято | 🗑️ 0 мусор
2026-06-10 04:13:47,175 | INFO     |   → 2/6: ✅ 0 взято | 🗑️ 0 мусор
2026-06-10 04:13:47,175 | INFO     |   → 3/6: ✅ 2 взято | 🗑️ 279 мусор
2026-06-10 04:13:47,175 | INFO     |   → 4/6: ✅ 0 взято | 🗑️ 0 мусор
2026-06-10 04:13:47,175 | INFO     |   → 5/6: ✅ 13 взято | 🗑️ 7 мусор
2026-06-10 04:13:47,175 | INFO     |   → 6/6: ✅ 0 взято | 🗑️ 7 мусор
2026-06-10 04:13:47,175 | INFO     |   → ✅ ГОТОВО!
2026-06-10 04:13:47,175 | INFO     |   →    📥 Всего ключей после фильтра: 15
2026-06-10 04:13:47,175 | INFO     |   →    🔗 Уникальных IP:PORT:SCHEME: 14
2026-06-10 04:13:47,175 | INFO     |   →    🗑️ Выброшено мусора: 293
2026-06-10 04:13:47,175 | INFO     |   → 📊 По протоколам:
2026-06-10 04:13:47,175 | INFO     |   →    vless: 8
2026-06-10 04:13:47,175 | INFO     |   →    vmess: 1
2026-06-10 04:13:47,175 | INFO     |   →    trojan: 2
2026-06-10 04:13:47,175 | INFO     |   →    ss: 3
2026-06-10 04:13:47,175 | INFO     | ✅ mirror.py завершён успешно
2026-06-10 04:13:47,175 | INFO     | 
2026-06-10 04:13:47,175 | INFO     | 
2026-06-10 04:13:47,175 | INFO     | ──────────────────────────────────────────────────────────────────────
2026-06-10 04:13:47,175 | INFO     | 📌 ЭТАП: Фильтрация по реальному SNI
2026-06-10 04:13:47,175 | INFO     | ──────────────────────────────────────────────────────────────────────
2026-06-10 04:13:47,175 | INFO     | 🚀 Запуск filter_ru_sni.py (Фильтр по реальному SNI (CDN+RU))...
2026-06-10 04:13:47,204 | INFO     |   → ss.txt: 3 → 0 (SNI-filtered)
2026-06-10 04:13:47,204 | INFO     |   →   trojan.txt: 2 → 0 (SNI-filtered)
2026-06-10 04:13:47,204 | INFO     |   →   vless.txt: 8 → 4 (SNI-filtered)
2026-06-10 04:13:47,204 | INFO     |   →   vmess.txt: 1 → 0 (SNI-filtered)
2026-06-10 04:13:47,204 | INFO     |   → ==================================================
2026-06-10 04:13:47,204 | INFO     |   →   Всего входных:  14
2026-06-10 04:13:47,204 | INFO     |   →   Прошли фильтр:  4
2026-06-10 04:13:47,204 | INFO     |   →   Отброшено:      10
2026-06-10 04:13:47,204 | INFO     |   → ==================================================
2026-06-10 04:13:47,204 | INFO     |   → Готово → /home/runner/work/vpn-vless-configs-russia/vpn-vless-configs-russia/githubmirror/ru-sni
2026-06-10 04:13:47,204 | INFO     | ✅ filter_ru_sni.py завершён успешно
2026-06-10 04:13:47,204 | INFO     | 
2026-06-10 04:13:47,204 | INFO     | 
2026-06-10 04:13:47,204 | INFO     | ──────────────────────────────────────────────────────────────────────
2026-06-10 04:13:47,204 | INFO     | 📌 ЭТАП: Экспериментальный RU-SNI фильтр
2026-06-10 04:13:47,204 | INFO     | ──────────────────────────────────────────────────────────────────────
2026-06-10 04:13:47,204 | INFO     | 🚀 Запуск filter_ru_sni_local.py (Экспериментальный фильтр по RU-SNI (локальные домены))...
2026-06-10 04:13:47,232 | INFO     |   → ss.txt: 3 → 0 (RU-SNI)
2026-06-10 04:13:47,232 | INFO     |   → trojan.txt: 2 → 0 (RU-SNI)
2026-06-10 04:13:47,232 | INFO     |   → vless.txt: 8 → 1 (RU-SNI)
2026-06-10 04:13:47,232 | INFO     |   → vmess.txt: 1 → 0 (RU-SNI)
2026-06-10 04:13:47,232 | INFO     |   → ==================================================
2026-06-10 04:13:47,232 | INFO     |   → Всего входных:  14
2026-06-10 04:13:47,232 | INFO     |   → Прошли RU-SNI:  1
2026-06-10 04:13:47,232 | INFO     |   → Отброшено:      13
2026-06-10 04:13:47,232 | INFO     |   → ==================================================
2026-06-10 04:13:47,232 | INFO     |   → Готово → /home/runner/work/vpn-vless-configs-russia/vpn-vless-configs-russia/githubmirror/ru-sni-local
2026-06-10 04:13:47,232 | INFO     | ✅ filter_ru_sni_local.py завершён успешно
2026-06-10 04:13:47,232 | INFO     | 
2026-06-10 04:13:47,232 | INFO     | 
2026-06-10 04:13:47,233 | INFO     | ──────────────────────────────────────────────────────────────────────
2026-06-10 04:13:47,233 | INFO     | 📌 ЭТАП: Сбор статистики
2026-06-10 04:13:47,233 | INFO     | ──────────────────────────────────────────────────────────────────────
2026-06-10 04:13:47,233 | INFO     | 📊 Сбор статистики...
2026-06-10 04:13:47,233 | INFO     |   📁 githubmirror/clean:
2026-06-10 04:13:47,233 | INFO     |     • ss          :     3 конфигов
2026-06-10 04:13:47,233 | INFO     |     • trojan      :     2 конфигов
2026-06-10 04:13:47,233 | INFO     |     • vless       :     8 конфигов
2026-06-10 04:13:47,233 | INFO     |     • vmess       :     1 конфигов
2026-06-10 04:13:47,233 | INFO     |   📁 githubmirror/ru-sni:
2026-06-10 04:13:47,234 | INFO     |     • ss          :     0 конфигов (  0.0% от clean)
2026-06-10 04:13:47,234 | INFO     |     • trojan      :     0 конфигов (  0.0% от clean)
2026-06-10 04:13:47,234 | INFO     |     • vless       :     4 конфигов ( 50.0% от clean)
2026-06-10 04:13:47,234 | INFO     |     • vmess       :     0 конфигов (  0.0% от clean)
2026-06-10 04:13:47,234 | INFO     | 
2026-06-10 04:13:47,234 | INFO     |   ──────────────────────────────────────────────────
2026-06-10 04:13:47,234 | INFO     |   📈 ИТОГО:
2026-06-10 04:13:47,234 | INFO     |     Clean (после geo-фильтра):       14
2026-06-10 04:13:47,234 | INFO     |     RU-SNI (после SNI-фильтра):       4
2026-06-10 04:13:47,234 | INFO     |     Прошло фильтр:                 28.6%
2026-06-10 04:13:47,234 | INFO     |   ──────────────────────────────────────────────────
2026-06-10 04:13:47,234 | INFO     | ✅ Статистика сохранена: /home/runner/work/vpn-vless-configs-russia/vpn-vless-configs-russia/stats.json
2026-06-10 04:13:47,235 | INFO     | 
2026-06-10 04:13:47,235 | INFO     | ======================================================================
2026-06-10 04:13:47,235 | INFO     | 📊 ИТОГОВЫЙ ОТЧЁТ
2026-06-10 04:13:47,235 | INFO     | ======================================================================
2026-06-10 04:13:47,235 | INFO     |   ✅ OK         | Загрузка и geo-фильтрация
2026-06-10 04:13:47,235 | INFO     |   ✅ OK         | Фильтрация по реальному SNI
2026-06-10 04:13:47,235 | INFO     |   ✅ OK         | Экспериментальный RU-SNI фильтр
2026-06-10 04:13:47,235 | INFO     |   ✅ OK         | Сбор статистики
2026-06-10 04:13:47,235 | INFO     | ──────────────────────────────────────────────────────────────────────
2026-06-10 04:13:47,235 | INFO     | ✅ ВСЕ ЭТАПЫ УСПЕШНЫ (4/4)
2026-06-10 04:13:47,235 | INFO     | ⏰ Время завершения: 2026-06-10 04:13:47
2026-06-10 04:13:47,235 | INFO     | ======================================================================
