2026-05-21 15:42:01,480 | INFO     | ======================================================================
2026-05-21 15:42:01,481 | INFO     | 🔍 VPN KEY CHECKER - Начало проверки
2026-05-21 15:42:01,481 | INFO     | ⏰ Время старта: 2026-05-21 15:42:01
2026-05-21 15:42:01,481 | INFO     | 📂 Рабочая директория: /home/runner/work/vpn-vless-configs-russia/vpn-vless-configs-russia
2026-05-21 15:42:01,481 | INFO     | ======================================================================
2026-05-21 15:42:01,481 | INFO     | 
2026-05-21 15:42:01,481 | INFO     | 🔍 Проверка наличия скриптов...
2026-05-21 15:42:01,481 | INFO     |   ✅ mirror.py
2026-05-21 15:42:01,481 | INFO     |   ✅ filter_ru_sni.py
2026-05-21 15:42:01,481 | INFO     |   ✅ filter_ru_sni_local.py
2026-05-21 15:42:01,481 | INFO     | 
2026-05-21 15:42:01,481 | INFO     | 
2026-05-21 15:42:01,481 | INFO     | ──────────────────────────────────────────────────────────────────────
2026-05-21 15:42:01,481 | INFO     | 📌 ЭТАП: Загрузка и geo-фильтрация
2026-05-21 15:42:01,481 | INFO     | ──────────────────────────────────────────────────────────────────────
2026-05-21 15:42:01,482 | INFO     | 🚀 Запуск mirror.py (Загрузка и фильтрация по РФ/СНГ/Европа)...
2026-05-21 15:42:04,993 | INFO     |   → 🚀 Старт: всего источников (старые + новые): 8
2026-05-21 15:42:04,993 | INFO     |   → 1/8: ✅ 0 взято | 🗑️ 0 мусор
2026-05-21 15:42:04,993 | INFO     |   → 2/8: ✅ 0 взято | 🗑️ 0 мусор
2026-05-21 15:42:04,993 | INFO     |   → 3/8: ✅ 3 взято | 🗑️ 174 мусор
2026-05-21 15:42:04,993 | INFO     |   → 4/8: ✅ 0 взято | 🗑️ 0 мусор
2026-05-21 15:42:04,993 | INFO     |   → 5/8: ✅ 6 взято | 🗑️ 24 мусор
2026-05-21 15:42:04,993 | INFO     |   → 6/8: ✅ 0 взято | 🗑️ 24 мусор
2026-05-21 15:42:04,993 | INFO     |   → 7/8: ✅ 4 взято | 🗑️ 17 мусор
2026-05-21 15:42:04,993 | INFO     |   → 8/8: ✅ 0 взято | 🗑️ 0 мусор
2026-05-21 15:42:04,993 | INFO     |   → ✅ ГОТОВО!
2026-05-21 15:42:04,993 | INFO     |   →    📥 Всего ключей после фильтра: 13
2026-05-21 15:42:04,993 | INFO     |   →    🔗 Уникальных IP:PORT:SCHEME: 13
2026-05-21 15:42:04,993 | INFO     |   →    🗑️ Выброшено мусора: 239
2026-05-21 15:42:04,993 | INFO     |   → 📊 По протоколам:
2026-05-21 15:42:04,993 | INFO     |   →    vless: 7
2026-05-21 15:42:04,994 | INFO     |   →    vmess: 3
2026-05-21 15:42:04,994 | INFO     |   →    ss: 2
2026-05-21 15:42:04,994 | INFO     |   →    hysteria2: 1
2026-05-21 15:42:04,994 | INFO     | ✅ mirror.py завершён успешно
2026-05-21 15:42:04,994 | INFO     | 
2026-05-21 15:42:04,994 | INFO     | 
2026-05-21 15:42:04,994 | INFO     | ──────────────────────────────────────────────────────────────────────
2026-05-21 15:42:04,994 | INFO     | 📌 ЭТАП: Фильтрация по реальному SNI
2026-05-21 15:42:04,994 | INFO     | ──────────────────────────────────────────────────────────────────────
2026-05-21 15:42:04,994 | INFO     | 🚀 Запуск filter_ru_sni.py (Фильтр по реальному SNI (CDN+RU))...
2026-05-21 15:42:05,020 | INFO     |   → hysteria2.txt: 1 → 0 (SNI-filtered)
2026-05-21 15:42:05,020 | INFO     |   →   ss.txt: 2 → 0 (SNI-filtered)
2026-05-21 15:42:05,020 | INFO     |   →   vless.txt: 7 → 1 (SNI-filtered)
2026-05-21 15:42:05,021 | INFO     |   →   vmess.txt: 3 → 0 (SNI-filtered)
2026-05-21 15:42:05,021 | INFO     |   → ==================================================
2026-05-21 15:42:05,021 | INFO     |   →   Всего входных:  13
2026-05-21 15:42:05,021 | INFO     |   →   Прошли фильтр:  1
2026-05-21 15:42:05,021 | INFO     |   →   Отброшено:      12
2026-05-21 15:42:05,021 | INFO     |   → ==================================================
2026-05-21 15:42:05,021 | INFO     |   → Готово → /home/runner/work/vpn-vless-configs-russia/vpn-vless-configs-russia/githubmirror/ru-sni
2026-05-21 15:42:05,021 | INFO     | ✅ filter_ru_sni.py завершён успешно
2026-05-21 15:42:05,021 | INFO     | 
2026-05-21 15:42:05,021 | INFO     | 
2026-05-21 15:42:05,021 | INFO     | ──────────────────────────────────────────────────────────────────────
2026-05-21 15:42:05,021 | INFO     | 📌 ЭТАП: Экспериментальный RU-SNI фильтр
2026-05-21 15:42:05,021 | INFO     | ──────────────────────────────────────────────────────────────────────
2026-05-21 15:42:05,021 | INFO     | 🚀 Запуск filter_ru_sni_local.py (Экспериментальный фильтр по RU-SNI (локальные домены))...
2026-05-21 15:42:05,046 | INFO     |   → hysteria2.txt: 1 → 0 (RU-SNI)
2026-05-21 15:42:05,047 | INFO     |   → ss.txt: 2 → 0 (RU-SNI)
2026-05-21 15:42:05,047 | INFO     |   → vless.txt: 7 → 0 (RU-SNI)
2026-05-21 15:42:05,047 | INFO     |   → vmess.txt: 3 → 0 (RU-SNI)
2026-05-21 15:42:05,047 | INFO     |   → ==================================================
2026-05-21 15:42:05,047 | INFO     |   → Всего входных:  13
2026-05-21 15:42:05,047 | INFO     |   → Прошли RU-SNI:  0
2026-05-21 15:42:05,047 | INFO     |   → Отброшено:      13
2026-05-21 15:42:05,047 | INFO     |   → ==================================================
2026-05-21 15:42:05,047 | INFO     |   → Готово → /home/runner/work/vpn-vless-configs-russia/vpn-vless-configs-russia/githubmirror/ru-sni-local
2026-05-21 15:42:05,047 | INFO     | ✅ filter_ru_sni_local.py завершён успешно
2026-05-21 15:42:05,047 | INFO     | 
2026-05-21 15:42:05,047 | INFO     | 
2026-05-21 15:42:05,047 | INFO     | ──────────────────────────────────────────────────────────────────────
2026-05-21 15:42:05,047 | INFO     | 📌 ЭТАП: Сбор статистики
2026-05-21 15:42:05,047 | INFO     | ──────────────────────────────────────────────────────────────────────
2026-05-21 15:42:05,047 | INFO     | 📊 Сбор статистики...
2026-05-21 15:42:05,047 | INFO     |   📁 githubmirror/clean:
2026-05-21 15:42:05,048 | INFO     |     • hysteria2   :     1 конфигов
2026-05-21 15:42:05,048 | INFO     |     • ss          :     2 конфигов
2026-05-21 15:42:05,048 | INFO     |     • vless       :     7 конфигов
2026-05-21 15:42:05,048 | INFO     |     • vmess       :     3 конфигов
2026-05-21 15:42:05,048 | INFO     |   📁 githubmirror/ru-sni:
2026-05-21 15:42:05,048 | INFO     |     • hysteria2   :     0 конфигов (  0.0% от clean)
2026-05-21 15:42:05,048 | INFO     |     • ss          :     0 конфигов (  0.0% от clean)
2026-05-21 15:42:05,048 | INFO     |     • vless       :     1 конфигов ( 14.3% от clean)
2026-05-21 15:42:05,049 | INFO     |     • vmess       :     0 конфигов (  0.0% от clean)
2026-05-21 15:42:05,049 | INFO     | 
2026-05-21 15:42:05,049 | INFO     |   ──────────────────────────────────────────────────
2026-05-21 15:42:05,049 | INFO     |   📈 ИТОГО:
2026-05-21 15:42:05,049 | INFO     |     Clean (после geo-фильтра):       13
2026-05-21 15:42:05,049 | INFO     |     RU-SNI (после SNI-фильтра):       1
2026-05-21 15:42:05,049 | INFO     |     Прошло фильтр:                  7.7%
2026-05-21 15:42:05,049 | INFO     |   ──────────────────────────────────────────────────
2026-05-21 15:42:05,049 | INFO     | ✅ Статистика сохранена: /home/runner/work/vpn-vless-configs-russia/vpn-vless-configs-russia/stats.json
2026-05-21 15:42:05,049 | INFO     | 
2026-05-21 15:42:05,049 | INFO     | ======================================================================
2026-05-21 15:42:05,049 | INFO     | 📊 ИТОГОВЫЙ ОТЧЁТ
2026-05-21 15:42:05,049 | INFO     | ======================================================================
2026-05-21 15:42:05,050 | INFO     |   ✅ OK         | Загрузка и geo-фильтрация
2026-05-21 15:42:05,050 | INFO     |   ✅ OK         | Фильтрация по реальному SNI
2026-05-21 15:42:05,050 | INFO     |   ✅ OK         | Экспериментальный RU-SNI фильтр
2026-05-21 15:42:05,050 | INFO     |   ✅ OK         | Сбор статистики
2026-05-21 15:42:05,050 | INFO     | ──────────────────────────────────────────────────────────────────────
2026-05-21 15:42:05,050 | INFO     | ✅ ВСЕ ЭТАПЫ УСПЕШНЫ (4/4)
2026-05-21 15:42:05,050 | INFO     | ⏰ Время завершения: 2026-05-21 15:42:05
2026-05-21 15:42:05,050 | INFO     | ======================================================================
