2026-07-02 04:01:57,596 | INFO     | ======================================================================
2026-07-02 04:01:57,596 | INFO     | 🔍 VPN KEY CHECKER - Начало проверки
2026-07-02 04:01:57,596 | INFO     | ⏰ Время старта: 2026-07-02 04:01:57
2026-07-02 04:01:57,596 | INFO     | 📂 Рабочая директория: /home/runner/work/vpn-vless-configs-russia/vpn-vless-configs-russia
2026-07-02 04:01:57,596 | INFO     | ======================================================================
2026-07-02 04:01:57,596 | INFO     | 
2026-07-02 04:01:57,596 | INFO     | 🔍 Проверка наличия скриптов...
2026-07-02 04:01:57,596 | INFO     |   ✅ mirror.py
2026-07-02 04:01:57,597 | INFO     |   ✅ filter_ru_sni.py
2026-07-02 04:01:57,597 | INFO     |   ✅ filter_ru_sni_local.py
2026-07-02 04:01:57,597 | INFO     | 
2026-07-02 04:01:57,597 | INFO     | 
2026-07-02 04:01:57,597 | INFO     | ──────────────────────────────────────────────────────────────────────
2026-07-02 04:01:57,597 | INFO     | 📌 ЭТАП: Загрузка и geo-фильтрация
2026-07-02 04:01:57,597 | INFO     | ──────────────────────────────────────────────────────────────────────
2026-07-02 04:01:57,597 | INFO     | 🚀 Запуск mirror.py (Загрузка и фильтрация по РФ/СНГ/Европа)...
2026-07-02 04:02:00,698 | INFO     |   → 🚀 Старт: всего источников (старые + новые): 8
2026-07-02 04:02:00,698 | INFO     |   → 1/8: ✅ 0 взято | 🗑️ 0 мусор
2026-07-02 04:02:00,699 | INFO     |   → 2/8: ✅ 0 взято | 🗑️ 0 мусор
2026-07-02 04:02:00,699 | INFO     |   → 3/8: ✅ 2 взято | 🗑️ 114 мусор
2026-07-02 04:02:00,699 | INFO     |   → 4/8: ✅ 0 взято | 🗑️ 0 мусор
2026-07-02 04:02:00,699 | INFO     |   → 5/8: ✅ 2 взято | 🗑️ 183 мусор
2026-07-02 04:02:00,699 | INFO     |   → 6/8: ✅ 0 взято | 🗑️ 0 мусор
2026-07-02 04:02:00,699 | INFO     |   → 7/8: ✅ 13 взято | 🗑️ 7 мусор
2026-07-02 04:02:00,699 | INFO     |   → 8/8: ✅ 0 взято | 🗑️ 7 мусор
2026-07-02 04:02:00,699 | INFO     |   → ✅ ГОТОВО!
2026-07-02 04:02:00,699 | INFO     |   →    📥 Всего ключей после фильтра: 17
2026-07-02 04:02:00,699 | INFO     |   →    🔗 Уникальных IP:PORT:SCHEME: 17
2026-07-02 04:02:00,699 | INFO     |   →    🗑️ Выброшено мусора: 311
2026-07-02 04:02:00,699 | INFO     |   → 📊 По протоколам:
2026-07-02 04:02:00,699 | INFO     |   →    vless: 10
2026-07-02 04:02:00,699 | INFO     |   →    vmess: 1
2026-07-02 04:02:00,699 | INFO     |   →    trojan: 2
2026-07-02 04:02:00,699 | INFO     |   →    ss: 3
2026-07-02 04:02:00,699 | INFO     |   →    hysteria2: 1
2026-07-02 04:02:00,699 | INFO     | ✅ mirror.py завершён успешно
2026-07-02 04:02:00,700 | INFO     | 
2026-07-02 04:02:00,700 | INFO     | 
2026-07-02 04:02:00,700 | INFO     | ──────────────────────────────────────────────────────────────────────
2026-07-02 04:02:00,700 | INFO     | 📌 ЭТАП: Фильтрация по реальному SNI
2026-07-02 04:02:00,700 | INFO     | ──────────────────────────────────────────────────────────────────────
2026-07-02 04:02:00,700 | INFO     | 🚀 Запуск filter_ru_sni.py (Фильтр по реальному SNI (CDN+RU))...
2026-07-02 04:02:00,726 | INFO     |   → hysteria2.txt: 1 → 0 (SNI-filtered)
2026-07-02 04:02:00,726 | INFO     |   →   ss.txt: 3 → 0 (SNI-filtered)
2026-07-02 04:02:00,726 | INFO     |   →   trojan.txt: 2 → 0 (SNI-filtered)
2026-07-02 04:02:00,727 | INFO     |   →   vless.txt: 10 → 3 (SNI-filtered)
2026-07-02 04:02:00,727 | INFO     |   →   vmess.txt: 1 → 0 (SNI-filtered)
2026-07-02 04:02:00,727 | INFO     |   → ==================================================
2026-07-02 04:02:00,727 | INFO     |   →   Всего входных:  17
2026-07-02 04:02:00,727 | INFO     |   →   Прошли фильтр:  3
2026-07-02 04:02:00,727 | INFO     |   →   Отброшено:      14
2026-07-02 04:02:00,727 | INFO     |   → ==================================================
2026-07-02 04:02:00,727 | INFO     |   → Готово → /home/runner/work/vpn-vless-configs-russia/vpn-vless-configs-russia/githubmirror/ru-sni
2026-07-02 04:02:00,727 | INFO     | ✅ filter_ru_sni.py завершён успешно
2026-07-02 04:02:00,727 | INFO     | 
2026-07-02 04:02:00,727 | INFO     | 
2026-07-02 04:02:00,727 | INFO     | ──────────────────────────────────────────────────────────────────────
2026-07-02 04:02:00,727 | INFO     | 📌 ЭТАП: Экспериментальный RU-SNI фильтр
2026-07-02 04:02:00,727 | INFO     | ──────────────────────────────────────────────────────────────────────
2026-07-02 04:02:00,727 | INFO     | 🚀 Запуск filter_ru_sni_local.py (Экспериментальный фильтр по RU-SNI (локальные домены))...
2026-07-02 04:02:00,753 | INFO     |   → hysteria2.txt: 1 → 0 (RU-SNI)
2026-07-02 04:02:00,753 | INFO     |   → ss.txt: 3 → 0 (RU-SNI)
2026-07-02 04:02:00,753 | INFO     |   → trojan.txt: 2 → 0 (RU-SNI)
2026-07-02 04:02:00,753 | INFO     |   → vless.txt: 10 → 1 (RU-SNI)
2026-07-02 04:02:00,753 | INFO     |   → vmess.txt: 1 → 0 (RU-SNI)
2026-07-02 04:02:00,753 | INFO     |   → ==================================================
2026-07-02 04:02:00,753 | INFO     |   → Всего входных:  17
2026-07-02 04:02:00,753 | INFO     |   → Прошли RU-SNI:  1
2026-07-02 04:02:00,754 | INFO     |   → Отброшено:      16
2026-07-02 04:02:00,754 | INFO     |   → ==================================================
2026-07-02 04:02:00,754 | INFO     |   → Готово → /home/runner/work/vpn-vless-configs-russia/vpn-vless-configs-russia/githubmirror/ru-sni-local
2026-07-02 04:02:00,754 | INFO     | ✅ filter_ru_sni_local.py завершён успешно
2026-07-02 04:02:00,754 | INFO     | 
2026-07-02 04:02:00,754 | INFO     | 
2026-07-02 04:02:00,754 | INFO     | ──────────────────────────────────────────────────────────────────────
2026-07-02 04:02:00,754 | INFO     | 📌 ЭТАП: Сбор статистики
2026-07-02 04:02:00,754 | INFO     | ──────────────────────────────────────────────────────────────────────
2026-07-02 04:02:00,754 | INFO     | 📊 Сбор статистики...
2026-07-02 04:02:00,754 | INFO     |   📁 githubmirror/clean:
2026-07-02 04:02:00,754 | INFO     |     • hysteria2   :     1 конфигов
2026-07-02 04:02:00,755 | INFO     |     • ss          :     3 конфигов
2026-07-02 04:02:00,755 | INFO     |     • trojan      :     2 конфигов
2026-07-02 04:02:00,755 | INFO     |     • vless       :    10 конфигов
2026-07-02 04:02:00,755 | INFO     |     • vmess       :     1 конфигов
2026-07-02 04:02:00,755 | INFO     |   📁 githubmirror/ru-sni:
2026-07-02 04:02:00,755 | INFO     |     • hysteria2   :     0 конфигов (  0.0% от clean)
2026-07-02 04:02:00,755 | INFO     |     • ss          :     0 конфигов (  0.0% от clean)
2026-07-02 04:02:00,755 | INFO     |     • trojan      :     0 конфигов (  0.0% от clean)
2026-07-02 04:02:00,756 | INFO     |     • vless       :     3 конфигов ( 30.0% от clean)
2026-07-02 04:02:00,756 | INFO     |     • vmess       :     0 конфигов (  0.0% от clean)
2026-07-02 04:02:00,756 | INFO     | 
2026-07-02 04:02:00,756 | INFO     |   ──────────────────────────────────────────────────
2026-07-02 04:02:00,756 | INFO     |   📈 ИТОГО:
2026-07-02 04:02:00,756 | INFO     |     Clean (после geo-фильтра):       17
2026-07-02 04:02:00,756 | INFO     |     RU-SNI (после SNI-фильтра):       3
2026-07-02 04:02:00,756 | INFO     |     Прошло фильтр:                 17.6%
2026-07-02 04:02:00,756 | INFO     |   ──────────────────────────────────────────────────
2026-07-02 04:02:00,756 | INFO     | ✅ Статистика сохранена: /home/runner/work/vpn-vless-configs-russia/vpn-vless-configs-russia/stats.json
2026-07-02 04:02:00,756 | INFO     | 
2026-07-02 04:02:00,756 | INFO     | ======================================================================
2026-07-02 04:02:00,756 | INFO     | 📊 ИТОГОВЫЙ ОТЧЁТ
2026-07-02 04:02:00,756 | INFO     | ======================================================================
2026-07-02 04:02:00,757 | INFO     |   ✅ OK         | Загрузка и geo-фильтрация
2026-07-02 04:02:00,757 | INFO     |   ✅ OK         | Фильтрация по реальному SNI
2026-07-02 04:02:00,757 | INFO     |   ✅ OK         | Экспериментальный RU-SNI фильтр
2026-07-02 04:02:00,757 | INFO     |   ✅ OK         | Сбор статистики
2026-07-02 04:02:00,757 | INFO     | ──────────────────────────────────────────────────────────────────────
2026-07-02 04:02:00,757 | INFO     | ✅ ВСЕ ЭТАПЫ УСПЕШНЫ (4/4)
2026-07-02 04:02:00,757 | INFO     | ⏰ Время завершения: 2026-07-02 04:02:00
2026-07-02 04:02:00,757 | INFO     | ======================================================================
