2026-05-27 20:26:42,731 | INFO     | ======================================================================
2026-05-27 20:26:42,731 | INFO     | 🔍 VPN KEY CHECKER - Начало проверки
2026-05-27 20:26:42,731 | INFO     | ⏰ Время старта: 2026-05-27 20:26:42
2026-05-27 20:26:42,731 | INFO     | 📂 Рабочая директория: /home/runner/work/vpn-vless-configs-russia/vpn-vless-configs-russia
2026-05-27 20:26:42,732 | INFO     | ======================================================================
2026-05-27 20:26:42,732 | INFO     | 
2026-05-27 20:26:42,732 | INFO     | 🔍 Проверка наличия скриптов...
2026-05-27 20:26:42,732 | INFO     |   ✅ mirror.py
2026-05-27 20:26:42,732 | INFO     |   ✅ filter_ru_sni.py
2026-05-27 20:26:42,732 | INFO     |   ✅ filter_ru_sni_local.py
2026-05-27 20:26:42,732 | INFO     | 
2026-05-27 20:26:42,732 | INFO     | 
2026-05-27 20:26:42,732 | INFO     | ──────────────────────────────────────────────────────────────────────
2026-05-27 20:26:42,732 | INFO     | 📌 ЭТАП: Загрузка и geo-фильтрация
2026-05-27 20:26:42,732 | INFO     | ──────────────────────────────────────────────────────────────────────
2026-05-27 20:26:42,732 | INFO     | 🚀 Запуск mirror.py (Загрузка и фильтрация по РФ/СНГ/Европа)...
2026-05-27 20:26:45,728 | INFO     |   → 🚀 Старт: всего источников (старые + новые): 8
2026-05-27 20:26:45,728 | INFO     |   → 1/8: ✅ 0 взято | 🗑️ 0 мусор
2026-05-27 20:26:45,728 | INFO     |   → 2/8: ✅ 0 взято | 🗑️ 0 мусор
2026-05-27 20:26:45,728 | INFO     |   → 3/8: ✅ 0 взято | 🗑️ 116 мусор
2026-05-27 20:26:45,728 | INFO     |   → 4/8: ✅ 0 взято | 🗑️ 0 мусор
2026-05-27 20:26:45,728 | INFO     |   → 5/8: ✅ 6 взято | 🗑️ 24 мусор
2026-05-27 20:26:45,728 | INFO     |   → 6/8: ✅ 0 взято | 🗑️ 24 мусор
2026-05-27 20:26:45,728 | INFO     |   → 7/8: ✅ 6 взято | 🗑️ 18 мусор
2026-05-27 20:26:45,728 | INFO     |   → 8/8: ✅ 0 взято | 🗑️ 0 мусор
2026-05-27 20:26:45,728 | INFO     |   → ✅ ГОТОВО!
2026-05-27 20:26:45,728 | INFO     |   →    📥 Всего ключей после фильтра: 12
2026-05-27 20:26:45,728 | INFO     |   →    🔗 Уникальных IP:PORT:SCHEME: 12
2026-05-27 20:26:45,728 | INFO     |   →    🗑️ Выброшено мусора: 182
2026-05-27 20:26:45,728 | INFO     |   → 📊 По протоколам:
2026-05-27 20:26:45,728 | INFO     |   →    vless: 9
2026-05-27 20:26:45,728 | INFO     |   →    ss: 2
2026-05-27 20:26:45,728 | INFO     |   →    hysteria2: 1
2026-05-27 20:26:45,729 | INFO     | ✅ mirror.py завершён успешно
2026-05-27 20:26:45,729 | INFO     | 
2026-05-27 20:26:45,729 | INFO     | 
2026-05-27 20:26:45,729 | INFO     | ──────────────────────────────────────────────────────────────────────
2026-05-27 20:26:45,729 | INFO     | 📌 ЭТАП: Фильтрация по реальному SNI
2026-05-27 20:26:45,729 | INFO     | ──────────────────────────────────────────────────────────────────────
2026-05-27 20:26:45,729 | INFO     | 🚀 Запуск filter_ru_sni.py (Фильтр по реальному SNI (CDN+RU))...
2026-05-27 20:26:45,757 | INFO     |   → hysteria2.txt: 1 → 0 (SNI-filtered)
2026-05-27 20:26:45,757 | INFO     |   →   ss.txt: 2 → 0 (SNI-filtered)
2026-05-27 20:26:45,757 | INFO     |   →   vless.txt: 9 → 2 (SNI-filtered)
2026-05-27 20:26:45,757 | INFO     |   → ==================================================
2026-05-27 20:26:45,757 | INFO     |   →   Всего входных:  12
2026-05-27 20:26:45,757 | INFO     |   →   Прошли фильтр:  2
2026-05-27 20:26:45,757 | INFO     |   →   Отброшено:      10
2026-05-27 20:26:45,757 | INFO     |   → ==================================================
2026-05-27 20:26:45,758 | INFO     |   → Готово → /home/runner/work/vpn-vless-configs-russia/vpn-vless-configs-russia/githubmirror/ru-sni
2026-05-27 20:26:45,758 | INFO     | ✅ filter_ru_sni.py завершён успешно
2026-05-27 20:26:45,758 | INFO     | 
2026-05-27 20:26:45,758 | INFO     | 
2026-05-27 20:26:45,758 | INFO     | ──────────────────────────────────────────────────────────────────────
2026-05-27 20:26:45,758 | INFO     | 📌 ЭТАП: Экспериментальный RU-SNI фильтр
2026-05-27 20:26:45,758 | INFO     | ──────────────────────────────────────────────────────────────────────
2026-05-27 20:26:45,758 | INFO     | 🚀 Запуск filter_ru_sni_local.py (Экспериментальный фильтр по RU-SNI (локальные домены))...
2026-05-27 20:26:45,791 | INFO     |   → hysteria2.txt: 1 → 0 (RU-SNI)
2026-05-27 20:26:45,791 | INFO     |   → ss.txt: 2 → 0 (RU-SNI)
2026-05-27 20:26:45,791 | INFO     |   → vless.txt: 9 → 0 (RU-SNI)
2026-05-27 20:26:45,791 | INFO     |   → ==================================================
2026-05-27 20:26:45,791 | INFO     |   → Всего входных:  12
2026-05-27 20:26:45,791 | INFO     |   → Прошли RU-SNI:  0
2026-05-27 20:26:45,791 | INFO     |   → Отброшено:      12
2026-05-27 20:26:45,791 | INFO     |   → ==================================================
2026-05-27 20:26:45,791 | INFO     |   → Готово → /home/runner/work/vpn-vless-configs-russia/vpn-vless-configs-russia/githubmirror/ru-sni-local
2026-05-27 20:26:45,791 | INFO     | ✅ filter_ru_sni_local.py завершён успешно
2026-05-27 20:26:45,791 | INFO     | 
2026-05-27 20:26:45,791 | INFO     | 
2026-05-27 20:26:45,791 | INFO     | ──────────────────────────────────────────────────────────────────────
2026-05-27 20:26:45,791 | INFO     | 📌 ЭТАП: Сбор статистики
2026-05-27 20:26:45,791 | INFO     | ──────────────────────────────────────────────────────────────────────
2026-05-27 20:26:45,791 | INFO     | 📊 Сбор статистики...
2026-05-27 20:26:45,792 | INFO     |   📁 githubmirror/clean:
2026-05-27 20:26:45,792 | INFO     |     • hysteria2   :     1 конфигов
2026-05-27 20:26:45,792 | INFO     |     • ss          :     2 конфигов
2026-05-27 20:26:45,792 | INFO     |     • vless       :     9 конфигов
2026-05-27 20:26:45,792 | INFO     |   📁 githubmirror/ru-sni:
2026-05-27 20:26:45,792 | INFO     |     • hysteria2   :     0 конфигов (  0.0% от clean)
2026-05-27 20:26:45,793 | INFO     |     • ss          :     0 конфигов (  0.0% от clean)
2026-05-27 20:26:45,793 | INFO     |     • vless       :     2 конфигов ( 22.2% от clean)
2026-05-27 20:26:45,793 | INFO     | 
2026-05-27 20:26:45,793 | INFO     |   ──────────────────────────────────────────────────
2026-05-27 20:26:45,793 | INFO     |   📈 ИТОГО:
2026-05-27 20:26:45,793 | INFO     |     Clean (после geo-фильтра):       12
2026-05-27 20:26:45,793 | INFO     |     RU-SNI (после SNI-фильтра):       2
2026-05-27 20:26:45,793 | INFO     |     Прошло фильтр:                 16.7%
2026-05-27 20:26:45,793 | INFO     |   ──────────────────────────────────────────────────
2026-05-27 20:26:45,793 | INFO     | ✅ Статистика сохранена: /home/runner/work/vpn-vless-configs-russia/vpn-vless-configs-russia/stats.json
2026-05-27 20:26:45,793 | INFO     | 
2026-05-27 20:26:45,793 | INFO     | ======================================================================
2026-05-27 20:26:45,793 | INFO     | 📊 ИТОГОВЫЙ ОТЧЁТ
2026-05-27 20:26:45,793 | INFO     | ======================================================================
2026-05-27 20:26:45,793 | INFO     |   ✅ OK         | Загрузка и geo-фильтрация
2026-05-27 20:26:45,794 | INFO     |   ✅ OK         | Фильтрация по реальному SNI
2026-05-27 20:26:45,794 | INFO     |   ✅ OK         | Экспериментальный RU-SNI фильтр
2026-05-27 20:26:45,794 | INFO     |   ✅ OK         | Сбор статистики
2026-05-27 20:26:45,794 | INFO     | ──────────────────────────────────────────────────────────────────────
2026-05-27 20:26:45,794 | INFO     | ✅ ВСЕ ЭТАПЫ УСПЕШНЫ (4/4)
2026-05-27 20:26:45,794 | INFO     | ⏰ Время завершения: 2026-05-27 20:26:45
2026-05-27 20:26:45,794 | INFO     | ======================================================================
