2026-06-12 04:28:54,694 | INFO     | ======================================================================
2026-06-12 04:28:54,694 | INFO     | 🔍 VPN KEY CHECKER - Начало проверки
2026-06-12 04:28:54,694 | INFO     | ⏰ Время старта: 2026-06-12 04:28:54
2026-06-12 04:28:54,694 | INFO     | 📂 Рабочая директория: /home/runner/work/vpn-vless-configs-russia/vpn-vless-configs-russia
2026-06-12 04:28:54,694 | INFO     | ======================================================================
2026-06-12 04:28:54,694 | INFO     | 
2026-06-12 04:28:54,694 | INFO     | 🔍 Проверка наличия скриптов...
2026-06-12 04:28:54,694 | INFO     |   ✅ mirror.py
2026-06-12 04:28:54,694 | INFO     |   ✅ filter_ru_sni.py
2026-06-12 04:28:54,694 | INFO     |   ✅ filter_ru_sni_local.py
2026-06-12 04:28:54,694 | INFO     | 
2026-06-12 04:28:54,694 | INFO     | 
2026-06-12 04:28:54,695 | INFO     | ──────────────────────────────────────────────────────────────────────
2026-06-12 04:28:54,695 | INFO     | 📌 ЭТАП: Загрузка и geo-фильтрация
2026-06-12 04:28:54,695 | INFO     | ──────────────────────────────────────────────────────────────────────
2026-06-12 04:28:54,695 | INFO     | 🚀 Запуск mirror.py (Загрузка и фильтрация по РФ/СНГ/Европа)...
2026-06-12 04:29:26,329 | INFO     |   → 🚀 Старт: всего источников (старые + новые): 8
2026-06-12 04:29:26,329 | INFO     |   → 1/8: ✅ 0 взято | 🗑️ 0 мусор
2026-06-12 04:29:26,329 | INFO     |   → 2/8: ✅ 0 взято | 🗑️ 0 мусор
2026-06-12 04:29:26,330 | INFO     |   → 3/8: ✅ 0 взято | 🗑️ 0 мусор
2026-06-12 04:29:26,330 | INFO     |   → 4/8: ✅ 15 взято | 🗑️ 179 мусор
2026-06-12 04:29:26,330 | INFO     |   → 5/8 ⚠️ Ошибка: HTTPSConnectionPool(host='hh.yudou226.top', port=443): Read timed out. (read timeout=15) — https://hh.yudou226.top/202606/20260611bah6se.txt
2026-06-12 04:29:26,330 | INFO     |   → 6/8 ⚠️ Ошибка: HTTPSConnectionPool(host='hh.yudou226.top', port=443): Max retries exceeded with url: /202606/20260611mn4eta.yaml (Caused by ConnectTimeoutError(<HTTPSConnection(host='hh.yudou226.top', port=443) at 0x7f28111edf50>, 'Connection to hh.yudou226.top timed out. (connect timeout=15)')) — https://hh.yudou226.top/202606/20260611mn4eta.yaml
2026-06-12 04:29:26,330 | INFO     |   → 7/8: ✅ 5 взято | 🗑️ 9 мусор
2026-06-12 04:29:26,330 | INFO     |   → 8/8: ✅ 0 взято | 🗑️ 9 мусор
2026-06-12 04:29:26,330 | INFO     |   → ✅ ГОТОВО!
2026-06-12 04:29:26,330 | INFO     |   →    📥 Всего ключей после фильтра: 20
2026-06-12 04:29:26,330 | INFO     |   →    🔗 Уникальных IP:PORT:SCHEME: 14
2026-06-12 04:29:26,330 | INFO     |   →    🗑️ Выброшено мусора: 197
2026-06-12 04:29:26,330 | INFO     |   → 📊 По протоколам:
2026-06-12 04:29:26,330 | INFO     |   →    vless: 9
2026-06-12 04:29:26,330 | INFO     |   →    vmess: 1
2026-06-12 04:29:26,330 | INFO     |   →    trojan: 3
2026-06-12 04:29:26,330 | INFO     |   →    hysteria2: 1
2026-06-12 04:29:26,330 | INFO     | ✅ mirror.py завершён успешно
2026-06-12 04:29:26,330 | INFO     | 
2026-06-12 04:29:26,330 | INFO     | 
2026-06-12 04:29:26,330 | INFO     | ──────────────────────────────────────────────────────────────────────
2026-06-12 04:29:26,330 | INFO     | 📌 ЭТАП: Фильтрация по реальному SNI
2026-06-12 04:29:26,330 | INFO     | ──────────────────────────────────────────────────────────────────────
2026-06-12 04:29:26,330 | INFO     | 🚀 Запуск filter_ru_sni.py (Фильтр по реальному SNI (CDN+RU))...
2026-06-12 04:29:26,358 | INFO     |   → hysteria2.txt: 1 → 0 (SNI-filtered)
2026-06-12 04:29:26,358 | INFO     |   →   trojan.txt: 3 → 0 (SNI-filtered)
2026-06-12 04:29:26,358 | INFO     |   →   vless.txt: 9 → 0 (SNI-filtered)
2026-06-12 04:29:26,358 | INFO     |   →   vmess.txt: 1 → 0 (SNI-filtered)
2026-06-12 04:29:26,359 | INFO     |   → ==================================================
2026-06-12 04:29:26,359 | INFO     |   →   Всего входных:  14
2026-06-12 04:29:26,359 | INFO     |   →   Прошли фильтр:  0
2026-06-12 04:29:26,359 | INFO     |   →   Отброшено:      14
2026-06-12 04:29:26,359 | INFO     |   → ==================================================
2026-06-12 04:29:26,359 | INFO     |   → Готово → /home/runner/work/vpn-vless-configs-russia/vpn-vless-configs-russia/githubmirror/ru-sni
2026-06-12 04:29:26,359 | INFO     | ✅ filter_ru_sni.py завершён успешно
2026-06-12 04:29:26,359 | INFO     | 
2026-06-12 04:29:26,359 | INFO     | 
2026-06-12 04:29:26,359 | INFO     | ──────────────────────────────────────────────────────────────────────
2026-06-12 04:29:26,359 | INFO     | 📌 ЭТАП: Экспериментальный RU-SNI фильтр
2026-06-12 04:29:26,359 | INFO     | ──────────────────────────────────────────────────────────────────────
2026-06-12 04:29:26,359 | INFO     | 🚀 Запуск filter_ru_sni_local.py (Экспериментальный фильтр по RU-SNI (локальные домены))...
2026-06-12 04:29:26,386 | INFO     |   → hysteria2.txt: 1 → 0 (RU-SNI)
2026-06-12 04:29:26,387 | INFO     |   → trojan.txt: 3 → 0 (RU-SNI)
2026-06-12 04:29:26,387 | INFO     |   → vless.txt: 9 → 0 (RU-SNI)
2026-06-12 04:29:26,387 | INFO     |   → vmess.txt: 1 → 0 (RU-SNI)
2026-06-12 04:29:26,387 | INFO     |   → ==================================================
2026-06-12 04:29:26,387 | INFO     |   → Всего входных:  14
2026-06-12 04:29:26,387 | INFO     |   → Прошли RU-SNI:  0
2026-06-12 04:29:26,387 | INFO     |   → Отброшено:      14
2026-06-12 04:29:26,387 | INFO     |   → ==================================================
2026-06-12 04:29:26,387 | INFO     |   → Готово → /home/runner/work/vpn-vless-configs-russia/vpn-vless-configs-russia/githubmirror/ru-sni-local
2026-06-12 04:29:26,387 | INFO     | ✅ filter_ru_sni_local.py завершён успешно
2026-06-12 04:29:26,387 | INFO     | 
2026-06-12 04:29:26,387 | INFO     | 
2026-06-12 04:29:26,387 | INFO     | ──────────────────────────────────────────────────────────────────────
2026-06-12 04:29:26,387 | INFO     | 📌 ЭТАП: Сбор статистики
2026-06-12 04:29:26,387 | INFO     | ──────────────────────────────────────────────────────────────────────
2026-06-12 04:29:26,387 | INFO     | 📊 Сбор статистики...
2026-06-12 04:29:26,387 | INFO     |   📁 githubmirror/clean:
2026-06-12 04:29:26,387 | INFO     |     • hysteria2   :     1 конфигов
2026-06-12 04:29:26,387 | INFO     |     • trojan      :     3 конфигов
2026-06-12 04:29:26,388 | INFO     |     • vless       :     9 конфигов
2026-06-12 04:29:26,388 | INFO     |     • vmess       :     1 конфигов
2026-06-12 04:29:26,388 | INFO     |   📁 githubmirror/ru-sni:
2026-06-12 04:29:26,388 | INFO     |     • hysteria2   :     0 конфигов (  0.0% от clean)
2026-06-12 04:29:26,388 | INFO     |     • trojan      :     0 конфигов (  0.0% от clean)
2026-06-12 04:29:26,388 | INFO     |     • vless       :     0 конфигов (  0.0% от clean)
2026-06-12 04:29:26,388 | INFO     |     • vmess       :     0 конфигов (  0.0% от clean)
2026-06-12 04:29:26,388 | INFO     | 
2026-06-12 04:29:26,388 | INFO     |   ──────────────────────────────────────────────────
2026-06-12 04:29:26,388 | INFO     |   📈 ИТОГО:
2026-06-12 04:29:26,388 | INFO     |     Clean (после geo-фильтра):       14
2026-06-12 04:29:26,388 | INFO     |     RU-SNI (после SNI-фильтра):       0
2026-06-12 04:29:26,388 | INFO     |     Прошло фильтр:                  0.0%
2026-06-12 04:29:26,388 | INFO     |   ──────────────────────────────────────────────────
2026-06-12 04:29:26,388 | INFO     | ✅ Статистика сохранена: /home/runner/work/vpn-vless-configs-russia/vpn-vless-configs-russia/stats.json
2026-06-12 04:29:26,388 | INFO     | 
2026-06-12 04:29:26,388 | INFO     | ======================================================================
2026-06-12 04:29:26,388 | INFO     | 📊 ИТОГОВЫЙ ОТЧЁТ
2026-06-12 04:29:26,388 | INFO     | ======================================================================
2026-06-12 04:29:26,388 | INFO     |   ✅ OK         | Загрузка и geo-фильтрация
2026-06-12 04:29:26,389 | INFO     |   ✅ OK         | Фильтрация по реальному SNI
2026-06-12 04:29:26,389 | INFO     |   ✅ OK         | Экспериментальный RU-SNI фильтр
2026-06-12 04:29:26,389 | INFO     |   ✅ OK         | Сбор статистики
2026-06-12 04:29:26,389 | INFO     | ──────────────────────────────────────────────────────────────────────
2026-06-12 04:29:26,389 | INFO     | ✅ ВСЕ ЭТАПЫ УСПЕШНЫ (4/4)
2026-06-12 04:29:26,389 | INFO     | ⏰ Время завершения: 2026-06-12 04:29:26
2026-06-12 04:29:26,389 | INFO     | ======================================================================
