2026-06-07 14:06:51,355 | INFO     | ======================================================================
2026-06-07 14:06:51,355 | INFO     | 🔍 VPN KEY CHECKER - Начало проверки
2026-06-07 14:06:51,356 | INFO     | ⏰ Время старта: 2026-06-07 14:06:51
2026-06-07 14:06:51,356 | INFO     | 📂 Рабочая директория: /home/runner/work/vpn-vless-configs-russia/vpn-vless-configs-russia
2026-06-07 14:06:51,356 | INFO     | ======================================================================
2026-06-07 14:06:51,356 | INFO     | 
2026-06-07 14:06:51,356 | INFO     | 🔍 Проверка наличия скриптов...
2026-06-07 14:06:51,356 | INFO     |   ✅ mirror.py
2026-06-07 14:06:51,356 | INFO     |   ✅ filter_ru_sni.py
2026-06-07 14:06:51,356 | INFO     |   ✅ filter_ru_sni_local.py
2026-06-07 14:06:51,356 | INFO     | 
2026-06-07 14:06:51,356 | INFO     | 
2026-06-07 14:06:51,356 | INFO     | ──────────────────────────────────────────────────────────────────────
2026-06-07 14:06:51,356 | INFO     | 📌 ЭТАП: Загрузка и geo-фильтрация
2026-06-07 14:06:51,356 | INFO     | ──────────────────────────────────────────────────────────────────────
2026-06-07 14:06:51,356 | INFO     | 🚀 Запуск mirror.py (Загрузка и фильтрация по РФ/СНГ/Европа)...
2026-06-07 14:06:54,903 | INFO     |   → 🚀 Старт: всего источников (старые + новые): 8
2026-06-07 14:06:54,903 | INFO     |   → 1/8: ✅ 0 взято | 🗑️ 0 мусор
2026-06-07 14:06:54,903 | INFO     |   → 2/8: ✅ 0 взято | 🗑️ 0 мусор
2026-06-07 14:06:54,903 | INFO     |   → 3/8: ✅ 13 взято | 🗑️ 109 мусор
2026-06-07 14:06:54,903 | INFO     |   → 4/8: ✅ 0 взято | 🗑️ 0 мусор
2026-06-07 14:06:54,903 | INFO     |   → 5/8: ✅ 1 взято | 🗑️ 124 мусор
2026-06-07 14:06:54,903 | INFO     |   → 6/8: ✅ 0 взято | 🗑️ 0 мусор
2026-06-07 14:06:54,903 | INFO     |   → 7/8: ✅ 13 взято | 🗑️ 7 мусор
2026-06-07 14:06:54,903 | INFO     |   → 8/8: ✅ 0 взято | 🗑️ 7 мусор
2026-06-07 14:06:54,903 | INFO     |   → ✅ ГОТОВО!
2026-06-07 14:06:54,903 | INFO     |   →    📥 Всего ключей после фильтра: 27
2026-06-07 14:06:54,903 | INFO     |   →    🔗 Уникальных IP:PORT:SCHEME: 22
2026-06-07 14:06:54,903 | INFO     |   →    🗑️ Выброшено мусора: 247
2026-06-07 14:06:54,903 | INFO     |   → 📊 По протоколам:
2026-06-07 14:06:54,903 | INFO     |   →    vless: 14
2026-06-07 14:06:54,904 | INFO     |   →    vmess: 1
2026-06-07 14:06:54,904 | INFO     |   →    trojan: 2
2026-06-07 14:06:54,904 | INFO     |   →    ss: 3
2026-06-07 14:06:54,904 | INFO     |   →    hysteria2: 2
2026-06-07 14:06:54,904 | INFO     | ✅ mirror.py завершён успешно
2026-06-07 14:06:54,904 | INFO     | 
2026-06-07 14:06:54,904 | INFO     | 
2026-06-07 14:06:54,904 | INFO     | ──────────────────────────────────────────────────────────────────────
2026-06-07 14:06:54,904 | INFO     | 📌 ЭТАП: Фильтрация по реальному SNI
2026-06-07 14:06:54,904 | INFO     | ──────────────────────────────────────────────────────────────────────
2026-06-07 14:06:54,904 | INFO     | 🚀 Запуск filter_ru_sni.py (Фильтр по реальному SNI (CDN+RU))...
2026-06-07 14:06:54,933 | INFO     |   → hysteria2.txt: 2 → 1 (SNI-filtered)
2026-06-07 14:06:54,933 | INFO     |   →   ss.txt: 3 → 0 (SNI-filtered)
2026-06-07 14:06:54,933 | INFO     |   →   trojan.txt: 2 → 0 (SNI-filtered)
2026-06-07 14:06:54,933 | INFO     |   →   vless.txt: 14 → 3 (SNI-filtered)
2026-06-07 14:06:54,933 | INFO     |   →   vmess.txt: 1 → 0 (SNI-filtered)
2026-06-07 14:06:54,933 | INFO     |   → ==================================================
2026-06-07 14:06:54,933 | INFO     |   →   Всего входных:  22
2026-06-07 14:06:54,933 | INFO     |   →   Прошли фильтр:  4
2026-06-07 14:06:54,933 | INFO     |   →   Отброшено:      18
2026-06-07 14:06:54,933 | INFO     |   → ==================================================
2026-06-07 14:06:54,933 | INFO     |   → Готово → /home/runner/work/vpn-vless-configs-russia/vpn-vless-configs-russia/githubmirror/ru-sni
2026-06-07 14:06:54,933 | INFO     | ✅ filter_ru_sni.py завершён успешно
2026-06-07 14:06:54,934 | INFO     | 
2026-06-07 14:06:54,934 | INFO     | 
2026-06-07 14:06:54,934 | INFO     | ──────────────────────────────────────────────────────────────────────
2026-06-07 14:06:54,934 | INFO     | 📌 ЭТАП: Экспериментальный RU-SNI фильтр
2026-06-07 14:06:54,934 | INFO     | ──────────────────────────────────────────────────────────────────────
2026-06-07 14:06:54,934 | INFO     | 🚀 Запуск filter_ru_sni_local.py (Экспериментальный фильтр по RU-SNI (локальные домены))...
2026-06-07 14:06:54,961 | INFO     |   → hysteria2.txt: 2 → 0 (RU-SNI)
2026-06-07 14:06:54,961 | INFO     |   → ss.txt: 3 → 0 (RU-SNI)
2026-06-07 14:06:54,961 | INFO     |   → trojan.txt: 2 → 0 (RU-SNI)
2026-06-07 14:06:54,961 | INFO     |   → vless.txt: 14 → 1 (RU-SNI)
2026-06-07 14:06:54,961 | INFO     |   → vmess.txt: 1 → 0 (RU-SNI)
2026-06-07 14:06:54,961 | INFO     |   → ==================================================
2026-06-07 14:06:54,961 | INFO     |   → Всего входных:  22
2026-06-07 14:06:54,961 | INFO     |   → Прошли RU-SNI:  1
2026-06-07 14:06:54,961 | INFO     |   → Отброшено:      21
2026-06-07 14:06:54,961 | INFO     |   → ==================================================
2026-06-07 14:06:54,961 | INFO     |   → Готово → /home/runner/work/vpn-vless-configs-russia/vpn-vless-configs-russia/githubmirror/ru-sni-local
2026-06-07 14:06:54,961 | INFO     | ✅ filter_ru_sni_local.py завершён успешно
2026-06-07 14:06:54,961 | INFO     | 
2026-06-07 14:06:54,961 | INFO     | 
2026-06-07 14:06:54,961 | INFO     | ──────────────────────────────────────────────────────────────────────
2026-06-07 14:06:54,961 | INFO     | 📌 ЭТАП: Сбор статистики
2026-06-07 14:06:54,961 | INFO     | ──────────────────────────────────────────────────────────────────────
2026-06-07 14:06:54,962 | INFO     | 📊 Сбор статистики...
2026-06-07 14:06:54,962 | INFO     |   📁 githubmirror/clean:
2026-06-07 14:06:54,962 | INFO     |     • hysteria2   :     2 конфигов
2026-06-07 14:06:54,962 | INFO     |     • ss          :     3 конфигов
2026-06-07 14:06:54,962 | INFO     |     • trojan      :     2 конфигов
2026-06-07 14:06:54,962 | INFO     |     • vless       :    14 конфигов
2026-06-07 14:06:54,962 | INFO     |     • vmess       :     1 конфигов
2026-06-07 14:06:54,963 | INFO     |   📁 githubmirror/ru-sni:
2026-06-07 14:06:54,963 | INFO     |     • hysteria2   :     1 конфигов ( 50.0% от clean)
2026-06-07 14:06:54,963 | INFO     |     • ss          :     0 конфигов (  0.0% от clean)
2026-06-07 14:06:54,963 | INFO     |     • trojan      :     0 конфигов (  0.0% от clean)
2026-06-07 14:06:54,963 | INFO     |     • vless       :     3 конфигов ( 21.4% от clean)
2026-06-07 14:06:54,963 | INFO     |     • vmess       :     0 конфигов (  0.0% от clean)
2026-06-07 14:06:54,963 | INFO     | 
2026-06-07 14:06:54,963 | INFO     |   ──────────────────────────────────────────────────
2026-06-07 14:06:54,963 | INFO     |   📈 ИТОГО:
2026-06-07 14:06:54,963 | INFO     |     Clean (после geo-фильтра):       22
2026-06-07 14:06:54,963 | INFO     |     RU-SNI (после SNI-фильтра):       4
2026-06-07 14:06:54,964 | INFO     |     Прошло фильтр:                 18.2%
2026-06-07 14:06:54,964 | INFO     |   ──────────────────────────────────────────────────
2026-06-07 14:06:54,964 | INFO     | ✅ Статистика сохранена: /home/runner/work/vpn-vless-configs-russia/vpn-vless-configs-russia/stats.json
2026-06-07 14:06:54,964 | INFO     | 
2026-06-07 14:06:54,964 | INFO     | ======================================================================
2026-06-07 14:06:54,964 | INFO     | 📊 ИТОГОВЫЙ ОТЧЁТ
2026-06-07 14:06:54,964 | INFO     | ======================================================================
2026-06-07 14:06:54,964 | INFO     |   ✅ OK         | Загрузка и geo-фильтрация
2026-06-07 14:06:54,964 | INFO     |   ✅ OK         | Фильтрация по реальному SNI
2026-06-07 14:06:54,964 | INFO     |   ✅ OK         | Экспериментальный RU-SNI фильтр
2026-06-07 14:06:54,964 | INFO     |   ✅ OK         | Сбор статистики
2026-06-07 14:06:54,964 | INFO     | ──────────────────────────────────────────────────────────────────────
2026-06-07 14:06:54,964 | INFO     | ✅ ВСЕ ЭТАПЫ УСПЕШНЫ (4/4)
2026-06-07 14:06:54,964 | INFO     | ⏰ Время завершения: 2026-06-07 14:06:54
2026-06-07 14:06:54,964 | INFO     | ======================================================================
