2026-06-20 04:12:14,171 | INFO     | ======================================================================
2026-06-20 04:12:14,171 | INFO     | 🔍 VPN KEY CHECKER - Начало проверки
2026-06-20 04:12:14,171 | INFO     | ⏰ Время старта: 2026-06-20 04:12:14
2026-06-20 04:12:14,171 | INFO     | 📂 Рабочая директория: /home/runner/work/vpn-vless-configs-russia/vpn-vless-configs-russia
2026-06-20 04:12:14,171 | INFO     | ======================================================================
2026-06-20 04:12:14,171 | INFO     | 
2026-06-20 04:12:14,171 | INFO     | 🔍 Проверка наличия скриптов...
2026-06-20 04:12:14,171 | INFO     |   ✅ mirror.py
2026-06-20 04:12:14,171 | INFO     |   ✅ filter_ru_sni.py
2026-06-20 04:12:14,172 | INFO     |   ✅ filter_ru_sni_local.py
2026-06-20 04:12:14,172 | INFO     | 
2026-06-20 04:12:14,172 | INFO     | 
2026-06-20 04:12:14,172 | INFO     | ──────────────────────────────────────────────────────────────────────
2026-06-20 04:12:14,172 | INFO     | 📌 ЭТАП: Загрузка и geo-фильтрация
2026-06-20 04:12:14,172 | INFO     | ──────────────────────────────────────────────────────────────────────
2026-06-20 04:12:14,172 | INFO     | 🚀 Запуск mirror.py (Загрузка и фильтрация по РФ/СНГ/Европа)...
2026-06-20 04:12:18,908 | INFO     |   → 🚀 Старт: всего источников (старые + новые): 10
2026-06-20 04:12:18,908 | INFO     |   → 1/10: ✅ 0 взято | 🗑️ 0 мусор
2026-06-20 04:12:18,908 | INFO     |   → 2/10: ✅ 0 взято | 🗑️ 0 мусор
2026-06-20 04:12:18,908 | INFO     |   → 3/10: ✅ 5 взято | 🗑️ 166 мусор
2026-06-20 04:12:18,908 | INFO     |   → 4/10: ✅ 0 взято | 🗑️ 0 мусор
2026-06-20 04:12:18,908 | INFO     |   → 5/10: ✅ 1 взято | 🗑️ 174 мусор
2026-06-20 04:12:18,908 | INFO     |   → 6/10: ✅ 0 взято | 🗑️ 0 мусор
2026-06-20 04:12:18,908 | INFO     |   → 7/10: ✅ 5 взято | 🗑️ 9 мусор
2026-06-20 04:12:18,908 | INFO     |   → 8/10: ✅ 0 взято | 🗑️ 9 мусор
2026-06-20 04:12:18,908 | INFO     |   → 9/10: ✅ 0 взято | 🗑️ 0 мусор
2026-06-20 04:12:18,908 | INFO     |   → 10/10: ✅ 6 взято | 🗑️ 221 мусор
2026-06-20 04:12:18,908 | INFO     |   → ✅ ГОТОВО!
2026-06-20 04:12:18,908 | INFO     |   →    📥 Всего ключей после фильтра: 17
2026-06-20 04:12:18,908 | INFO     |   →    🔗 Уникальных IP:PORT:SCHEME: 12
2026-06-20 04:12:18,908 | INFO     |   →    🗑️ Выброшено мусора: 579
2026-06-20 04:12:18,908 | INFO     |   → 📊 По протоколам:
2026-06-20 04:12:18,908 | INFO     |   →    vless: 9
2026-06-20 04:12:18,908 | INFO     |   →    vmess: 1
2026-06-20 04:12:18,909 | INFO     |   →    trojan: 2
2026-06-20 04:12:18,909 | INFO     | ✅ mirror.py завершён успешно
2026-06-20 04:12:18,909 | INFO     | 
2026-06-20 04:12:18,909 | INFO     | 
2026-06-20 04:12:18,909 | INFO     | ──────────────────────────────────────────────────────────────────────
2026-06-20 04:12:18,909 | INFO     | 📌 ЭТАП: Фильтрация по реальному SNI
2026-06-20 04:12:18,909 | INFO     | ──────────────────────────────────────────────────────────────────────
2026-06-20 04:12:18,909 | INFO     | 🚀 Запуск filter_ru_sni.py (Фильтр по реальному SNI (CDN+RU))...
2026-06-20 04:12:18,937 | INFO     |   → trojan.txt: 2 → 0 (SNI-filtered)
2026-06-20 04:12:18,937 | INFO     |   →   vless.txt: 9 → 0 (SNI-filtered)
2026-06-20 04:12:18,937 | INFO     |   →   vmess.txt: 1 → 0 (SNI-filtered)
2026-06-20 04:12:18,937 | INFO     |   → ==================================================
2026-06-20 04:12:18,937 | INFO     |   →   Всего входных:  12
2026-06-20 04:12:18,937 | INFO     |   →   Прошли фильтр:  0
2026-06-20 04:12:18,937 | INFO     |   →   Отброшено:      12
2026-06-20 04:12:18,937 | INFO     |   → ==================================================
2026-06-20 04:12:18,937 | INFO     |   → Готово → /home/runner/work/vpn-vless-configs-russia/vpn-vless-configs-russia/githubmirror/ru-sni
2026-06-20 04:12:18,937 | INFO     | ✅ filter_ru_sni.py завершён успешно
2026-06-20 04:12:18,937 | INFO     | 
2026-06-20 04:12:18,937 | INFO     | 
2026-06-20 04:12:18,937 | INFO     | ──────────────────────────────────────────────────────────────────────
2026-06-20 04:12:18,937 | INFO     | 📌 ЭТАП: Экспериментальный RU-SNI фильтр
2026-06-20 04:12:18,937 | INFO     | ──────────────────────────────────────────────────────────────────────
2026-06-20 04:12:18,937 | INFO     | 🚀 Запуск filter_ru_sni_local.py (Экспериментальный фильтр по RU-SNI (локальные домены))...
2026-06-20 04:12:18,964 | INFO     |   → trojan.txt: 2 → 0 (RU-SNI)
2026-06-20 04:12:18,964 | INFO     |   → vless.txt: 9 → 0 (RU-SNI)
2026-06-20 04:12:18,965 | INFO     |   → vmess.txt: 1 → 0 (RU-SNI)
2026-06-20 04:12:18,965 | INFO     |   → ==================================================
2026-06-20 04:12:18,965 | INFO     |   → Всего входных:  12
2026-06-20 04:12:18,965 | INFO     |   → Прошли RU-SNI:  0
2026-06-20 04:12:18,965 | INFO     |   → Отброшено:      12
2026-06-20 04:12:18,965 | INFO     |   → ==================================================
2026-06-20 04:12:18,965 | INFO     |   → Готово → /home/runner/work/vpn-vless-configs-russia/vpn-vless-configs-russia/githubmirror/ru-sni-local
2026-06-20 04:12:18,965 | INFO     | ✅ filter_ru_sni_local.py завершён успешно
2026-06-20 04:12:18,965 | INFO     | 
2026-06-20 04:12:18,965 | INFO     | 
2026-06-20 04:12:18,965 | INFO     | ──────────────────────────────────────────────────────────────────────
2026-06-20 04:12:18,965 | INFO     | 📌 ЭТАП: Сбор статистики
2026-06-20 04:12:18,965 | INFO     | ──────────────────────────────────────────────────────────────────────
2026-06-20 04:12:18,965 | INFO     | 📊 Сбор статистики...
2026-06-20 04:12:18,965 | INFO     |   📁 githubmirror/clean:
2026-06-20 04:12:18,965 | INFO     |     • trojan      :     2 конфигов
2026-06-20 04:12:18,966 | INFO     |     • vless       :     9 конфигов
2026-06-20 04:12:18,966 | INFO     |     • vmess       :     1 конфигов
2026-06-20 04:12:18,966 | INFO     |   📁 githubmirror/ru-sni:
2026-06-20 04:12:18,966 | INFO     |     • trojan      :     0 конфигов (  0.0% от clean)
2026-06-20 04:12:18,966 | INFO     |     • vless       :     0 конфигов (  0.0% от clean)
2026-06-20 04:12:18,966 | INFO     |     • vmess       :     0 конфигов (  0.0% от clean)
2026-06-20 04:12:18,966 | INFO     | 
2026-06-20 04:12:18,966 | INFO     |   ──────────────────────────────────────────────────
2026-06-20 04:12:18,966 | INFO     |   📈 ИТОГО:
2026-06-20 04:12:18,966 | INFO     |     Clean (после geo-фильтра):       12
2026-06-20 04:12:18,966 | INFO     |     RU-SNI (после SNI-фильтра):       0
2026-06-20 04:12:18,966 | INFO     |     Прошло фильтр:                  0.0%
2026-06-20 04:12:18,966 | INFO     |   ──────────────────────────────────────────────────
2026-06-20 04:12:18,966 | INFO     | ✅ Статистика сохранена: /home/runner/work/vpn-vless-configs-russia/vpn-vless-configs-russia/stats.json
2026-06-20 04:12:18,966 | INFO     | 
2026-06-20 04:12:18,967 | INFO     | ======================================================================
2026-06-20 04:12:18,967 | INFO     | 📊 ИТОГОВЫЙ ОТЧЁТ
2026-06-20 04:12:18,967 | INFO     | ======================================================================
2026-06-20 04:12:18,967 | INFO     |   ✅ OK         | Загрузка и geo-фильтрация
2026-06-20 04:12:18,967 | INFO     |   ✅ OK         | Фильтрация по реальному SNI
2026-06-20 04:12:18,967 | INFO     |   ✅ OK         | Экспериментальный RU-SNI фильтр
2026-06-20 04:12:18,967 | INFO     |   ✅ OK         | Сбор статистики
2026-06-20 04:12:18,967 | INFO     | ──────────────────────────────────────────────────────────────────────
2026-06-20 04:12:18,967 | INFO     | ✅ ВСЕ ЭТАПЫ УСПЕШНЫ (4/4)
2026-06-20 04:12:18,967 | INFO     | ⏰ Время завершения: 2026-06-20 04:12:18
2026-06-20 04:12:18,967 | INFO     | ======================================================================
