2026-05-28 16:13:26,236 | INFO     | ======================================================================
2026-05-28 16:13:26,236 | INFO     | 🔍 VPN KEY CHECKER - Начало проверки
2026-05-28 16:13:26,236 | INFO     | ⏰ Время старта: 2026-05-28 16:13:26
2026-05-28 16:13:26,236 | INFO     | 📂 Рабочая директория: /home/runner/work/vpn-vless-configs-russia/vpn-vless-configs-russia
2026-05-28 16:13:26,236 | INFO     | ======================================================================
2026-05-28 16:13:26,236 | INFO     | 
2026-05-28 16:13:26,237 | INFO     | 🔍 Проверка наличия скриптов...
2026-05-28 16:13:26,237 | INFO     |   ✅ mirror.py
2026-05-28 16:13:26,237 | INFO     |   ✅ filter_ru_sni.py
2026-05-28 16:13:26,237 | INFO     |   ✅ filter_ru_sni_local.py
2026-05-28 16:13:26,237 | INFO     | 
2026-05-28 16:13:26,237 | INFO     | 
2026-05-28 16:13:26,237 | INFO     | ──────────────────────────────────────────────────────────────────────
2026-05-28 16:13:26,237 | INFO     | 📌 ЭТАП: Загрузка и geo-фильтрация
2026-05-28 16:13:26,237 | INFO     | ──────────────────────────────────────────────────────────────────────
2026-05-28 16:13:26,237 | INFO     | 🚀 Запуск mirror.py (Загрузка и фильтрация по РФ/СНГ/Европа)...
2026-05-28 16:13:29,740 | INFO     |   → 🚀 Старт: всего источников (старые + новые): 10
2026-05-28 16:13:29,740 | INFO     |   → 1/10: ✅ 0 взято | 🗑️ 0 мусор
2026-05-28 16:13:29,740 | INFO     |   → 2/10: ✅ 0 взято | 🗑️ 0 мусор
2026-05-28 16:13:29,740 | INFO     |   → 3/10: ✅ 6 взято | 🗑️ 139 мусор
2026-05-28 16:13:29,740 | INFO     |   → 4/10: ✅ 0 взято | 🗑️ 0 мусор
2026-05-28 16:13:29,741 | INFO     |   → 5/10: ✅ 2 взято | 🗑️ 132 мусор
2026-05-28 16:13:29,741 | INFO     |   → 6/10: ✅ 0 взято | 🗑️ 0 мусор
2026-05-28 16:13:29,741 | INFO     |   → 7/10: ✅ 6 взято | 🗑️ 24 мусор
2026-05-28 16:13:29,741 | INFO     |   → 8/10: ✅ 0 взято | 🗑️ 24 мусор
2026-05-28 16:13:29,741 | INFO     |   → 9/10: ✅ 7 взято | 🗑️ 17 мусор
2026-05-28 16:13:29,741 | INFO     |   → 10/10: ✅ 0 взято | 🗑️ 0 мусор
2026-05-28 16:13:29,741 | INFO     |   → ✅ ГОТОВО!
2026-05-28 16:13:29,741 | INFO     |   →    📥 Всего ключей после фильтра: 21
2026-05-28 16:13:29,741 | INFO     |   →    🔗 Уникальных IP:PORT:SCHEME: 18
2026-05-28 16:13:29,741 | INFO     |   →    🗑️ Выброшено мусора: 336
2026-05-28 16:13:29,741 | INFO     |   → 📊 По протоколам:
2026-05-28 16:13:29,741 | INFO     |   →    vless: 14
2026-05-28 16:13:29,741 | INFO     |   →    vmess: 1
2026-05-28 16:13:29,741 | INFO     |   →    ss: 3
2026-05-28 16:13:29,741 | INFO     | ✅ mirror.py завершён успешно
2026-05-28 16:13:29,742 | INFO     | 
2026-05-28 16:13:29,742 | INFO     | 
2026-05-28 16:13:29,742 | INFO     | ──────────────────────────────────────────────────────────────────────
2026-05-28 16:13:29,742 | INFO     | 📌 ЭТАП: Фильтрация по реальному SNI
2026-05-28 16:13:29,742 | INFO     | ──────────────────────────────────────────────────────────────────────
2026-05-28 16:13:29,742 | INFO     | 🚀 Запуск filter_ru_sni.py (Фильтр по реальному SNI (CDN+RU))...
2026-05-28 16:13:29,769 | INFO     |   → ss.txt: 3 → 0 (SNI-filtered)
2026-05-28 16:13:29,769 | INFO     |   →   vless.txt: 14 → 4 (SNI-filtered)
2026-05-28 16:13:29,769 | INFO     |   →   vmess.txt: 1 → 0 (SNI-filtered)
2026-05-28 16:13:29,769 | INFO     |   → ==================================================
2026-05-28 16:13:29,769 | INFO     |   →   Всего входных:  18
2026-05-28 16:13:29,769 | INFO     |   →   Прошли фильтр:  4
2026-05-28 16:13:29,769 | INFO     |   →   Отброшено:      14
2026-05-28 16:13:29,769 | INFO     |   → ==================================================
2026-05-28 16:13:29,769 | INFO     |   → Готово → /home/runner/work/vpn-vless-configs-russia/vpn-vless-configs-russia/githubmirror/ru-sni
2026-05-28 16:13:29,770 | INFO     | ✅ filter_ru_sni.py завершён успешно
2026-05-28 16:13:29,770 | INFO     | 
2026-05-28 16:13:29,770 | INFO     | 
2026-05-28 16:13:29,770 | INFO     | ──────────────────────────────────────────────────────────────────────
2026-05-28 16:13:29,770 | INFO     | 📌 ЭТАП: Экспериментальный RU-SNI фильтр
2026-05-28 16:13:29,770 | INFO     | ──────────────────────────────────────────────────────────────────────
2026-05-28 16:13:29,770 | INFO     | 🚀 Запуск filter_ru_sni_local.py (Экспериментальный фильтр по RU-SNI (локальные домены))...
2026-05-28 16:13:29,796 | INFO     |   → ss.txt: 3 → 0 (RU-SNI)
2026-05-28 16:13:29,796 | INFO     |   → vless.txt: 14 → 0 (RU-SNI)
2026-05-28 16:13:29,796 | INFO     |   → vmess.txt: 1 → 0 (RU-SNI)
2026-05-28 16:13:29,796 | INFO     |   → ==================================================
2026-05-28 16:13:29,797 | INFO     |   → Всего входных:  18
2026-05-28 16:13:29,797 | INFO     |   → Прошли RU-SNI:  0
2026-05-28 16:13:29,797 | INFO     |   → Отброшено:      18
2026-05-28 16:13:29,797 | INFO     |   → ==================================================
2026-05-28 16:13:29,797 | INFO     |   → Готово → /home/runner/work/vpn-vless-configs-russia/vpn-vless-configs-russia/githubmirror/ru-sni-local
2026-05-28 16:13:29,797 | INFO     | ✅ filter_ru_sni_local.py завершён успешно
2026-05-28 16:13:29,797 | INFO     | 
2026-05-28 16:13:29,797 | INFO     | 
2026-05-28 16:13:29,797 | INFO     | ──────────────────────────────────────────────────────────────────────
2026-05-28 16:13:29,797 | INFO     | 📌 ЭТАП: Сбор статистики
2026-05-28 16:13:29,797 | INFO     | ──────────────────────────────────────────────────────────────────────
2026-05-28 16:13:29,797 | INFO     | 📊 Сбор статистики...
2026-05-28 16:13:29,797 | INFO     |   📁 githubmirror/clean:
2026-05-28 16:13:29,797 | INFO     |     • ss          :     3 конфигов
2026-05-28 16:13:29,798 | INFO     |     • vless       :    14 конфигов
2026-05-28 16:13:29,798 | INFO     |     • vmess       :     1 конфигов
2026-05-28 16:13:29,798 | INFO     |   📁 githubmirror/ru-sni:
2026-05-28 16:13:29,798 | INFO     |     • ss          :     0 конфигов (  0.0% от clean)
2026-05-28 16:13:29,798 | INFO     |     • vless       :     4 конфигов ( 28.6% от clean)
2026-05-28 16:13:29,798 | INFO     |     • vmess       :     0 конфигов (  0.0% от clean)
2026-05-28 16:13:29,798 | INFO     | 
2026-05-28 16:13:29,798 | INFO     |   ──────────────────────────────────────────────────
2026-05-28 16:13:29,798 | INFO     |   📈 ИТОГО:
2026-05-28 16:13:29,798 | INFO     |     Clean (после geo-фильтра):       18
2026-05-28 16:13:29,798 | INFO     |     RU-SNI (после SNI-фильтра):       4
2026-05-28 16:13:29,799 | INFO     |     Прошло фильтр:                 22.2%
2026-05-28 16:13:29,799 | INFO     |   ──────────────────────────────────────────────────
2026-05-28 16:13:29,799 | INFO     | ✅ Статистика сохранена: /home/runner/work/vpn-vless-configs-russia/vpn-vless-configs-russia/stats.json
2026-05-28 16:13:29,799 | INFO     | 
2026-05-28 16:13:29,799 | INFO     | ======================================================================
2026-05-28 16:13:29,799 | INFO     | 📊 ИТОГОВЫЙ ОТЧЁТ
2026-05-28 16:13:29,799 | INFO     | ======================================================================
2026-05-28 16:13:29,799 | INFO     |   ✅ OK         | Загрузка и geo-фильтрация
2026-05-28 16:13:29,799 | INFO     |   ✅ OK         | Фильтрация по реальному SNI
2026-05-28 16:13:29,799 | INFO     |   ✅ OK         | Экспериментальный RU-SNI фильтр
2026-05-28 16:13:29,799 | INFO     |   ✅ OK         | Сбор статистики
2026-05-28 16:13:29,799 | INFO     | ──────────────────────────────────────────────────────────────────────
2026-05-28 16:13:29,799 | INFO     | ✅ ВСЕ ЭТАПЫ УСПЕШНЫ (4/4)
2026-05-28 16:13:29,799 | INFO     | ⏰ Время завершения: 2026-05-28 16:13:29
2026-05-28 16:13:29,799 | INFO     | ======================================================================
