2026-05-19 04:04:12,872 | INFO     | ======================================================================
2026-05-19 04:04:12,872 | INFO     | 🔍 VPN KEY CHECKER - Начало проверки
2026-05-19 04:04:12,872 | INFO     | ⏰ Время старта: 2026-05-19 04:04:12
2026-05-19 04:04:12,872 | INFO     | 📂 Рабочая директория: /home/runner/work/vpn-vless-configs-russia/vpn-vless-configs-russia
2026-05-19 04:04:12,872 | INFO     | ======================================================================
2026-05-19 04:04:12,872 | INFO     | 
2026-05-19 04:04:12,872 | INFO     | 🔍 Проверка наличия скриптов...
2026-05-19 04:04:12,872 | INFO     |   ✅ mirror.py
2026-05-19 04:04:12,872 | INFO     |   ✅ filter_ru_sni.py
2026-05-19 04:04:12,872 | INFO     |   ✅ filter_ru_sni_local.py
2026-05-19 04:04:12,872 | INFO     | 
2026-05-19 04:04:12,872 | INFO     | 
2026-05-19 04:04:12,872 | INFO     | ──────────────────────────────────────────────────────────────────────
2026-05-19 04:04:12,872 | INFO     | 📌 ЭТАП: Загрузка и geo-фильтрация
2026-05-19 04:04:12,872 | INFO     | ──────────────────────────────────────────────────────────────────────
2026-05-19 04:04:12,872 | INFO     | 🚀 Запуск mirror.py (Загрузка и фильтрация по РФ/СНГ/Европа)...
2026-05-19 04:04:17,790 | INFO     |   → 🚀 Старт: всего источников (старые + новые): 10
2026-05-19 04:04:17,790 | INFO     |   → 1/10: ✅ 0 взято | 🗑️ 0 мусор
2026-05-19 04:04:17,790 | INFO     |   → 2/10: ✅ 0 взято | 🗑️ 0 мусор
2026-05-19 04:04:17,790 | INFO     |   → 3/10: ✅ 20 взято | 🗑️ 218 мусор
2026-05-19 04:04:17,790 | INFO     |   → 4/10: ✅ 0 взято | 🗑️ 0 мусор
2026-05-19 04:04:17,790 | INFO     |   → 5/10: ✅ 2 взято | 🗑️ 193 мусор
2026-05-19 04:04:17,790 | INFO     |   → 6/10: ✅ 0 взято | 🗑️ 0 мусор
2026-05-19 04:04:17,790 | INFO     |   → 7/10: ✅ 6 взято | 🗑️ 17 мусор
2026-05-19 04:04:17,790 | INFO     |   → 8/10: ✅ 0 взято | 🗑️ 17 мусор
2026-05-19 04:04:17,790 | INFO     |   → 9/10: ✅ 10 взято | 🗑️ 15 мусор
2026-05-19 04:04:17,790 | INFO     |   → 10/10: ✅ 0 взято | 🗑️ 0 мусор
2026-05-19 04:04:17,790 | INFO     |   → ✅ ГОТОВО!
2026-05-19 04:04:17,790 | INFO     |   →    📥 Всего ключей после фильтра: 38
2026-05-19 04:04:17,790 | INFO     |   →    🔗 Уникальных IP:PORT:SCHEME: 34
2026-05-19 04:04:17,790 | INFO     |   →    🗑️ Выброшено мусора: 460
2026-05-19 04:04:17,790 | INFO     |   → 📊 По протоколам:
2026-05-19 04:04:17,790 | INFO     |   →    vless: 20
2026-05-19 04:04:17,790 | INFO     |   →    vmess: 9
2026-05-19 04:04:17,790 | INFO     |   →    trojan: 2
2026-05-19 04:04:17,790 | INFO     |   →    ss: 1
2026-05-19 04:04:17,790 | INFO     |   →    hysteria2: 2
2026-05-19 04:04:17,790 | INFO     | ✅ mirror.py завершён успешно
2026-05-19 04:04:17,790 | INFO     | 
2026-05-19 04:04:17,790 | INFO     | 
2026-05-19 04:04:17,790 | INFO     | ──────────────────────────────────────────────────────────────────────
2026-05-19 04:04:17,790 | INFO     | 📌 ЭТАП: Фильтрация по реальному SNI
2026-05-19 04:04:17,790 | INFO     | ──────────────────────────────────────────────────────────────────────
2026-05-19 04:04:17,790 | INFO     | 🚀 Запуск filter_ru_sni.py (Фильтр по реальному SNI (CDN+RU))...
2026-05-19 04:04:17,814 | INFO     |   → hysteria2.txt: 2 → 0 (SNI-filtered)
2026-05-19 04:04:17,814 | INFO     |   →   ss.txt: 1 → 0 (SNI-filtered)
2026-05-19 04:04:17,814 | INFO     |   →   trojan.txt: 2 → 0 (SNI-filtered)
2026-05-19 04:04:17,814 | INFO     |   →   vless.txt: 20 → 1 (SNI-filtered)
2026-05-19 04:04:17,814 | INFO     |   →   vmess.txt: 9 → 0 (SNI-filtered)
2026-05-19 04:04:17,814 | INFO     |   → ==================================================
2026-05-19 04:04:17,814 | INFO     |   →   Всего входных:  34
2026-05-19 04:04:17,814 | INFO     |   →   Прошли фильтр:  1
2026-05-19 04:04:17,814 | INFO     |   →   Отброшено:      33
2026-05-19 04:04:17,814 | INFO     |   → ==================================================
2026-05-19 04:04:17,814 | INFO     |   → Готово → /home/runner/work/vpn-vless-configs-russia/vpn-vless-configs-russia/githubmirror/ru-sni
2026-05-19 04:04:17,814 | INFO     | ✅ filter_ru_sni.py завершён успешно
2026-05-19 04:04:17,815 | INFO     | 
2026-05-19 04:04:17,815 | INFO     | 
2026-05-19 04:04:17,815 | INFO     | ──────────────────────────────────────────────────────────────────────
2026-05-19 04:04:17,815 | INFO     | 📌 ЭТАП: Экспериментальный RU-SNI фильтр
2026-05-19 04:04:17,815 | INFO     | ──────────────────────────────────────────────────────────────────────
2026-05-19 04:04:17,815 | INFO     | 🚀 Запуск filter_ru_sni_local.py (Экспериментальный фильтр по RU-SNI (локальные домены))...
2026-05-19 04:04:17,838 | INFO     |   → hysteria2.txt: 2 → 0 (RU-SNI)
2026-05-19 04:04:17,838 | INFO     |   → ss.txt: 1 → 0 (RU-SNI)
2026-05-19 04:04:17,838 | INFO     |   → trojan.txt: 2 → 0 (RU-SNI)
2026-05-19 04:04:17,838 | INFO     |   → vless.txt: 20 → 1 (RU-SNI)
2026-05-19 04:04:17,838 | INFO     |   → vmess.txt: 9 → 0 (RU-SNI)
2026-05-19 04:04:17,838 | INFO     |   → ==================================================
2026-05-19 04:04:17,838 | INFO     |   → Всего входных:  34
2026-05-19 04:04:17,838 | INFO     |   → Прошли RU-SNI:  1
2026-05-19 04:04:17,838 | INFO     |   → Отброшено:      33
2026-05-19 04:04:17,838 | INFO     |   → ==================================================
2026-05-19 04:04:17,838 | INFO     |   → Готово → /home/runner/work/vpn-vless-configs-russia/vpn-vless-configs-russia/githubmirror/ru-sni-local
2026-05-19 04:04:17,838 | INFO     | ✅ filter_ru_sni_local.py завершён успешно
2026-05-19 04:04:17,838 | INFO     | 
2026-05-19 04:04:17,838 | INFO     | 
2026-05-19 04:04:17,838 | INFO     | ──────────────────────────────────────────────────────────────────────
2026-05-19 04:04:17,838 | INFO     | 📌 ЭТАП: Сбор статистики
2026-05-19 04:04:17,838 | INFO     | ──────────────────────────────────────────────────────────────────────
2026-05-19 04:04:17,838 | INFO     | 📊 Сбор статистики...
2026-05-19 04:04:17,838 | INFO     |   📁 githubmirror/clean:
2026-05-19 04:04:17,839 | INFO     |     • hysteria2   :     2 конфигов
2026-05-19 04:04:17,839 | INFO     |     • ss          :     1 конфигов
2026-05-19 04:04:17,839 | INFO     |     • trojan      :     2 конфигов
2026-05-19 04:04:17,839 | INFO     |     • vless       :    20 конфигов
2026-05-19 04:04:17,839 | INFO     |     • vmess       :     9 конфигов
2026-05-19 04:04:17,839 | INFO     |   📁 githubmirror/ru-sni:
2026-05-19 04:04:17,839 | INFO     |     • hysteria2   :     0 конфигов (  0.0% от clean)
2026-05-19 04:04:17,839 | INFO     |     • ss          :     0 конфигов (  0.0% от clean)
2026-05-19 04:04:17,839 | INFO     |     • trojan      :     0 конфигов (  0.0% от clean)
2026-05-19 04:04:17,839 | INFO     |     • vless       :     1 конфигов (  5.0% от clean)
2026-05-19 04:04:17,840 | INFO     |     • vmess       :     0 конфигов (  0.0% от clean)
2026-05-19 04:04:17,840 | INFO     | 
2026-05-19 04:04:17,840 | INFO     |   ──────────────────────────────────────────────────
2026-05-19 04:04:17,840 | INFO     |   📈 ИТОГО:
2026-05-19 04:04:17,840 | INFO     |     Clean (после geo-фильтра):       34
2026-05-19 04:04:17,840 | INFO     |     RU-SNI (после SNI-фильтра):       1
2026-05-19 04:04:17,840 | INFO     |     Прошло фильтр:                  2.9%
2026-05-19 04:04:17,840 | INFO     |   ──────────────────────────────────────────────────
2026-05-19 04:04:17,840 | INFO     | ✅ Статистика сохранена: /home/runner/work/vpn-vless-configs-russia/vpn-vless-configs-russia/stats.json
2026-05-19 04:04:17,840 | INFO     | 
2026-05-19 04:04:17,840 | INFO     | ======================================================================
2026-05-19 04:04:17,840 | INFO     | 📊 ИТОГОВЫЙ ОТЧЁТ
2026-05-19 04:04:17,840 | INFO     | ======================================================================
2026-05-19 04:04:17,840 | INFO     |   ✅ OK         | Загрузка и geo-фильтрация
2026-05-19 04:04:17,840 | INFO     |   ✅ OK         | Фильтрация по реальному SNI
2026-05-19 04:04:17,840 | INFO     |   ✅ OK         | Экспериментальный RU-SNI фильтр
2026-05-19 04:04:17,840 | INFO     |   ✅ OK         | Сбор статистики
2026-05-19 04:04:17,840 | INFO     | ──────────────────────────────────────────────────────────────────────
2026-05-19 04:04:17,840 | INFO     | ✅ ВСЕ ЭТАПЫ УСПЕШНЫ (4/4)
2026-05-19 04:04:17,840 | INFO     | ⏰ Время завершения: 2026-05-19 04:04:17
2026-05-19 04:04:17,840 | INFO     | ======================================================================
