2026-05-20 09:45:41,567 | INFO     | ======================================================================
2026-05-20 09:45:41,567 | INFO     | 🔍 VPN KEY CHECKER - Начало проверки
2026-05-20 09:45:41,567 | INFO     | ⏰ Время старта: 2026-05-20 09:45:41
2026-05-20 09:45:41,567 | INFO     | 📂 Рабочая директория: /home/runner/work/vpn-vless-configs-russia/vpn-vless-configs-russia
2026-05-20 09:45:41,567 | INFO     | ======================================================================
2026-05-20 09:45:41,568 | INFO     | 
2026-05-20 09:45:41,568 | INFO     | 🔍 Проверка наличия скриптов...
2026-05-20 09:45:41,568 | INFO     |   ✅ mirror.py
2026-05-20 09:45:41,568 | INFO     |   ✅ filter_ru_sni.py
2026-05-20 09:45:41,568 | INFO     |   ✅ filter_ru_sni_local.py
2026-05-20 09:45:41,568 | INFO     | 
2026-05-20 09:45:41,568 | INFO     | 
2026-05-20 09:45:41,568 | INFO     | ──────────────────────────────────────────────────────────────────────
2026-05-20 09:45:41,568 | INFO     | 📌 ЭТАП: Загрузка и geo-фильтрация
2026-05-20 09:45:41,568 | INFO     | ──────────────────────────────────────────────────────────────────────
2026-05-20 09:45:41,568 | INFO     | 🚀 Запуск mirror.py (Загрузка и фильтрация по РФ/СНГ/Европа)...
2026-05-20 09:45:46,789 | INFO     |   → 🚀 Старт: всего источников (старые + новые): 12
2026-05-20 09:45:46,789 | INFO     |   → 1/12: ✅ 0 взято | 🗑️ 0 мусор
2026-05-20 09:45:46,789 | INFO     |   → 2/12: ✅ 0 взято | 🗑️ 0 мусор
2026-05-20 09:45:46,789 | INFO     |   → 3/12: ✅ 0 взято | 🗑️ 0 мусор
2026-05-20 09:45:46,789 | INFO     |   → 4/12: ✅ 19 взято | 🗑️ 198 мусор
2026-05-20 09:45:46,789 | INFO     |   → 5/12: ✅ 3 взято | 🗑️ 171 мусор
2026-05-20 09:45:46,789 | INFO     |   → 6/12: ✅ 0 взято | 🗑️ 0 мусор
2026-05-20 09:45:46,789 | INFO     |   → 7/12: ✅ 6 взято | 🗑️ 17 мусор
2026-05-20 09:45:46,789 | INFO     |   → 8/12: ✅ 0 взято | 🗑️ 17 мусор
2026-05-20 09:45:46,790 | INFO     |   → 9/12: ✅ 0 взято | 🗑️ 0 мусор
2026-05-20 09:45:46,790 | INFO     |   → 10/12: ✅ 2 взято | 🗑️ 231 мусор
2026-05-20 09:45:46,790 | INFO     |   → 11/12: ✅ 5 взято | 🗑️ 17 мусор
2026-05-20 09:45:46,790 | INFO     |   → 12/12: ✅ 0 взято | 🗑️ 0 мусор
2026-05-20 09:45:46,790 | INFO     |   → ✅ ГОТОВО!
2026-05-20 09:45:46,790 | INFO     |   →    📥 Всего ключей после фильтра: 35
2026-05-20 09:45:46,790 | INFO     |   →    🔗 Уникальных IP:PORT:SCHEME: 29
2026-05-20 09:45:46,790 | INFO     |   →    🗑️ Выброшено мусора: 651
2026-05-20 09:45:46,790 | INFO     |   → 📊 По протоколам:
2026-05-20 09:45:46,790 | INFO     |   →    vless: 14
2026-05-20 09:45:46,790 | INFO     |   →    vmess: 12
2026-05-20 09:45:46,790 | INFO     |   →    ss: 1
2026-05-20 09:45:46,790 | INFO     |   →    hysteria2: 2
2026-05-20 09:45:46,790 | INFO     | ✅ mirror.py завершён успешно
2026-05-20 09:45:46,790 | INFO     | 
2026-05-20 09:45:46,790 | INFO     | 
2026-05-20 09:45:46,790 | INFO     | ──────────────────────────────────────────────────────────────────────
2026-05-20 09:45:46,790 | INFO     | 📌 ЭТАП: Фильтрация по реальному SNI
2026-05-20 09:45:46,790 | INFO     | ──────────────────────────────────────────────────────────────────────
2026-05-20 09:45:46,790 | INFO     | 🚀 Запуск filter_ru_sni.py (Фильтр по реальному SNI (CDN+RU))...
2026-05-20 09:45:46,817 | INFO     |   → hysteria2.txt: 2 → 1 (SNI-filtered)
2026-05-20 09:45:46,817 | INFO     |   →   ss.txt: 1 → 0 (SNI-filtered)
2026-05-20 09:45:46,818 | INFO     |   →   vless.txt: 14 → 2 (SNI-filtered)
2026-05-20 09:45:46,818 | INFO     |   →   vmess.txt: 12 → 0 (SNI-filtered)
2026-05-20 09:45:46,818 | INFO     |   → ==================================================
2026-05-20 09:45:46,818 | INFO     |   →   Всего входных:  29
2026-05-20 09:45:46,818 | INFO     |   →   Прошли фильтр:  3
2026-05-20 09:45:46,818 | INFO     |   →   Отброшено:      26
2026-05-20 09:45:46,818 | INFO     |   → ==================================================
2026-05-20 09:45:46,818 | INFO     |   → Готово → /home/runner/work/vpn-vless-configs-russia/vpn-vless-configs-russia/githubmirror/ru-sni
2026-05-20 09:45:46,818 | INFO     | ✅ filter_ru_sni.py завершён успешно
2026-05-20 09:45:46,818 | INFO     | 
2026-05-20 09:45:46,818 | INFO     | 
2026-05-20 09:45:46,818 | INFO     | ──────────────────────────────────────────────────────────────────────
2026-05-20 09:45:46,818 | INFO     | 📌 ЭТАП: Экспериментальный RU-SNI фильтр
2026-05-20 09:45:46,818 | INFO     | ──────────────────────────────────────────────────────────────────────
2026-05-20 09:45:46,818 | INFO     | 🚀 Запуск filter_ru_sni_local.py (Экспериментальный фильтр по RU-SNI (локальные домены))...
2026-05-20 09:45:46,844 | INFO     |   → hysteria2.txt: 2 → 0 (RU-SNI)
2026-05-20 09:45:46,844 | INFO     |   → ss.txt: 1 → 0 (RU-SNI)
2026-05-20 09:45:46,844 | INFO     |   → vless.txt: 14 → 1 (RU-SNI)
2026-05-20 09:45:46,844 | INFO     |   → vmess.txt: 12 → 0 (RU-SNI)
2026-05-20 09:45:46,844 | INFO     |   → ==================================================
2026-05-20 09:45:46,844 | INFO     |   → Всего входных:  29
2026-05-20 09:45:46,844 | INFO     |   → Прошли RU-SNI:  1
2026-05-20 09:45:46,844 | INFO     |   → Отброшено:      28
2026-05-20 09:45:46,845 | INFO     |   → ==================================================
2026-05-20 09:45:46,845 | INFO     |   → Готово → /home/runner/work/vpn-vless-configs-russia/vpn-vless-configs-russia/githubmirror/ru-sni-local
2026-05-20 09:45:46,845 | INFO     | ✅ filter_ru_sni_local.py завершён успешно
2026-05-20 09:45:46,845 | INFO     | 
2026-05-20 09:45:46,845 | INFO     | 
2026-05-20 09:45:46,845 | INFO     | ──────────────────────────────────────────────────────────────────────
2026-05-20 09:45:46,845 | INFO     | 📌 ЭТАП: Сбор статистики
2026-05-20 09:45:46,845 | INFO     | ──────────────────────────────────────────────────────────────────────
2026-05-20 09:45:46,845 | INFO     | 📊 Сбор статистики...
2026-05-20 09:45:46,845 | INFO     |   📁 githubmirror/clean:
2026-05-20 09:45:46,845 | INFO     |     • hysteria2   :     2 конфигов
2026-05-20 09:45:46,845 | INFO     |     • ss          :     1 конфигов
2026-05-20 09:45:46,846 | INFO     |     • vless       :    14 конфигов
2026-05-20 09:45:46,846 | INFO     |     • vmess       :    12 конфигов
2026-05-20 09:45:46,846 | INFO     |   📁 githubmirror/ru-sni:
2026-05-20 09:45:46,846 | INFO     |     • hysteria2   :     1 конфигов ( 50.0% от clean)
2026-05-20 09:45:46,846 | INFO     |     • ss          :     0 конфигов (  0.0% от clean)
2026-05-20 09:45:46,846 | INFO     |     • vless       :     2 конфигов ( 14.3% от clean)
2026-05-20 09:45:46,846 | INFO     |     • vmess       :     0 конфигов (  0.0% от clean)
2026-05-20 09:45:46,846 | INFO     | 
2026-05-20 09:45:46,846 | INFO     |   ──────────────────────────────────────────────────
2026-05-20 09:45:46,847 | INFO     |   📈 ИТОГО:
2026-05-20 09:45:46,847 | INFO     |     Clean (после geo-фильтра):       29
2026-05-20 09:45:46,847 | INFO     |     RU-SNI (после SNI-фильтра):       3
2026-05-20 09:45:46,847 | INFO     |     Прошло фильтр:                 10.3%
2026-05-20 09:45:46,847 | INFO     |   ──────────────────────────────────────────────────
2026-05-20 09:45:46,847 | INFO     | ✅ Статистика сохранена: /home/runner/work/vpn-vless-configs-russia/vpn-vless-configs-russia/stats.json
2026-05-20 09:45:46,847 | INFO     | 
2026-05-20 09:45:46,847 | INFO     | ======================================================================
2026-05-20 09:45:46,847 | INFO     | 📊 ИТОГОВЫЙ ОТЧЁТ
2026-05-20 09:45:46,847 | INFO     | ======================================================================
2026-05-20 09:45:46,847 | INFO     |   ✅ OK         | Загрузка и geo-фильтрация
2026-05-20 09:45:46,847 | INFO     |   ✅ OK         | Фильтрация по реальному SNI
2026-05-20 09:45:46,847 | INFO     |   ✅ OK         | Экспериментальный RU-SNI фильтр
2026-05-20 09:45:46,847 | INFO     |   ✅ OK         | Сбор статистики
2026-05-20 09:45:46,848 | INFO     | ──────────────────────────────────────────────────────────────────────
2026-05-20 09:45:46,848 | INFO     | ✅ ВСЕ ЭТАПЫ УСПЕШНЫ (4/4)
2026-05-20 09:45:46,848 | INFO     | ⏰ Время завершения: 2026-05-20 09:45:46
2026-05-20 09:45:46,848 | INFO     | ======================================================================
