2026-06-09 20:14:11,858 | INFO     | ======================================================================
2026-06-09 20:14:11,858 | INFO     | 🔍 VPN KEY CHECKER - Начало проверки
2026-06-09 20:14:11,858 | INFO     | ⏰ Время старта: 2026-06-09 20:14:11
2026-06-09 20:14:11,858 | INFO     | 📂 Рабочая директория: /home/runner/work/vpn-vless-configs-russia/vpn-vless-configs-russia
2026-06-09 20:14:11,858 | INFO     | ======================================================================
2026-06-09 20:14:11,858 | INFO     | 
2026-06-09 20:14:11,858 | INFO     | 🔍 Проверка наличия скриптов...
2026-06-09 20:14:11,858 | INFO     |   ✅ mirror.py
2026-06-09 20:14:11,859 | INFO     |   ✅ filter_ru_sni.py
2026-06-09 20:14:11,859 | INFO     |   ✅ filter_ru_sni_local.py
2026-06-09 20:14:11,859 | INFO     | 
2026-06-09 20:14:11,859 | INFO     | 
2026-06-09 20:14:11,859 | INFO     | ──────────────────────────────────────────────────────────────────────
2026-06-09 20:14:11,859 | INFO     | 📌 ЭТАП: Загрузка и geo-фильтрация
2026-06-09 20:14:11,859 | INFO     | ──────────────────────────────────────────────────────────────────────
2026-06-09 20:14:11,859 | INFO     | 🚀 Запуск mirror.py (Загрузка и фильтрация по РФ/СНГ/Европа)...
2026-06-09 20:14:15,610 | INFO     |   → 🚀 Старт: всего источников (старые + новые): 8
2026-06-09 20:14:15,610 | INFO     |   → 1/8: ✅ 0 взято | 🗑️ 0 мусор
2026-06-09 20:14:15,610 | INFO     |   → 2/8: ✅ 0 взято | 🗑️ 0 мусор
2026-06-09 20:14:15,610 | INFO     |   → 3/8: ✅ 0 взято | 🗑️ 0 мусор
2026-06-09 20:14:15,610 | INFO     |   → 4/8: ✅ 12 взято | 🗑️ 279 мусор
2026-06-09 20:14:15,610 | INFO     |   → 5/8: ✅ 2 взято | 🗑️ 279 мусор
2026-06-09 20:14:15,610 | INFO     |   → 6/8: ✅ 0 взято | 🗑️ 0 мусор
2026-06-09 20:14:15,610 | INFO     |   → 7/8: ✅ 13 взято | 🗑️ 7 мусор
2026-06-09 20:14:15,610 | INFO     |   → 8/8: ✅ 0 взято | 🗑️ 7 мусор
2026-06-09 20:14:15,611 | INFO     |   → ✅ ГОТОВО!
2026-06-09 20:14:15,611 | INFO     |   →    📥 Всего ключей после фильтра: 27
2026-06-09 20:14:15,611 | INFO     |   →    🔗 Уникальных IP:PORT:SCHEME: 20
2026-06-09 20:14:15,611 | INFO     |   →    🗑️ Выброшено мусора: 572
2026-06-09 20:14:15,611 | INFO     |   → 📊 По протоколам:
2026-06-09 20:14:15,611 | INFO     |   →    vless: 12
2026-06-09 20:14:15,611 | INFO     |   →    vmess: 1
2026-06-09 20:14:15,611 | INFO     |   →    trojan: 2
2026-06-09 20:14:15,611 | INFO     |   →    ss: 3
2026-06-09 20:14:15,611 | INFO     |   →    hysteria2: 2
2026-06-09 20:14:15,611 | INFO     | ✅ mirror.py завершён успешно
2026-06-09 20:14:15,611 | INFO     | 
2026-06-09 20:14:15,611 | INFO     | 
2026-06-09 20:14:15,611 | INFO     | ──────────────────────────────────────────────────────────────────────
2026-06-09 20:14:15,611 | INFO     | 📌 ЭТАП: Фильтрация по реальному SNI
2026-06-09 20:14:15,611 | INFO     | ──────────────────────────────────────────────────────────────────────
2026-06-09 20:14:15,611 | INFO     | 🚀 Запуск filter_ru_sni.py (Фильтр по реальному SNI (CDN+RU))...
2026-06-09 20:14:15,638 | INFO     |   → hysteria2.txt: 2 → 1 (SNI-filtered)
2026-06-09 20:14:15,638 | INFO     |   →   ss.txt: 3 → 0 (SNI-filtered)
2026-06-09 20:14:15,638 | INFO     |   →   trojan.txt: 2 → 0 (SNI-filtered)
2026-06-09 20:14:15,638 | INFO     |   →   vless.txt: 12 → 4 (SNI-filtered)
2026-06-09 20:14:15,638 | INFO     |   →   vmess.txt: 1 → 0 (SNI-filtered)
2026-06-09 20:14:15,638 | INFO     |   → ==================================================
2026-06-09 20:14:15,639 | INFO     |   →   Всего входных:  20
2026-06-09 20:14:15,639 | INFO     |   →   Прошли фильтр:  5
2026-06-09 20:14:15,639 | INFO     |   →   Отброшено:      15
2026-06-09 20:14:15,639 | INFO     |   → ==================================================
2026-06-09 20:14:15,639 | INFO     |   → Готово → /home/runner/work/vpn-vless-configs-russia/vpn-vless-configs-russia/githubmirror/ru-sni
2026-06-09 20:14:15,639 | INFO     | ✅ filter_ru_sni.py завершён успешно
2026-06-09 20:14:15,639 | INFO     | 
2026-06-09 20:14:15,639 | INFO     | 
2026-06-09 20:14:15,639 | INFO     | ──────────────────────────────────────────────────────────────────────
2026-06-09 20:14:15,639 | INFO     | 📌 ЭТАП: Экспериментальный RU-SNI фильтр
2026-06-09 20:14:15,639 | INFO     | ──────────────────────────────────────────────────────────────────────
2026-06-09 20:14:15,639 | INFO     | 🚀 Запуск filter_ru_sni_local.py (Экспериментальный фильтр по RU-SNI (локальные домены))...
2026-06-09 20:14:15,666 | INFO     |   → hysteria2.txt: 2 → 0 (RU-SNI)
2026-06-09 20:14:15,666 | INFO     |   → ss.txt: 3 → 0 (RU-SNI)
2026-06-09 20:14:15,666 | INFO     |   → trojan.txt: 2 → 0 (RU-SNI)
2026-06-09 20:14:15,666 | INFO     |   → vless.txt: 12 → 1 (RU-SNI)
2026-06-09 20:14:15,666 | INFO     |   → vmess.txt: 1 → 0 (RU-SNI)
2026-06-09 20:14:15,666 | INFO     |   → ==================================================
2026-06-09 20:14:15,666 | INFO     |   → Всего входных:  20
2026-06-09 20:14:15,666 | INFO     |   → Прошли RU-SNI:  1
2026-06-09 20:14:15,666 | INFO     |   → Отброшено:      19
2026-06-09 20:14:15,666 | INFO     |   → ==================================================
2026-06-09 20:14:15,666 | INFO     |   → Готово → /home/runner/work/vpn-vless-configs-russia/vpn-vless-configs-russia/githubmirror/ru-sni-local
2026-06-09 20:14:15,666 | INFO     | ✅ filter_ru_sni_local.py завершён успешно
2026-06-09 20:14:15,666 | INFO     | 
2026-06-09 20:14:15,666 | INFO     | 
2026-06-09 20:14:15,667 | INFO     | ──────────────────────────────────────────────────────────────────────
2026-06-09 20:14:15,667 | INFO     | 📌 ЭТАП: Сбор статистики
2026-06-09 20:14:15,667 | INFO     | ──────────────────────────────────────────────────────────────────────
2026-06-09 20:14:15,667 | INFO     | 📊 Сбор статистики...
2026-06-09 20:14:15,667 | INFO     |   📁 githubmirror/clean:
2026-06-09 20:14:15,667 | INFO     |     • hysteria2   :     2 конфигов
2026-06-09 20:14:15,667 | INFO     |     • ss          :     3 конфигов
2026-06-09 20:14:15,667 | INFO     |     • trojan      :     2 конфигов
2026-06-09 20:14:15,668 | INFO     |     • vless       :    12 конфигов
2026-06-09 20:14:15,668 | INFO     |     • vmess       :     1 конфигов
2026-06-09 20:14:15,668 | INFO     |   📁 githubmirror/ru-sni:
2026-06-09 20:14:15,668 | INFO     |     • hysteria2   :     1 конфигов ( 50.0% от clean)
2026-06-09 20:14:15,668 | INFO     |     • ss          :     0 конфигов (  0.0% от clean)
2026-06-09 20:14:15,668 | INFO     |     • trojan      :     0 конфигов (  0.0% от clean)
2026-06-09 20:14:15,668 | INFO     |     • vless       :     4 конфигов ( 33.3% от clean)
2026-06-09 20:14:15,668 | INFO     |     • vmess       :     0 конфигов (  0.0% от clean)
2026-06-09 20:14:15,668 | INFO     | 
2026-06-09 20:14:15,669 | INFO     |   ──────────────────────────────────────────────────
2026-06-09 20:14:15,669 | INFO     |   📈 ИТОГО:
2026-06-09 20:14:15,669 | INFO     |     Clean (после geo-фильтра):       20
2026-06-09 20:14:15,669 | INFO     |     RU-SNI (после SNI-фильтра):       5
2026-06-09 20:14:15,669 | INFO     |     Прошло фильтр:                 25.0%
2026-06-09 20:14:15,669 | INFO     |   ──────────────────────────────────────────────────
2026-06-09 20:14:15,669 | INFO     | ✅ Статистика сохранена: /home/runner/work/vpn-vless-configs-russia/vpn-vless-configs-russia/stats.json
2026-06-09 20:14:15,669 | INFO     | 
2026-06-09 20:14:15,669 | INFO     | ======================================================================
2026-06-09 20:14:15,669 | INFO     | 📊 ИТОГОВЫЙ ОТЧЁТ
2026-06-09 20:14:15,669 | INFO     | ======================================================================
2026-06-09 20:14:15,669 | INFO     |   ✅ OK         | Загрузка и geo-фильтрация
2026-06-09 20:14:15,669 | INFO     |   ✅ OK         | Фильтрация по реальному SNI
2026-06-09 20:14:15,669 | INFO     |   ✅ OK         | Экспериментальный RU-SNI фильтр
2026-06-09 20:14:15,669 | INFO     |   ✅ OK         | Сбор статистики
2026-06-09 20:14:15,669 | INFO     | ──────────────────────────────────────────────────────────────────────
2026-06-09 20:14:15,670 | INFO     | ✅ ВСЕ ЭТАПЫ УСПЕШНЫ (4/4)
2026-06-09 20:14:15,670 | INFO     | ⏰ Время завершения: 2026-06-09 20:14:15
2026-06-09 20:14:15,670 | INFO     | ======================================================================
