2026-05-18 10:17:15,972 | INFO     | ======================================================================
2026-05-18 10:17:15,972 | INFO     | 🔍 VPN KEY CHECKER - Начало проверки
2026-05-18 10:17:15,972 | INFO     | ⏰ Время старта: 2026-05-18 10:17:15
2026-05-18 10:17:15,972 | INFO     | 📂 Рабочая директория: /home/runner/work/vpn-vless-configs-russia/vpn-vless-configs-russia
2026-05-18 10:17:15,972 | INFO     | ======================================================================
2026-05-18 10:17:15,972 | INFO     | 
2026-05-18 10:17:15,972 | INFO     | 🔍 Проверка наличия скриптов...
2026-05-18 10:17:15,972 | INFO     |   ✅ mirror.py
2026-05-18 10:17:15,972 | INFO     |   ✅ filter_ru_sni.py
2026-05-18 10:17:15,972 | INFO     |   ✅ filter_ru_sni_local.py
2026-05-18 10:17:15,973 | INFO     | 
2026-05-18 10:17:15,973 | INFO     | 
2026-05-18 10:17:15,973 | INFO     | ──────────────────────────────────────────────────────────────────────
2026-05-18 10:17:15,973 | INFO     | 📌 ЭТАП: Загрузка и geo-фильтрация
2026-05-18 10:17:15,973 | INFO     | ──────────────────────────────────────────────────────────────────────
2026-05-18 10:17:15,973 | INFO     | 🚀 Запуск mirror.py (Загрузка и фильтрация по РФ/СНГ/Европа)...
2026-05-18 10:17:19,275 | INFO     |   → 🚀 Старт: всего источников (старые + новые): 6
2026-05-18 10:17:19,275 | INFO     |   → 1/6: ✅ 0 взято | 🗑️ 0 мусор
2026-05-18 10:17:19,275 | INFO     |   → 2/6: ✅ 0 взято | 🗑️ 0 мусор
2026-05-18 10:17:19,275 | INFO     |   → 3/6: ✅ 2 взято | 🗑️ 193 мусор
2026-05-18 10:17:19,275 | INFO     |   → 4/6: ✅ 0 взято | 🗑️ 0 мусор
2026-05-18 10:17:19,275 | INFO     |   → 5/6: ✅ 6 взято | 🗑️ 17 мусор
2026-05-18 10:17:19,275 | INFO     |   → 6/6: ✅ 0 взято | 🗑️ 17 мусор
2026-05-18 10:17:19,275 | INFO     |   → ✅ ГОТОВО!
2026-05-18 10:17:19,275 | INFO     |   →    📥 Всего ключей после фильтра: 8
2026-05-18 10:17:19,275 | INFO     |   →    🔗 Уникальных IP:PORT:SCHEME: 8
2026-05-18 10:17:19,275 | INFO     |   →    🗑️ Выброшено мусора: 227
2026-05-18 10:17:19,275 | INFO     |   → 📊 По протоколам:
2026-05-18 10:17:19,275 | INFO     |   →    vless: 3
2026-05-18 10:17:19,275 | INFO     |   →    vmess: 3
2026-05-18 10:17:19,275 | INFO     |   →    ss: 1
2026-05-18 10:17:19,275 | INFO     |   →    hysteria2: 1
2026-05-18 10:17:19,275 | INFO     | ✅ mirror.py завершён успешно
2026-05-18 10:17:19,275 | INFO     | 
2026-05-18 10:17:19,275 | INFO     | 
2026-05-18 10:17:19,275 | INFO     | ──────────────────────────────────────────────────────────────────────
2026-05-18 10:17:19,276 | INFO     | 📌 ЭТАП: Фильтрация по реальному SNI
2026-05-18 10:17:19,276 | INFO     | ──────────────────────────────────────────────────────────────────────
2026-05-18 10:17:19,276 | INFO     | 🚀 Запуск filter_ru_sni.py (Фильтр по реальному SNI (CDN+RU))...
2026-05-18 10:17:19,304 | INFO     |   → hysteria2.txt: 1 → 0 (SNI-filtered)
2026-05-18 10:17:19,304 | INFO     |   →   ss.txt: 1 → 0 (SNI-filtered)
2026-05-18 10:17:19,304 | INFO     |   →   vless.txt: 3 → 0 (SNI-filtered)
2026-05-18 10:17:19,304 | INFO     |   →   vmess.txt: 3 → 0 (SNI-filtered)
2026-05-18 10:17:19,304 | INFO     |   → ==================================================
2026-05-18 10:17:19,304 | INFO     |   →   Всего входных:  8
2026-05-18 10:17:19,304 | INFO     |   →   Прошли фильтр:  0
2026-05-18 10:17:19,304 | INFO     |   →   Отброшено:      8
2026-05-18 10:17:19,304 | INFO     |   → ==================================================
2026-05-18 10:17:19,304 | INFO     |   → Готово → /home/runner/work/vpn-vless-configs-russia/vpn-vless-configs-russia/githubmirror/ru-sni
2026-05-18 10:17:19,304 | INFO     | ✅ filter_ru_sni.py завершён успешно
2026-05-18 10:17:19,304 | INFO     | 
2026-05-18 10:17:19,304 | INFO     | 
2026-05-18 10:17:19,304 | INFO     | ──────────────────────────────────────────────────────────────────────
2026-05-18 10:17:19,304 | INFO     | 📌 ЭТАП: Экспериментальный RU-SNI фильтр
2026-05-18 10:17:19,304 | INFO     | ──────────────────────────────────────────────────────────────────────
2026-05-18 10:17:19,304 | INFO     | 🚀 Запуск filter_ru_sni_local.py (Экспериментальный фильтр по RU-SNI (локальные домены))...
2026-05-18 10:17:19,332 | INFO     |   → hysteria2.txt: 1 → 0 (RU-SNI)
2026-05-18 10:17:19,332 | INFO     |   → ss.txt: 1 → 0 (RU-SNI)
2026-05-18 10:17:19,332 | INFO     |   → vless.txt: 3 → 0 (RU-SNI)
2026-05-18 10:17:19,332 | INFO     |   → vmess.txt: 3 → 0 (RU-SNI)
2026-05-18 10:17:19,332 | INFO     |   → ==================================================
2026-05-18 10:17:19,332 | INFO     |   → Всего входных:  8
2026-05-18 10:17:19,332 | INFO     |   → Прошли RU-SNI:  0
2026-05-18 10:17:19,332 | INFO     |   → Отброшено:      8
2026-05-18 10:17:19,332 | INFO     |   → ==================================================
2026-05-18 10:17:19,332 | INFO     |   → Готово → /home/runner/work/vpn-vless-configs-russia/vpn-vless-configs-russia/githubmirror/ru-sni-local
2026-05-18 10:17:19,332 | INFO     | ✅ filter_ru_sni_local.py завершён успешно
2026-05-18 10:17:19,332 | INFO     | 
2026-05-18 10:17:19,332 | INFO     | 
2026-05-18 10:17:19,332 | INFO     | ──────────────────────────────────────────────────────────────────────
2026-05-18 10:17:19,332 | INFO     | 📌 ЭТАП: Сбор статистики
2026-05-18 10:17:19,332 | INFO     | ──────────────────────────────────────────────────────────────────────
2026-05-18 10:17:19,332 | INFO     | 📊 Сбор статистики...
2026-05-18 10:17:19,332 | INFO     |   📁 githubmirror/clean:
2026-05-18 10:17:19,333 | INFO     |     • hysteria2   :     1 конфигов
2026-05-18 10:17:19,333 | INFO     |     • ss          :     1 конфигов
2026-05-18 10:17:19,333 | INFO     |     • vless       :     3 конфигов
2026-05-18 10:17:19,333 | INFO     |     • vmess       :     3 конфигов
2026-05-18 10:17:19,333 | INFO     |   📁 githubmirror/ru-sni:
2026-05-18 10:17:19,333 | INFO     |     • hysteria2   :     0 конфигов (  0.0% от clean)
2026-05-18 10:17:19,333 | INFO     |     • ss          :     0 конфигов (  0.0% от clean)
2026-05-18 10:17:19,333 | INFO     |     • vless       :     0 конфигов (  0.0% от clean)
2026-05-18 10:17:19,333 | INFO     |     • vmess       :     0 конфигов (  0.0% от clean)
2026-05-18 10:17:19,334 | INFO     | 
2026-05-18 10:17:19,334 | INFO     |   ──────────────────────────────────────────────────
2026-05-18 10:17:19,334 | INFO     |   📈 ИТОГО:
2026-05-18 10:17:19,334 | INFO     |     Clean (после geo-фильтра):        8
2026-05-18 10:17:19,334 | INFO     |     RU-SNI (после SNI-фильтра):       0
2026-05-18 10:17:19,334 | INFO     |     Прошло фильтр:                  0.0%
2026-05-18 10:17:19,334 | INFO     |   ──────────────────────────────────────────────────
2026-05-18 10:17:19,334 | INFO     | ✅ Статистика сохранена: /home/runner/work/vpn-vless-configs-russia/vpn-vless-configs-russia/stats.json
2026-05-18 10:17:19,334 | INFO     | 
2026-05-18 10:17:19,334 | INFO     | ======================================================================
2026-05-18 10:17:19,334 | INFO     | 📊 ИТОГОВЫЙ ОТЧЁТ
2026-05-18 10:17:19,334 | INFO     | ======================================================================
2026-05-18 10:17:19,334 | INFO     |   ✅ OK         | Загрузка и geo-фильтрация
2026-05-18 10:17:19,334 | INFO     |   ✅ OK         | Фильтрация по реальному SNI
2026-05-18 10:17:19,334 | INFO     |   ✅ OK         | Экспериментальный RU-SNI фильтр
2026-05-18 10:17:19,335 | INFO     |   ✅ OK         | Сбор статистики
2026-05-18 10:17:19,335 | INFO     | ──────────────────────────────────────────────────────────────────────
2026-05-18 10:17:19,335 | INFO     | ✅ ВСЕ ЭТАПЫ УСПЕШНЫ (4/4)
2026-05-18 10:17:19,335 | INFO     | ⏰ Время завершения: 2026-05-18 10:17:19
2026-05-18 10:17:19,335 | INFO     | ======================================================================
