2026-05-12 08:49:27,393 | INFO     | ======================================================================
2026-05-12 08:49:27,393 | INFO     | 🔍 VPN KEY CHECKER - Начало проверки
2026-05-12 08:49:27,393 | INFO     | ⏰ Время старта: 2026-05-12 08:49:27
2026-05-12 08:49:27,393 | INFO     | 📂 Рабочая директория: /home/runner/work/vpn-vless-configs-russia/vpn-vless-configs-russia
2026-05-12 08:49:27,393 | INFO     | ======================================================================
2026-05-12 08:49:27,393 | INFO     | 
2026-05-12 08:49:27,393 | INFO     | 🔍 Проверка наличия скриптов...
2026-05-12 08:49:27,393 | INFO     |   ✅ mirror.py
2026-05-12 08:49:27,393 | INFO     |   ✅ filter_ru_sni.py
2026-05-12 08:49:27,393 | INFO     |   ✅ filter_ru_sni_local.py
2026-05-12 08:49:27,393 | INFO     | 
2026-05-12 08:49:27,393 | INFO     | 
2026-05-12 08:49:27,393 | INFO     | ──────────────────────────────────────────────────────────────────────
2026-05-12 08:49:27,394 | INFO     | 📌 ЭТАП: Загрузка и geo-фильтрация
2026-05-12 08:49:27,394 | INFO     | ──────────────────────────────────────────────────────────────────────
2026-05-12 08:49:27,394 | INFO     | 🚀 Запуск mirror.py (Загрузка и фильтрация по РФ/СНГ/Европа)...
2026-05-12 08:49:30,443 | INFO     |   → 🚀 Старт: всего источников (старые + новые): 6
2026-05-12 08:49:30,443 | INFO     |   → 1/6: ✅ 0 взято | 🗑️ 0 мусор
2026-05-12 08:49:30,443 | INFO     |   → 2/6: ✅ 0 взято | 🗑️ 0 мусор
2026-05-12 08:49:30,443 | INFO     |   → 3/6: ✅ 2 взято | 🗑️ 204 мусор
2026-05-12 08:49:30,443 | INFO     |   → 4/6: ✅ 0 взято | 🗑️ 0 мусор
2026-05-12 08:49:30,444 | INFO     |   → 5/6: ✅ 14 взято | 🗑️ 14 мусор
2026-05-12 08:49:30,444 | INFO     |   → 6/6: ✅ 0 взято | 🗑️ 14 мусор
2026-05-12 08:49:30,444 | INFO     |   → ✅ ГОТОВО!
2026-05-12 08:49:30,444 | INFO     |   →    📥 Всего ключей после фильтра: 16
2026-05-12 08:49:30,444 | INFO     |   →    🔗 Уникальных IP:PORT:SCHEME: 16
2026-05-12 08:49:30,444 | INFO     |   →    🗑️ Выброшено мусора: 232
2026-05-12 08:49:30,444 | INFO     |   → 📊 По протоколам:
2026-05-12 08:49:30,444 | INFO     |   →    vless: 14
2026-05-12 08:49:30,444 | INFO     |   →    vmess: 2
2026-05-12 08:49:30,444 | INFO     | ✅ mirror.py завершён успешно
2026-05-12 08:49:30,444 | INFO     | 
2026-05-12 08:49:30,444 | INFO     | 
2026-05-12 08:49:30,444 | INFO     | ──────────────────────────────────────────────────────────────────────
2026-05-12 08:49:30,444 | INFO     | 📌 ЭТАП: Фильтрация по реальному SNI
2026-05-12 08:49:30,444 | INFO     | ──────────────────────────────────────────────────────────────────────
2026-05-12 08:49:30,444 | INFO     | 🚀 Запуск filter_ru_sni.py (Фильтр по реальному SNI (CDN+RU))...
2026-05-12 08:49:30,471 | INFO     |   → vless.txt: 14 → 1 (SNI-filtered)
2026-05-12 08:49:30,471 | INFO     |   →   vmess.txt: 2 → 0 (SNI-filtered)
2026-05-12 08:49:30,471 | INFO     |   → ==================================================
2026-05-12 08:49:30,471 | INFO     |   →   Всего входных:  16
2026-05-12 08:49:30,471 | INFO     |   →   Прошли фильтр:  1
2026-05-12 08:49:30,471 | INFO     |   →   Отброшено:      15
2026-05-12 08:49:30,472 | INFO     |   → ==================================================
2026-05-12 08:49:30,472 | INFO     |   → Готово → /home/runner/work/vpn-vless-configs-russia/vpn-vless-configs-russia/githubmirror/ru-sni
2026-05-12 08:49:30,472 | INFO     | ✅ filter_ru_sni.py завершён успешно
2026-05-12 08:49:30,472 | INFO     | 
2026-05-12 08:49:30,472 | INFO     | 
2026-05-12 08:49:30,472 | INFO     | ──────────────────────────────────────────────────────────────────────
2026-05-12 08:49:30,472 | INFO     | 📌 ЭТАП: Экспериментальный RU-SNI фильтр
2026-05-12 08:49:30,472 | INFO     | ──────────────────────────────────────────────────────────────────────
2026-05-12 08:49:30,472 | INFO     | 🚀 Запуск filter_ru_sni_local.py (Экспериментальный фильтр по RU-SNI (локальные домены))...
2026-05-12 08:49:30,498 | INFO     |   → vless.txt: 14 → 0 (RU-SNI)
2026-05-12 08:49:30,498 | INFO     |   → vmess.txt: 2 → 0 (RU-SNI)
2026-05-12 08:49:30,498 | INFO     |   → ==================================================
2026-05-12 08:49:30,498 | INFO     |   → Всего входных:  16
2026-05-12 08:49:30,498 | INFO     |   → Прошли RU-SNI:  0
2026-05-12 08:49:30,498 | INFO     |   → Отброшено:      16
2026-05-12 08:49:30,498 | INFO     |   → ==================================================
2026-05-12 08:49:30,498 | INFO     |   → Готово → /home/runner/work/vpn-vless-configs-russia/vpn-vless-configs-russia/githubmirror/ru-sni-local
2026-05-12 08:49:30,498 | INFO     | ✅ filter_ru_sni_local.py завершён успешно
2026-05-12 08:49:30,498 | INFO     | 
2026-05-12 08:49:30,498 | INFO     | 
2026-05-12 08:49:30,498 | INFO     | ──────────────────────────────────────────────────────────────────────
2026-05-12 08:49:30,499 | INFO     | 📌 ЭТАП: Сбор статистики
2026-05-12 08:49:30,499 | INFO     | ──────────────────────────────────────────────────────────────────────
2026-05-12 08:49:30,499 | INFO     | 📊 Сбор статистики...
2026-05-12 08:49:30,499 | INFO     |   📁 githubmirror/clean:
2026-05-12 08:49:30,499 | INFO     |     • vless       :    14 конфигов
2026-05-12 08:49:30,499 | INFO     |     • vmess       :     2 конфигов
2026-05-12 08:49:30,499 | INFO     |   📁 githubmirror/ru-sni:
2026-05-12 08:49:30,499 | INFO     |     • vless       :     1 конфигов (  7.1% от clean)
2026-05-12 08:49:30,500 | INFO     |     • vmess       :     0 конфигов (  0.0% от clean)
2026-05-12 08:49:30,500 | INFO     | 
2026-05-12 08:49:30,500 | INFO     |   ──────────────────────────────────────────────────
2026-05-12 08:49:30,500 | INFO     |   📈 ИТОГО:
2026-05-12 08:49:30,500 | INFO     |     Clean (после geo-фильтра):       16
2026-05-12 08:49:30,500 | INFO     |     RU-SNI (после SNI-фильтра):       1
2026-05-12 08:49:30,500 | INFO     |     Прошло фильтр:                  6.2%
2026-05-12 08:49:30,500 | INFO     |   ──────────────────────────────────────────────────
2026-05-12 08:49:30,500 | INFO     | ✅ Статистика сохранена: /home/runner/work/vpn-vless-configs-russia/vpn-vless-configs-russia/stats.json
2026-05-12 08:49:30,500 | INFO     | 
2026-05-12 08:49:30,500 | INFO     | ======================================================================
2026-05-12 08:49:30,500 | INFO     | 📊 ИТОГОВЫЙ ОТЧЁТ
2026-05-12 08:49:30,500 | INFO     | ======================================================================
2026-05-12 08:49:30,501 | INFO     |   ✅ OK         | Загрузка и geo-фильтрация
2026-05-12 08:49:30,501 | INFO     |   ✅ OK         | Фильтрация по реальному SNI
2026-05-12 08:49:30,501 | INFO     |   ✅ OK         | Экспериментальный RU-SNI фильтр
2026-05-12 08:49:30,501 | INFO     |   ✅ OK         | Сбор статистики
2026-05-12 08:49:30,501 | INFO     | ──────────────────────────────────────────────────────────────────────
2026-05-12 08:49:30,501 | INFO     | ✅ ВСЕ ЭТАПЫ УСПЕШНЫ (4/4)
2026-05-12 08:49:30,501 | INFO     | ⏰ Время завершения: 2026-05-12 08:49:30
2026-05-12 08:49:30,501 | INFO     | ======================================================================
