2026-08-22 12:49:23,344 | INFO     | ======================================================================
2026-08-22 12:49:23,344 | INFO     | 🔍 VPN KEY CHECKER - Начало проверки
2026-08-22 12:49:23,344 | INFO     | ⏰ Время старта: 2026-08-22 12:49:23
2026-08-22 12:49:23,344 | INFO     | 📂 Рабочая директория: /home/runner/work/vpn-vless-configs-russia/vpn-vless-configs-russia
2026-08-22 12:49:23,344 | INFO     | ======================================================================
2026-08-22 12:49:23,344 | INFO     | 
2026-08-22 12:49:23,344 | INFO     | 🔍 Проверка наличия скриптов...
2026-08-22 12:49:23,344 | INFO     |   ✅ mirror.py
2026-08-22 12:49:23,344 | INFO     |   ✅ filter_ru_sni.py
2026-08-22 12:49:23,344 | INFO     |   ✅ filter_ru_sni_local.py
2026-08-22 12:49:23,345 | INFO     | 
2026-08-22 12:49:23,345 | INFO     | 
2026-08-22 12:49:23,345 | INFO     | ──────────────────────────────────────────────────────────────────────
2026-08-22 12:49:23,345 | INFO     | 📌 ЭТАП: Загрузка и geo-фильтрация
2026-08-22 12:49:23,345 | INFO     | ──────────────────────────────────────────────────────────────────────
2026-08-22 12:49:23,345 | INFO     | 🚀 Запуск mirror.py (Загрузка и фильтрация по РФ/СНГ/Европа)...
2026-08-22 12:49:23,457 | INFO     |   → ⚠️ Не удалось прочитать config_sources.json: Expecting value: line 2 column 1 (char 1)
2026-08-22 12:49:23,457 | INFO     |   → 🚀 Старт: всего источников (старые + новые): 0
2026-08-22 12:49:23,457 | INFO     |   → ✅ ГОТОВО!
2026-08-22 12:49:23,457 | INFO     |   →    📥 Всего ключей после фильтра: 0
2026-08-22 12:49:23,457 | INFO     |   →    🔗 Уникальных IP:PORT:SCHEME: 0
2026-08-22 12:49:23,457 | INFO     |   →    🗑️ Выброшено мусора: 0
2026-08-22 12:49:23,457 | INFO     |   → 📊 По протоколам:
2026-08-22 12:49:23,457 | INFO     | ✅ mirror.py завершён успешно
2026-08-22 12:49:23,457 | INFO     | 
2026-08-22 12:49:23,457 | INFO     | 
2026-08-22 12:49:23,457 | INFO     | ──────────────────────────────────────────────────────────────────────
2026-08-22 12:49:23,457 | INFO     | 📌 ЭТАП: Фильтрация по реальному SNI
2026-08-22 12:49:23,458 | INFO     | ──────────────────────────────────────────────────────────────────────
2026-08-22 12:49:23,458 | INFO     | 🚀 Запуск filter_ru_sni.py (Фильтр по реальному SNI (CDN+RU))...
2026-08-22 12:49:23,483 | INFO     |   → ==================================================
2026-08-22 12:49:23,483 | INFO     |   →   Всего входных:  0
2026-08-22 12:49:23,483 | INFO     |   →   Прошли фильтр:  0
2026-08-22 12:49:23,484 | INFO     |   →   Отброшено:      0
2026-08-22 12:49:23,484 | INFO     |   → ==================================================
2026-08-22 12:49:23,484 | INFO     |   → Готово → /home/runner/work/vpn-vless-configs-russia/vpn-vless-configs-russia/githubmirror/ru-sni
2026-08-22 12:49:23,484 | INFO     | ✅ filter_ru_sni.py завершён успешно
2026-08-22 12:49:23,484 | INFO     | 
2026-08-22 12:49:23,484 | INFO     | 
2026-08-22 12:49:23,484 | INFO     | ──────────────────────────────────────────────────────────────────────
2026-08-22 12:49:23,484 | INFO     | 📌 ЭТАП: Экспериментальный RU-SNI фильтр
2026-08-22 12:49:23,484 | INFO     | ──────────────────────────────────────────────────────────────────────
2026-08-22 12:49:23,484 | INFO     | 🚀 Запуск filter_ru_sni_local.py (Экспериментальный фильтр по RU-SNI (локальные домены))...
2026-08-22 12:49:23,510 | INFO     |   → ==================================================
2026-08-22 12:49:23,510 | INFO     |   → Всего входных:  0
2026-08-22 12:49:23,510 | INFO     |   → Прошли RU-SNI:  0
2026-08-22 12:49:23,510 | INFO     |   → Отброшено:      0
2026-08-22 12:49:23,510 | INFO     |   → ==================================================
2026-08-22 12:49:23,510 | INFO     |   → Готово → /home/runner/work/vpn-vless-configs-russia/vpn-vless-configs-russia/githubmirror/ru-sni-local
2026-08-22 12:49:23,510 | INFO     | ✅ filter_ru_sni_local.py завершён успешно
2026-08-22 12:49:23,510 | INFO     | 
2026-08-22 12:49:23,510 | INFO     | 
2026-08-22 12:49:23,510 | INFO     | ──────────────────────────────────────────────────────────────────────
2026-08-22 12:49:23,510 | INFO     | 📌 ЭТАП: Сбор статистики
2026-08-22 12:49:23,510 | INFO     | ──────────────────────────────────────────────────────────────────────
2026-08-22 12:49:23,510 | INFO     | 📊 Сбор статистики...
2026-08-22 12:49:23,510 | INFO     |   📁 githubmirror/clean:
2026-08-22 12:49:23,511 | INFO     |   📁 githubmirror/ru-sni:
2026-08-22 12:49:23,511 | INFO     | 
2026-08-22 12:49:23,511 | INFO     |   ──────────────────────────────────────────────────
2026-08-22 12:49:23,511 | INFO     |   📈 ИТОГО:
2026-08-22 12:49:23,511 | INFO     |     Clean (после geo-фильтра):        0
2026-08-22 12:49:23,511 | INFO     |     RU-SNI (после SNI-фильтра):       0
2026-08-22 12:49:23,511 | INFO     |     Прошло фильтр:                  0.0%
2026-08-22 12:49:23,511 | INFO     |   ──────────────────────────────────────────────────
2026-08-22 12:49:23,511 | INFO     | ✅ Статистика сохранена: /home/runner/work/vpn-vless-configs-russia/vpn-vless-configs-russia/stats.json
2026-08-22 12:49:23,511 | INFO     | 
2026-08-22 12:49:23,512 | INFO     | ======================================================================
2026-08-22 12:49:23,512 | INFO     | 📊 ИТОГОВЫЙ ОТЧЁТ
2026-08-22 12:49:23,512 | INFO     | ======================================================================
2026-08-22 12:49:23,512 | INFO     |   ✅ OK         | Загрузка и geo-фильтрация
2026-08-22 12:49:23,512 | INFO     |   ✅ OK         | Фильтрация по реальному SNI
2026-08-22 12:49:23,512 | INFO     |   ✅ OK         | Экспериментальный RU-SNI фильтр
2026-08-22 12:49:23,512 | INFO     |   ✅ OK         | Сбор статистики
2026-08-22 12:49:23,512 | INFO     | ──────────────────────────────────────────────────────────────────────
2026-08-22 12:49:23,512 | INFO     | ✅ ВСЕ ЭТАПЫ УСПЕШНЫ (4/4)
2026-08-22 12:49:23,512 | INFO     | ⏰ Время завершения: 2026-08-22 12:49:23
2026-08-22 12:49:23,512 | INFO     | ======================================================================
