2026-05-18 15:45:18,316 | INFO     | ======================================================================
2026-05-18 15:45:18,317 | INFO     | 🔍 VPN KEY CHECKER - Начало проверки
2026-05-18 15:45:18,317 | INFO     | ⏰ Время старта: 2026-05-18 15:45:18
2026-05-18 15:45:18,317 | INFO     | 📂 Рабочая директория: /home/runner/work/vpn-vless-configs-russia/vpn-vless-configs-russia
2026-05-18 15:45:18,317 | INFO     | ======================================================================
2026-05-18 15:45:18,317 | INFO     | 
2026-05-18 15:45:18,317 | INFO     | 🔍 Проверка наличия скриптов...
2026-05-18 15:45:18,317 | INFO     |   ✅ mirror.py
2026-05-18 15:45:18,317 | INFO     |   ✅ filter_ru_sni.py
2026-05-18 15:45:18,317 | INFO     |   ✅ filter_ru_sni_local.py
2026-05-18 15:45:18,317 | INFO     | 
2026-05-18 15:45:18,317 | INFO     | 
2026-05-18 15:45:18,318 | INFO     | ──────────────────────────────────────────────────────────────────────
2026-05-18 15:45:18,318 | INFO     | 📌 ЭТАП: Загрузка и geo-фильтрация
2026-05-18 15:45:18,318 | INFO     | ──────────────────────────────────────────────────────────────────────
2026-05-18 15:45:18,318 | INFO     | 🚀 Запуск mirror.py (Загрузка и фильтрация по РФ/СНГ/Европа)...
2026-05-18 15:45:21,506 | INFO     |   → 🚀 Старт: всего источников (старые + новые): 8
2026-05-18 15:45:21,506 | INFO     |   → 1/8: ✅ 0 взято | 🗑️ 0 мусор
2026-05-18 15:45:21,506 | INFO     |   → 2/8: ✅ 0 взято | 🗑️ 0 мусор
2026-05-18 15:45:21,506 | INFO     |   → 3/8: ✅ 2 взято | 🗑️ 193 мусор
2026-05-18 15:45:21,506 | INFO     |   → 4/8: ✅ 0 взято | 🗑️ 0 мусор
2026-05-18 15:45:21,506 | INFO     |   → 5/8: ✅ 6 взято | 🗑️ 17 мусор
2026-05-18 15:45:21,506 | INFO     |   → 6/8: ✅ 0 взято | 🗑️ 17 мусор
2026-05-18 15:45:21,507 | INFO     |   → 7/8: ✅ 10 взято | 🗑️ 15 мусор
2026-05-18 15:45:21,507 | INFO     |   → 8/8: ✅ 0 взято | 🗑️ 0 мусор
2026-05-18 15:45:21,507 | INFO     |   → ✅ ГОТОВО!
2026-05-18 15:45:21,507 | INFO     |   →    📥 Всего ключей после фильтра: 18
2026-05-18 15:45:21,507 | INFO     |   →    🔗 Уникальных IP:PORT:SCHEME: 18
2026-05-18 15:45:21,507 | INFO     |   →    🗑️ Выброшено мусора: 242
2026-05-18 15:45:21,507 | INFO     |   → 📊 По протоколам:
2026-05-18 15:45:21,507 | INFO     |   →    vless: 11
2026-05-18 15:45:21,507 | INFO     |   →    vmess: 4
2026-05-18 15:45:21,507 | INFO     |   →    ss: 1
2026-05-18 15:45:21,507 | INFO     |   →    hysteria2: 2
2026-05-18 15:45:21,507 | INFO     | ✅ mirror.py завершён успешно
2026-05-18 15:45:21,507 | INFO     | 
2026-05-18 15:45:21,507 | INFO     | 
2026-05-18 15:45:21,507 | INFO     | ──────────────────────────────────────────────────────────────────────
2026-05-18 15:45:21,507 | INFO     | 📌 ЭТАП: Фильтрация по реальному SNI
2026-05-18 15:45:21,507 | INFO     | ──────────────────────────────────────────────────────────────────────
2026-05-18 15:45:21,507 | INFO     | 🚀 Запуск filter_ru_sni.py (Фильтр по реальному SNI (CDN+RU))...
2026-05-18 15:45:21,534 | INFO     |   → hysteria2.txt: 2 → 0 (SNI-filtered)
2026-05-18 15:45:21,534 | INFO     |   →   ss.txt: 1 → 0 (SNI-filtered)
2026-05-18 15:45:21,534 | INFO     |   →   vless.txt: 11 → 0 (SNI-filtered)
2026-05-18 15:45:21,534 | INFO     |   →   vmess.txt: 4 → 0 (SNI-filtered)
2026-05-18 15:45:21,534 | INFO     |   → ==================================================
2026-05-18 15:45:21,534 | INFO     |   →   Всего входных:  18
2026-05-18 15:45:21,534 | INFO     |   →   Прошли фильтр:  0
2026-05-18 15:45:21,534 | INFO     |   →   Отброшено:      18
2026-05-18 15:45:21,534 | INFO     |   → ==================================================
2026-05-18 15:45:21,534 | INFO     |   → Готово → /home/runner/work/vpn-vless-configs-russia/vpn-vless-configs-russia/githubmirror/ru-sni
2026-05-18 15:45:21,534 | INFO     | ✅ filter_ru_sni.py завершён успешно
2026-05-18 15:45:21,534 | INFO     | 
2026-05-18 15:45:21,534 | INFO     | 
2026-05-18 15:45:21,534 | INFO     | ──────────────────────────────────────────────────────────────────────
2026-05-18 15:45:21,534 | INFO     | 📌 ЭТАП: Экспериментальный RU-SNI фильтр
2026-05-18 15:45:21,535 | INFO     | ──────────────────────────────────────────────────────────────────────
2026-05-18 15:45:21,535 | INFO     | 🚀 Запуск filter_ru_sni_local.py (Экспериментальный фильтр по RU-SNI (локальные домены))...
2026-05-18 15:45:21,560 | INFO     |   → hysteria2.txt: 2 → 0 (RU-SNI)
2026-05-18 15:45:21,560 | INFO     |   → ss.txt: 1 → 0 (RU-SNI)
2026-05-18 15:45:21,560 | INFO     |   → vless.txt: 11 → 0 (RU-SNI)
2026-05-18 15:45:21,560 | INFO     |   → vmess.txt: 4 → 0 (RU-SNI)
2026-05-18 15:45:21,560 | INFO     |   → ==================================================
2026-05-18 15:45:21,560 | INFO     |   → Всего входных:  18
2026-05-18 15:45:21,560 | INFO     |   → Прошли RU-SNI:  0
2026-05-18 15:45:21,560 | INFO     |   → Отброшено:      18
2026-05-18 15:45:21,560 | INFO     |   → ==================================================
2026-05-18 15:45:21,561 | INFO     |   → Готово → /home/runner/work/vpn-vless-configs-russia/vpn-vless-configs-russia/githubmirror/ru-sni-local
2026-05-18 15:45:21,561 | INFO     | ✅ filter_ru_sni_local.py завершён успешно
2026-05-18 15:45:21,561 | INFO     | 
2026-05-18 15:45:21,561 | INFO     | 
2026-05-18 15:45:21,561 | INFO     | ──────────────────────────────────────────────────────────────────────
2026-05-18 15:45:21,561 | INFO     | 📌 ЭТАП: Сбор статистики
2026-05-18 15:45:21,561 | INFO     | ──────────────────────────────────────────────────────────────────────
2026-05-18 15:45:21,561 | INFO     | 📊 Сбор статистики...
2026-05-18 15:45:21,561 | INFO     |   📁 githubmirror/clean:
2026-05-18 15:45:21,561 | INFO     |     • hysteria2   :     2 конфигов
2026-05-18 15:45:21,562 | INFO     |     • ss          :     1 конфигов
2026-05-18 15:45:21,562 | INFO     |     • vless       :    11 конфигов
2026-05-18 15:45:21,562 | INFO     |     • vmess       :     4 конфигов
2026-05-18 15:45:21,562 | INFO     |   📁 githubmirror/ru-sni:
2026-05-18 15:45:21,562 | INFO     |     • hysteria2   :     0 конфигов (  0.0% от clean)
2026-05-18 15:45:21,562 | INFO     |     • ss          :     0 конфигов (  0.0% от clean)
2026-05-18 15:45:21,563 | INFO     |     • vless       :     0 конфигов (  0.0% от clean)
2026-05-18 15:45:21,563 | INFO     |     • vmess       :     0 конфигов (  0.0% от clean)
2026-05-18 15:45:21,563 | INFO     | 
2026-05-18 15:45:21,563 | INFO     |   ──────────────────────────────────────────────────
2026-05-18 15:45:21,563 | INFO     |   📈 ИТОГО:
2026-05-18 15:45:21,563 | INFO     |     Clean (после geo-фильтра):       18
2026-05-18 15:45:21,563 | INFO     |     RU-SNI (после SNI-фильтра):       0
2026-05-18 15:45:21,563 | INFO     |     Прошло фильтр:                  0.0%
2026-05-18 15:45:21,563 | INFO     |   ──────────────────────────────────────────────────
2026-05-18 15:45:21,563 | INFO     | ✅ Статистика сохранена: /home/runner/work/vpn-vless-configs-russia/vpn-vless-configs-russia/stats.json
2026-05-18 15:45:21,564 | INFO     | 
2026-05-18 15:45:21,564 | INFO     | ======================================================================
2026-05-18 15:45:21,564 | INFO     | 📊 ИТОГОВЫЙ ОТЧЁТ
2026-05-18 15:45:21,564 | INFO     | ======================================================================
2026-05-18 15:45:21,564 | INFO     |   ✅ OK         | Загрузка и geo-фильтрация
2026-05-18 15:45:21,564 | INFO     |   ✅ OK         | Фильтрация по реальному SNI
2026-05-18 15:45:21,564 | INFO     |   ✅ OK         | Экспериментальный RU-SNI фильтр
2026-05-18 15:45:21,564 | INFO     |   ✅ OK         | Сбор статистики
2026-05-18 15:45:21,564 | INFO     | ──────────────────────────────────────────────────────────────────────
2026-05-18 15:45:21,564 | INFO     | ✅ ВСЕ ЭТАПЫ УСПЕШНЫ (4/4)
2026-05-18 15:45:21,564 | INFO     | ⏰ Время завершения: 2026-05-18 15:45:21
2026-05-18 15:45:21,564 | INFO     | ======================================================================
