2026-06-05 10:02:57,239 | INFO     | ======================================================================
2026-06-05 10:02:57,239 | INFO     | 🔍 VPN KEY CHECKER - Начало проверки
2026-06-05 10:02:57,239 | INFO     | ⏰ Время старта: 2026-06-05 10:02:57
2026-06-05 10:02:57,239 | INFO     | 📂 Рабочая директория: /home/runner/work/vpn-vless-configs-russia/vpn-vless-configs-russia
2026-06-05 10:02:57,239 | INFO     | ======================================================================
2026-06-05 10:02:57,239 | INFO     | 
2026-06-05 10:02:57,239 | INFO     | 🔍 Проверка наличия скриптов...
2026-06-05 10:02:57,239 | INFO     |   ✅ mirror.py
2026-06-05 10:02:57,239 | INFO     |   ✅ filter_ru_sni.py
2026-06-05 10:02:57,240 | INFO     |   ✅ filter_ru_sni_local.py
2026-06-05 10:02:57,240 | INFO     | 
2026-06-05 10:02:57,240 | INFO     | 
2026-06-05 10:02:57,240 | INFO     | ──────────────────────────────────────────────────────────────────────
2026-06-05 10:02:57,240 | INFO     | 📌 ЭТАП: Загрузка и geo-фильтрация
2026-06-05 10:02:57,240 | INFO     | ──────────────────────────────────────────────────────────────────────
2026-06-05 10:02:57,240 | INFO     | 🚀 Запуск mirror.py (Загрузка и фильтрация по РФ/СНГ/Европа)...
2026-06-05 10:03:01,357 | INFO     |   → 🚀 Старт: всего источников (старые + новые): 8
2026-06-05 10:03:01,357 | INFO     |   → 1/8: ✅ 0 взято | 🗑️ 0 мусор
2026-06-05 10:03:01,357 | INFO     |   → 2/8: ✅ 0 взято | 🗑️ 0 мусор
2026-06-05 10:03:01,357 | INFO     |   → 3/8: ✅ 10 взято | 🗑️ 151 мусор
2026-06-05 10:03:01,357 | INFO     |   → 4/8: ✅ 0 взято | 🗑️ 0 мусор
2026-06-05 10:03:01,357 | INFO     |   → 5/8: ✅ 0 взято | 🗑️ 157 мусор
2026-06-05 10:03:01,357 | INFO     |   → 6/8: ✅ 0 взято | 🗑️ 0 мусор
2026-06-05 10:03:01,357 | INFO     |   → 7/8: ✅ 13 взято | 🗑️ 7 мусор
2026-06-05 10:03:01,357 | INFO     |   → 8/8: ✅ 0 взято | 🗑️ 7 мусор
2026-06-05 10:03:01,357 | INFO     |   → ✅ ГОТОВО!
2026-06-05 10:03:01,358 | INFO     |   →    📥 Всего ключей после фильтра: 23
2026-06-05 10:03:01,358 | INFO     |   →    🔗 Уникальных IP:PORT:SCHEME: 20
2026-06-05 10:03:01,358 | INFO     |   →    🗑️ Выброшено мусора: 322
2026-06-05 10:03:01,358 | INFO     |   → 📊 По протоколам:
2026-06-05 10:03:01,358 | INFO     |   →    vless: 12
2026-06-05 10:03:01,358 | INFO     |   →    vmess: 1
2026-06-05 10:03:01,358 | INFO     |   →    trojan: 4
2026-06-05 10:03:01,358 | INFO     |   →    ss: 3
2026-06-05 10:03:01,358 | INFO     | ✅ mirror.py завершён успешно
2026-06-05 10:03:01,358 | INFO     | 
2026-06-05 10:03:01,358 | INFO     | 
2026-06-05 10:03:01,358 | INFO     | ──────────────────────────────────────────────────────────────────────
2026-06-05 10:03:01,358 | INFO     | 📌 ЭТАП: Фильтрация по реальному SNI
2026-06-05 10:03:01,358 | INFO     | ──────────────────────────────────────────────────────────────────────
2026-06-05 10:03:01,358 | INFO     | 🚀 Запуск filter_ru_sni.py (Фильтр по реальному SNI (CDN+RU))...
2026-06-05 10:03:01,385 | INFO     |   → ss.txt: 3 → 0 (SNI-filtered)
2026-06-05 10:03:01,385 | INFO     |   →   trojan.txt: 4 → 0 (SNI-filtered)
2026-06-05 10:03:01,385 | INFO     |   →   vless.txt: 12 → 3 (SNI-filtered)
2026-06-05 10:03:01,385 | INFO     |   →   vmess.txt: 1 → 0 (SNI-filtered)
2026-06-05 10:03:01,385 | INFO     |   → ==================================================
2026-06-05 10:03:01,385 | INFO     |   →   Всего входных:  20
2026-06-05 10:03:01,385 | INFO     |   →   Прошли фильтр:  3
2026-06-05 10:03:01,385 | INFO     |   →   Отброшено:      17
2026-06-05 10:03:01,385 | INFO     |   → ==================================================
2026-06-05 10:03:01,385 | INFO     |   → Готово → /home/runner/work/vpn-vless-configs-russia/vpn-vless-configs-russia/githubmirror/ru-sni
2026-06-05 10:03:01,385 | INFO     | ✅ filter_ru_sni.py завершён успешно
2026-06-05 10:03:01,385 | INFO     | 
2026-06-05 10:03:01,385 | INFO     | 
2026-06-05 10:03:01,385 | INFO     | ──────────────────────────────────────────────────────────────────────
2026-06-05 10:03:01,386 | INFO     | 📌 ЭТАП: Экспериментальный RU-SNI фильтр
2026-06-05 10:03:01,386 | INFO     | ──────────────────────────────────────────────────────────────────────
2026-06-05 10:03:01,386 | INFO     | 🚀 Запуск filter_ru_sni_local.py (Экспериментальный фильтр по RU-SNI (локальные домены))...
2026-06-05 10:03:01,412 | INFO     |   → ss.txt: 3 → 0 (RU-SNI)
2026-06-05 10:03:01,412 | INFO     |   → trojan.txt: 4 → 0 (RU-SNI)
2026-06-05 10:03:01,412 | INFO     |   → vless.txt: 12 → 1 (RU-SNI)
2026-06-05 10:03:01,412 | INFO     |   → vmess.txt: 1 → 0 (RU-SNI)
2026-06-05 10:03:01,412 | INFO     |   → ==================================================
2026-06-05 10:03:01,412 | INFO     |   → Всего входных:  20
2026-06-05 10:03:01,412 | INFO     |   → Прошли RU-SNI:  1
2026-06-05 10:03:01,412 | INFO     |   → Отброшено:      19
2026-06-05 10:03:01,412 | INFO     |   → ==================================================
2026-06-05 10:03:01,412 | INFO     |   → Готово → /home/runner/work/vpn-vless-configs-russia/vpn-vless-configs-russia/githubmirror/ru-sni-local
2026-06-05 10:03:01,412 | INFO     | ✅ filter_ru_sni_local.py завершён успешно
2026-06-05 10:03:01,412 | INFO     | 
2026-06-05 10:03:01,412 | INFO     | 
2026-06-05 10:03:01,412 | INFO     | ──────────────────────────────────────────────────────────────────────
2026-06-05 10:03:01,412 | INFO     | 📌 ЭТАП: Сбор статистики
2026-06-05 10:03:01,413 | INFO     | ──────────────────────────────────────────────────────────────────────
2026-06-05 10:03:01,413 | INFO     | 📊 Сбор статистики...
2026-06-05 10:03:01,413 | INFO     |   📁 githubmirror/clean:
2026-06-05 10:03:01,413 | INFO     |     • ss          :     3 конфигов
2026-06-05 10:03:01,413 | INFO     |     • trojan      :     4 конфигов
2026-06-05 10:03:01,413 | INFO     |     • vless       :    12 конфигов
2026-06-05 10:03:01,413 | INFO     |     • vmess       :     1 конфигов
2026-06-05 10:03:01,413 | INFO     |   📁 githubmirror/ru-sni:
2026-06-05 10:03:01,414 | INFO     |     • ss          :     0 конфигов (  0.0% от clean)
2026-06-05 10:03:01,414 | INFO     |     • trojan      :     0 конфигов (  0.0% от clean)
2026-06-05 10:03:01,414 | INFO     |     • vless       :     3 конфигов ( 25.0% от clean)
2026-06-05 10:03:01,414 | INFO     |     • vmess       :     0 конфигов (  0.0% от clean)
2026-06-05 10:03:01,414 | INFO     | 
2026-06-05 10:03:01,414 | INFO     |   ──────────────────────────────────────────────────
2026-06-05 10:03:01,414 | INFO     |   📈 ИТОГО:
2026-06-05 10:03:01,414 | INFO     |     Clean (после geo-фильтра):       20
2026-06-05 10:03:01,414 | INFO     |     RU-SNI (после SNI-фильтра):       3
2026-06-05 10:03:01,414 | INFO     |     Прошло фильтр:                 15.0%
2026-06-05 10:03:01,414 | INFO     |   ──────────────────────────────────────────────────
2026-06-05 10:03:01,414 | INFO     | ✅ Статистика сохранена: /home/runner/work/vpn-vless-configs-russia/vpn-vless-configs-russia/stats.json
2026-06-05 10:03:01,414 | INFO     | 
2026-06-05 10:03:01,414 | INFO     | ======================================================================
2026-06-05 10:03:01,414 | INFO     | 📊 ИТОГОВЫЙ ОТЧЁТ
2026-06-05 10:03:01,414 | INFO     | ======================================================================
2026-06-05 10:03:01,415 | INFO     |   ✅ OK         | Загрузка и geo-фильтрация
2026-06-05 10:03:01,415 | INFO     |   ✅ OK         | Фильтрация по реальному SNI
2026-06-05 10:03:01,415 | INFO     |   ✅ OK         | Экспериментальный RU-SNI фильтр
2026-06-05 10:03:01,415 | INFO     |   ✅ OK         | Сбор статистики
2026-06-05 10:03:01,415 | INFO     | ──────────────────────────────────────────────────────────────────────
2026-06-05 10:03:01,415 | INFO     | ✅ ВСЕ ЭТАПЫ УСПЕШНЫ (4/4)
2026-06-05 10:03:01,415 | INFO     | ⏰ Время завершения: 2026-06-05 10:03:01
2026-06-05 10:03:01,415 | INFO     | ======================================================================
