2026-06-09 04:02:16,672 | INFO     | ======================================================================
2026-06-09 04:02:16,672 | INFO     | 🔍 VPN KEY CHECKER - Начало проверки
2026-06-09 04:02:16,672 | INFO     | ⏰ Время старта: 2026-06-09 04:02:16
2026-06-09 04:02:16,672 | INFO     | 📂 Рабочая директория: /home/runner/work/vpn-vless-configs-russia/vpn-vless-configs-russia
2026-06-09 04:02:16,672 | INFO     | ======================================================================
2026-06-09 04:02:16,672 | INFO     | 
2026-06-09 04:02:16,672 | INFO     | 🔍 Проверка наличия скриптов...
2026-06-09 04:02:16,672 | INFO     |   ✅ mirror.py
2026-06-09 04:02:16,672 | INFO     |   ✅ filter_ru_sni.py
2026-06-09 04:02:16,672 | INFO     |   ✅ filter_ru_sni_local.py
2026-06-09 04:02:16,672 | INFO     | 
2026-06-09 04:02:16,672 | INFO     | 
2026-06-09 04:02:16,672 | INFO     | ──────────────────────────────────────────────────────────────────────
2026-06-09 04:02:16,673 | INFO     | 📌 ЭТАП: Загрузка и geo-фильтрация
2026-06-09 04:02:16,673 | INFO     | ──────────────────────────────────────────────────────────────────────
2026-06-09 04:02:16,673 | INFO     | 🚀 Запуск mirror.py (Загрузка и фильтрация по РФ/СНГ/Европа)...
2026-06-09 04:02:20,466 | INFO     |   → 🚀 Старт: всего источников (старые + новые): 8
2026-06-09 04:02:20,466 | INFO     |   → 1/8: ✅ 0 взято | 🗑️ 0 мусор
2026-06-09 04:02:20,466 | INFO     |   → 2/8: ✅ 0 взято | 🗑️ 0 мусор
2026-06-09 04:02:20,466 | INFO     |   → 3/8: ✅ 0 взято | 🗑️ 0 мусор
2026-06-09 04:02:20,466 | INFO     |   → 4/8: ✅ 12 взято | 🗑️ 124 мусор
2026-06-09 04:02:20,466 | INFO     |   → 5/8: ✅ 2 взято | 🗑️ 189 мусор
2026-06-09 04:02:20,466 | INFO     |   → 6/8: ✅ 0 взято | 🗑️ 0 мусор
2026-06-09 04:02:20,466 | INFO     |   → 7/8: ✅ 13 взято | 🗑️ 7 мусор
2026-06-09 04:02:20,466 | INFO     |   → 8/8: ✅ 0 взято | 🗑️ 7 мусор
2026-06-09 04:02:20,466 | INFO     |   → ✅ ГОТОВО!
2026-06-09 04:02:20,466 | INFO     |   →    📥 Всего ключей после фильтра: 27
2026-06-09 04:02:20,466 | INFO     |   →    🔗 Уникальных IP:PORT:SCHEME: 21
2026-06-09 04:02:20,466 | INFO     |   →    🗑️ Выброшено мусора: 327
2026-06-09 04:02:20,466 | INFO     |   → 📊 По протоколам:
2026-06-09 04:02:20,466 | INFO     |   →    vless: 13
2026-06-09 04:02:20,466 | INFO     |   →    vmess: 1
2026-06-09 04:02:20,466 | INFO     |   →    trojan: 2
2026-06-09 04:02:20,466 | INFO     |   →    ss: 3
2026-06-09 04:02:20,466 | INFO     |   →    hysteria2: 2
2026-06-09 04:02:20,466 | INFO     | ✅ mirror.py завершён успешно
2026-06-09 04:02:20,466 | INFO     | 
2026-06-09 04:02:20,466 | INFO     | 
2026-06-09 04:02:20,466 | INFO     | ──────────────────────────────────────────────────────────────────────
2026-06-09 04:02:20,466 | INFO     | 📌 ЭТАП: Фильтрация по реальному SNI
2026-06-09 04:02:20,467 | INFO     | ──────────────────────────────────────────────────────────────────────
2026-06-09 04:02:20,467 | INFO     | 🚀 Запуск filter_ru_sni.py (Фильтр по реальному SNI (CDN+RU))...
2026-06-09 04:02:20,495 | INFO     |   → hysteria2.txt: 2 → 1 (SNI-filtered)
2026-06-09 04:02:20,495 | INFO     |   →   ss.txt: 3 → 0 (SNI-filtered)
2026-06-09 04:02:20,495 | INFO     |   →   trojan.txt: 2 → 0 (SNI-filtered)
2026-06-09 04:02:20,495 | INFO     |   →   vless.txt: 13 → 4 (SNI-filtered)
2026-06-09 04:02:20,495 | INFO     |   →   vmess.txt: 1 → 0 (SNI-filtered)
2026-06-09 04:02:20,495 | INFO     |   → ==================================================
2026-06-09 04:02:20,495 | INFO     |   →   Всего входных:  21
2026-06-09 04:02:20,495 | INFO     |   →   Прошли фильтр:  5
2026-06-09 04:02:20,495 | INFO     |   →   Отброшено:      16
2026-06-09 04:02:20,495 | INFO     |   → ==================================================
2026-06-09 04:02:20,495 | INFO     |   → Готово → /home/runner/work/vpn-vless-configs-russia/vpn-vless-configs-russia/githubmirror/ru-sni
2026-06-09 04:02:20,495 | INFO     | ✅ filter_ru_sni.py завершён успешно
2026-06-09 04:02:20,495 | INFO     | 
2026-06-09 04:02:20,495 | INFO     | 
2026-06-09 04:02:20,495 | INFO     | ──────────────────────────────────────────────────────────────────────
2026-06-09 04:02:20,496 | INFO     | 📌 ЭТАП: Экспериментальный RU-SNI фильтр
2026-06-09 04:02:20,496 | INFO     | ──────────────────────────────────────────────────────────────────────
2026-06-09 04:02:20,496 | INFO     | 🚀 Запуск filter_ru_sni_local.py (Экспериментальный фильтр по RU-SNI (локальные домены))...
2026-06-09 04:02:20,523 | INFO     |   → hysteria2.txt: 2 → 0 (RU-SNI)
2026-06-09 04:02:20,523 | INFO     |   → ss.txt: 3 → 0 (RU-SNI)
2026-06-09 04:02:20,523 | INFO     |   → trojan.txt: 2 → 0 (RU-SNI)
2026-06-09 04:02:20,523 | INFO     |   → vless.txt: 13 → 1 (RU-SNI)
2026-06-09 04:02:20,523 | INFO     |   → vmess.txt: 1 → 0 (RU-SNI)
2026-06-09 04:02:20,523 | INFO     |   → ==================================================
2026-06-09 04:02:20,523 | INFO     |   → Всего входных:  21
2026-06-09 04:02:20,523 | INFO     |   → Прошли RU-SNI:  1
2026-06-09 04:02:20,523 | INFO     |   → Отброшено:      20
2026-06-09 04:02:20,523 | INFO     |   → ==================================================
2026-06-09 04:02:20,523 | INFO     |   → Готово → /home/runner/work/vpn-vless-configs-russia/vpn-vless-configs-russia/githubmirror/ru-sni-local
2026-06-09 04:02:20,523 | INFO     | ✅ filter_ru_sni_local.py завершён успешно
2026-06-09 04:02:20,524 | INFO     | 
2026-06-09 04:02:20,524 | INFO     | 
2026-06-09 04:02:20,524 | INFO     | ──────────────────────────────────────────────────────────────────────
2026-06-09 04:02:20,524 | INFO     | 📌 ЭТАП: Сбор статистики
2026-06-09 04:02:20,524 | INFO     | ──────────────────────────────────────────────────────────────────────
2026-06-09 04:02:20,524 | INFO     | 📊 Сбор статистики...
2026-06-09 04:02:20,524 | INFO     |   📁 githubmirror/clean:
2026-06-09 04:02:20,524 | INFO     |     • hysteria2   :     2 конфигов
2026-06-09 04:02:20,524 | INFO     |     • ss          :     3 конфигов
2026-06-09 04:02:20,524 | INFO     |     • trojan      :     2 конфигов
2026-06-09 04:02:20,524 | INFO     |     • vless       :    13 конфигов
2026-06-09 04:02:20,524 | INFO     |     • vmess       :     1 конфигов
2026-06-09 04:02:20,525 | INFO     |   📁 githubmirror/ru-sni:
2026-06-09 04:02:20,525 | INFO     |     • hysteria2   :     1 конфигов ( 50.0% от clean)
2026-06-09 04:02:20,525 | INFO     |     • ss          :     0 конфигов (  0.0% от clean)
2026-06-09 04:02:20,525 | INFO     |     • trojan      :     0 конфигов (  0.0% от clean)
2026-06-09 04:02:20,525 | INFO     |     • vless       :     4 конфигов ( 30.8% от clean)
2026-06-09 04:02:20,525 | INFO     |     • vmess       :     0 конфигов (  0.0% от clean)
2026-06-09 04:02:20,525 | INFO     | 
2026-06-09 04:02:20,525 | INFO     |   ──────────────────────────────────────────────────
2026-06-09 04:02:20,525 | INFO     |   📈 ИТОГО:
2026-06-09 04:02:20,525 | INFO     |     Clean (после geo-фильтра):       21
2026-06-09 04:02:20,525 | INFO     |     RU-SNI (после SNI-фильтра):       5
2026-06-09 04:02:20,525 | INFO     |     Прошло фильтр:                 23.8%
2026-06-09 04:02:20,525 | INFO     |   ──────────────────────────────────────────────────
2026-06-09 04:02:20,526 | INFO     | ✅ Статистика сохранена: /home/runner/work/vpn-vless-configs-russia/vpn-vless-configs-russia/stats.json
2026-06-09 04:02:20,526 | INFO     | 
2026-06-09 04:02:20,526 | INFO     | ======================================================================
2026-06-09 04:02:20,526 | INFO     | 📊 ИТОГОВЫЙ ОТЧЁТ
2026-06-09 04:02:20,526 | INFO     | ======================================================================
2026-06-09 04:02:20,526 | INFO     |   ✅ OK         | Загрузка и geo-фильтрация
2026-06-09 04:02:20,526 | INFO     |   ✅ OK         | Фильтрация по реальному SNI
2026-06-09 04:02:20,526 | INFO     |   ✅ OK         | Экспериментальный RU-SNI фильтр
2026-06-09 04:02:20,526 | INFO     |   ✅ OK         | Сбор статистики
2026-06-09 04:02:20,526 | INFO     | ──────────────────────────────────────────────────────────────────────
2026-06-09 04:02:20,526 | INFO     | ✅ ВСЕ ЭТАПЫ УСПЕШНЫ (4/4)
2026-06-09 04:02:20,526 | INFO     | ⏰ Время завершения: 2026-06-09 04:02:20
2026-06-09 04:02:20,526 | INFO     | ======================================================================
