2026-06-17 04:45:21,955 | INFO     | ======================================================================
2026-06-17 04:45:21,955 | INFO     | 🔍 VPN KEY CHECKER - Начало проверки
2026-06-17 04:45:21,956 | INFO     | ⏰ Время старта: 2026-06-17 04:45:21
2026-06-17 04:45:21,956 | INFO     | 📂 Рабочая директория: /home/runner/work/vpn-vless-configs-russia/vpn-vless-configs-russia
2026-06-17 04:45:21,956 | INFO     | ======================================================================
2026-06-17 04:45:21,956 | INFO     | 
2026-06-17 04:45:21,956 | INFO     | 🔍 Проверка наличия скриптов...
2026-06-17 04:45:21,956 | INFO     |   ✅ mirror.py
2026-06-17 04:45:21,956 | INFO     |   ✅ filter_ru_sni.py
2026-06-17 04:45:21,956 | INFO     |   ✅ filter_ru_sni_local.py
2026-06-17 04:45:21,956 | INFO     | 
2026-06-17 04:45:21,956 | INFO     | 
2026-06-17 04:45:21,956 | INFO     | ──────────────────────────────────────────────────────────────────────
2026-06-17 04:45:21,956 | INFO     | 📌 ЭТАП: Загрузка и geo-фильтрация
2026-06-17 04:45:21,956 | INFO     | ──────────────────────────────────────────────────────────────────────
2026-06-17 04:45:21,956 | INFO     | 🚀 Запуск mirror.py (Загрузка и фильтрация по РФ/СНГ/Европа)...
2026-06-17 04:45:26,176 | INFO     |   → 🚀 Старт: всего источников (старые + новые): 10
2026-06-17 04:45:26,176 | INFO     |   → 1/10: ✅ 0 взято | 🗑️ 0 мусор
2026-06-17 04:45:26,176 | INFO     |   → 2/10: ✅ 0 взято | 🗑️ 0 мусор
2026-06-17 04:45:26,176 | INFO     |   → 3/10: ✅ 0 взято | 🗑️ 0 мусор
2026-06-17 04:45:26,176 | INFO     |   → 4/10: ✅ 0 взято | 🗑️ 137 мусор
2026-06-17 04:45:26,176 | INFO     |   → 5/10: ✅ 0 взято | 🗑️ 236 мусор
2026-06-17 04:45:26,176 | INFO     |   → 6/10: ✅ 0 взято | 🗑️ 0 мусор
2026-06-17 04:45:26,176 | INFO     |   → 7/10: ✅ 5 взято | 🗑️ 9 мусор
2026-06-17 04:45:26,176 | INFO     |   → 8/10: ✅ 0 взято | 🗑️ 9 мусор
2026-06-17 04:45:26,176 | INFO     |   → 9/10: ✅ 0 взято | 🗑️ 0 мусор
2026-06-17 04:45:26,177 | INFO     |   → 10/10: ✅ 4 взято | 🗑️ 458 мусор
2026-06-17 04:45:26,177 | INFO     |   → ✅ ГОТОВО!
2026-06-17 04:45:26,177 | INFO     |   →    📥 Всего ключей после фильтра: 9
2026-06-17 04:45:26,177 | INFO     |   →    🔗 Уникальных IP:PORT:SCHEME: 9
2026-06-17 04:45:26,177 | INFO     |   →    🗑️ Выброшено мусора: 849
2026-06-17 04:45:26,177 | INFO     |   → 📊 По протоколам:
2026-06-17 04:45:26,177 | INFO     |   →    vless: 6
2026-06-17 04:45:26,177 | INFO     |   →    vmess: 1
2026-06-17 04:45:26,177 | INFO     |   →    trojan: 1
2026-06-17 04:45:26,177 | INFO     |   →    hysteria2: 1
2026-06-17 04:45:26,177 | INFO     | ✅ mirror.py завершён успешно
2026-06-17 04:45:26,177 | INFO     | 
2026-06-17 04:45:26,177 | INFO     | 
2026-06-17 04:45:26,177 | INFO     | ──────────────────────────────────────────────────────────────────────
2026-06-17 04:45:26,177 | INFO     | 📌 ЭТАП: Фильтрация по реальному SNI
2026-06-17 04:45:26,177 | INFO     | ──────────────────────────────────────────────────────────────────────
2026-06-17 04:45:26,177 | INFO     | 🚀 Запуск filter_ru_sni.py (Фильтр по реальному SNI (CDN+RU))...
2026-06-17 04:45:26,205 | INFO     |   → hysteria2.txt: 1 → 0 (SNI-filtered)
2026-06-17 04:45:26,205 | INFO     |   →   trojan.txt: 1 → 0 (SNI-filtered)
2026-06-17 04:45:26,205 | INFO     |   →   vless.txt: 6 → 0 (SNI-filtered)
2026-06-17 04:45:26,205 | INFO     |   →   vmess.txt: 1 → 0 (SNI-filtered)
2026-06-17 04:45:26,205 | INFO     |   → ==================================================
2026-06-17 04:45:26,205 | INFO     |   →   Всего входных:  9
2026-06-17 04:45:26,205 | INFO     |   →   Прошли фильтр:  0
2026-06-17 04:45:26,205 | INFO     |   →   Отброшено:      9
2026-06-17 04:45:26,205 | INFO     |   → ==================================================
2026-06-17 04:45:26,206 | INFO     |   → Готово → /home/runner/work/vpn-vless-configs-russia/vpn-vless-configs-russia/githubmirror/ru-sni
2026-06-17 04:45:26,206 | INFO     | ✅ filter_ru_sni.py завершён успешно
2026-06-17 04:45:26,206 | INFO     | 
2026-06-17 04:45:26,206 | INFO     | 
2026-06-17 04:45:26,206 | INFO     | ──────────────────────────────────────────────────────────────────────
2026-06-17 04:45:26,206 | INFO     | 📌 ЭТАП: Экспериментальный RU-SNI фильтр
2026-06-17 04:45:26,206 | INFO     | ──────────────────────────────────────────────────────────────────────
2026-06-17 04:45:26,206 | INFO     | 🚀 Запуск filter_ru_sni_local.py (Экспериментальный фильтр по RU-SNI (локальные домены))...
2026-06-17 04:45:26,233 | INFO     |   → hysteria2.txt: 1 → 0 (RU-SNI)
2026-06-17 04:45:26,233 | INFO     |   → trojan.txt: 1 → 0 (RU-SNI)
2026-06-17 04:45:26,233 | INFO     |   → vless.txt: 6 → 0 (RU-SNI)
2026-06-17 04:45:26,233 | INFO     |   → vmess.txt: 1 → 0 (RU-SNI)
2026-06-17 04:45:26,233 | INFO     |   → ==================================================
2026-06-17 04:45:26,233 | INFO     |   → Всего входных:  9
2026-06-17 04:45:26,233 | INFO     |   → Прошли RU-SNI:  0
2026-06-17 04:45:26,233 | INFO     |   → Отброшено:      9
2026-06-17 04:45:26,233 | INFO     |   → ==================================================
2026-06-17 04:45:26,233 | INFO     |   → Готово → /home/runner/work/vpn-vless-configs-russia/vpn-vless-configs-russia/githubmirror/ru-sni-local
2026-06-17 04:45:26,233 | INFO     | ✅ filter_ru_sni_local.py завершён успешно
2026-06-17 04:45:26,233 | INFO     | 
2026-06-17 04:45:26,233 | INFO     | 
2026-06-17 04:45:26,233 | INFO     | ──────────────────────────────────────────────────────────────────────
2026-06-17 04:45:26,233 | INFO     | 📌 ЭТАП: Сбор статистики
2026-06-17 04:45:26,233 | INFO     | ──────────────────────────────────────────────────────────────────────
2026-06-17 04:45:26,233 | INFO     | 📊 Сбор статистики...
2026-06-17 04:45:26,233 | INFO     |   📁 githubmirror/clean:
2026-06-17 04:45:26,234 | INFO     |     • hysteria2   :     1 конфигов
2026-06-17 04:45:26,234 | INFO     |     • trojan      :     1 конфигов
2026-06-17 04:45:26,234 | INFO     |     • vless       :     6 конфигов
2026-06-17 04:45:26,234 | INFO     |     • vmess       :     1 конфигов
2026-06-17 04:45:26,234 | INFO     |   📁 githubmirror/ru-sni:
2026-06-17 04:45:26,234 | INFO     |     • hysteria2   :     0 конфигов (  0.0% от clean)
2026-06-17 04:45:26,234 | INFO     |     • trojan      :     0 конфигов (  0.0% от clean)
2026-06-17 04:45:26,235 | INFO     |     • vless       :     0 конфигов (  0.0% от clean)
2026-06-17 04:45:26,235 | INFO     |     • vmess       :     0 конфигов (  0.0% от clean)
2026-06-17 04:45:26,235 | INFO     | 
2026-06-17 04:45:26,235 | INFO     |   ──────────────────────────────────────────────────
2026-06-17 04:45:26,235 | INFO     |   📈 ИТОГО:
2026-06-17 04:45:26,235 | INFO     |     Clean (после geo-фильтра):        9
2026-06-17 04:45:26,235 | INFO     |     RU-SNI (после SNI-фильтра):       0
2026-06-17 04:45:26,235 | INFO     |     Прошло фильтр:                  0.0%
2026-06-17 04:45:26,235 | INFO     |   ──────────────────────────────────────────────────
2026-06-17 04:45:26,235 | INFO     | ✅ Статистика сохранена: /home/runner/work/vpn-vless-configs-russia/vpn-vless-configs-russia/stats.json
2026-06-17 04:45:26,235 | INFO     | 
2026-06-17 04:45:26,235 | INFO     | ======================================================================
2026-06-17 04:45:26,235 | INFO     | 📊 ИТОГОВЫЙ ОТЧЁТ
2026-06-17 04:45:26,235 | INFO     | ======================================================================
2026-06-17 04:45:26,235 | INFO     |   ✅ OK         | Загрузка и geo-фильтрация
2026-06-17 04:45:26,235 | INFO     |   ✅ OK         | Фильтрация по реальному SNI
2026-06-17 04:45:26,235 | INFO     |   ✅ OK         | Экспериментальный RU-SNI фильтр
2026-06-17 04:45:26,235 | INFO     |   ✅ OK         | Сбор статистики
2026-06-17 04:45:26,235 | INFO     | ──────────────────────────────────────────────────────────────────────
2026-06-17 04:45:26,236 | INFO     | ✅ ВСЕ ЭТАПЫ УСПЕШНЫ (4/4)
2026-06-17 04:45:26,236 | INFO     | ⏰ Время завершения: 2026-06-17 04:45:26
2026-06-17 04:45:26,236 | INFO     | ======================================================================
