2026-06-05 04:16:37,049 | INFO     | ======================================================================
2026-06-05 04:16:37,049 | INFO     | 🔍 VPN KEY CHECKER - Начало проверки
2026-06-05 04:16:37,049 | INFO     | ⏰ Время старта: 2026-06-05 04:16:37
2026-06-05 04:16:37,049 | INFO     | 📂 Рабочая директория: /home/runner/work/vpn-vless-configs-russia/vpn-vless-configs-russia
2026-06-05 04:16:37,049 | INFO     | ======================================================================
2026-06-05 04:16:37,050 | INFO     | 
2026-06-05 04:16:37,050 | INFO     | 🔍 Проверка наличия скриптов...
2026-06-05 04:16:37,050 | INFO     |   ✅ mirror.py
2026-06-05 04:16:37,050 | INFO     |   ✅ filter_ru_sni.py
2026-06-05 04:16:37,050 | INFO     |   ✅ filter_ru_sni_local.py
2026-06-05 04:16:37,050 | INFO     | 
2026-06-05 04:16:37,050 | INFO     | 
2026-06-05 04:16:37,050 | INFO     | ──────────────────────────────────────────────────────────────────────
2026-06-05 04:16:37,050 | INFO     | 📌 ЭТАП: Загрузка и geo-фильтрация
2026-06-05 04:16:37,050 | INFO     | ──────────────────────────────────────────────────────────────────────
2026-06-05 04:16:37,050 | INFO     | 🚀 Запуск mirror.py (Загрузка и фильтрация по РФ/СНГ/Европа)...
2026-06-05 04:16:40,268 | INFO     |   → 🚀 Старт: всего источников (старые + новые): 8
2026-06-05 04:16:40,268 | INFO     |   → 1/8: ✅ 0 взято | 🗑️ 0 мусор
2026-06-05 04:16:40,268 | INFO     |   → 2/8: ✅ 0 взято | 🗑️ 0 мусор
2026-06-05 04:16:40,268 | INFO     |   → 3/8: ✅ 10 взято | 🗑️ 151 мусор
2026-06-05 04:16:40,268 | INFO     |   → 4/8: ✅ 0 взято | 🗑️ 0 мусор
2026-06-05 04:16:40,268 | INFO     |   → 5/8: ✅ 3 взято | 🗑️ 145 мусор
2026-06-05 04:16:40,268 | INFO     |   → 6/8: ✅ 0 взято | 🗑️ 0 мусор
2026-06-05 04:16:40,268 | INFO     |   → 7/8: ✅ 13 взято | 🗑️ 7 мусор
2026-06-05 04:16:40,268 | INFO     |   → 8/8: ✅ 0 взято | 🗑️ 7 мусор
2026-06-05 04:16:40,268 | INFO     |   → ✅ ГОТОВО!
2026-06-05 04:16:40,268 | INFO     |   →    📥 Всего ключей после фильтра: 26
2026-06-05 04:16:40,268 | INFO     |   →    🔗 Уникальных IP:PORT:SCHEME: 21
2026-06-05 04:16:40,269 | INFO     |   →    🗑️ Выброшено мусора: 310
2026-06-05 04:16:40,269 | INFO     |   → 📊 По протоколам:
2026-06-05 04:16:40,269 | INFO     |   →    vless: 13
2026-06-05 04:16:40,269 | INFO     |   →    vmess: 1
2026-06-05 04:16:40,269 | INFO     |   →    trojan: 4
2026-06-05 04:16:40,269 | INFO     |   →    ss: 3
2026-06-05 04:16:40,269 | INFO     | ✅ mirror.py завершён успешно
2026-06-05 04:16:40,269 | INFO     | 
2026-06-05 04:16:40,269 | INFO     | 
2026-06-05 04:16:40,269 | INFO     | ──────────────────────────────────────────────────────────────────────
2026-06-05 04:16:40,269 | INFO     | 📌 ЭТАП: Фильтрация по реальному SNI
2026-06-05 04:16:40,269 | INFO     | ──────────────────────────────────────────────────────────────────────
2026-06-05 04:16:40,269 | INFO     | 🚀 Запуск filter_ru_sni.py (Фильтр по реальному SNI (CDN+RU))...
2026-06-05 04:16:40,296 | INFO     |   → ss.txt: 3 → 0 (SNI-filtered)
2026-06-05 04:16:40,296 | INFO     |   →   trojan.txt: 4 → 0 (SNI-filtered)
2026-06-05 04:16:40,296 | INFO     |   →   vless.txt: 13 → 4 (SNI-filtered)
2026-06-05 04:16:40,296 | INFO     |   →   vmess.txt: 1 → 0 (SNI-filtered)
2026-06-05 04:16:40,296 | INFO     |   → ==================================================
2026-06-05 04:16:40,296 | INFO     |   →   Всего входных:  21
2026-06-05 04:16:40,296 | INFO     |   →   Прошли фильтр:  4
2026-06-05 04:16:40,296 | INFO     |   →   Отброшено:      17
2026-06-05 04:16:40,296 | INFO     |   → ==================================================
2026-06-05 04:16:40,297 | INFO     |   → Готово → /home/runner/work/vpn-vless-configs-russia/vpn-vless-configs-russia/githubmirror/ru-sni
2026-06-05 04:16:40,297 | INFO     | ✅ filter_ru_sni.py завершён успешно
2026-06-05 04:16:40,297 | INFO     | 
2026-06-05 04:16:40,297 | INFO     | 
2026-06-05 04:16:40,297 | INFO     | ──────────────────────────────────────────────────────────────────────
2026-06-05 04:16:40,297 | INFO     | 📌 ЭТАП: Экспериментальный RU-SNI фильтр
2026-06-05 04:16:40,297 | INFO     | ──────────────────────────────────────────────────────────────────────
2026-06-05 04:16:40,297 | INFO     | 🚀 Запуск filter_ru_sni_local.py (Экспериментальный фильтр по RU-SNI (локальные домены))...
2026-06-05 04:16:40,323 | INFO     |   → ss.txt: 3 → 0 (RU-SNI)
2026-06-05 04:16:40,323 | INFO     |   → trojan.txt: 4 → 0 (RU-SNI)
2026-06-05 04:16:40,323 | INFO     |   → vless.txt: 13 → 1 (RU-SNI)
2026-06-05 04:16:40,323 | INFO     |   → vmess.txt: 1 → 0 (RU-SNI)
2026-06-05 04:16:40,323 | INFO     |   → ==================================================
2026-06-05 04:16:40,323 | INFO     |   → Всего входных:  21
2026-06-05 04:16:40,323 | INFO     |   → Прошли RU-SNI:  1
2026-06-05 04:16:40,323 | INFO     |   → Отброшено:      20
2026-06-05 04:16:40,323 | INFO     |   → ==================================================
2026-06-05 04:16:40,323 | INFO     |   → Готово → /home/runner/work/vpn-vless-configs-russia/vpn-vless-configs-russia/githubmirror/ru-sni-local
2026-06-05 04:16:40,323 | INFO     | ✅ filter_ru_sni_local.py завершён успешно
2026-06-05 04:16:40,323 | INFO     | 
2026-06-05 04:16:40,323 | INFO     | 
2026-06-05 04:16:40,324 | INFO     | ──────────────────────────────────────────────────────────────────────
2026-06-05 04:16:40,324 | INFO     | 📌 ЭТАП: Сбор статистики
2026-06-05 04:16:40,324 | INFO     | ──────────────────────────────────────────────────────────────────────
2026-06-05 04:16:40,324 | INFO     | 📊 Сбор статистики...
2026-06-05 04:16:40,324 | INFO     |   📁 githubmirror/clean:
2026-06-05 04:16:40,324 | INFO     |     • ss          :     3 конфигов
2026-06-05 04:16:40,324 | INFO     |     • trojan      :     4 конфигов
2026-06-05 04:16:40,324 | INFO     |     • vless       :    13 конфигов
2026-06-05 04:16:40,324 | INFO     |     • vmess       :     1 конфигов
2026-06-05 04:16:40,325 | INFO     |   📁 githubmirror/ru-sni:
2026-06-05 04:16:40,325 | INFO     |     • ss          :     0 конфигов (  0.0% от clean)
2026-06-05 04:16:40,325 | INFO     |     • trojan      :     0 конфигов (  0.0% от clean)
2026-06-05 04:16:40,325 | INFO     |     • vless       :     4 конфигов ( 30.8% от clean)
2026-06-05 04:16:40,325 | INFO     |     • vmess       :     0 конфигов (  0.0% от clean)
2026-06-05 04:16:40,325 | INFO     | 
2026-06-05 04:16:40,325 | INFO     |   ──────────────────────────────────────────────────
2026-06-05 04:16:40,325 | INFO     |   📈 ИТОГО:
2026-06-05 04:16:40,325 | INFO     |     Clean (после geo-фильтра):       21
2026-06-05 04:16:40,325 | INFO     |     RU-SNI (после SNI-фильтра):       4
2026-06-05 04:16:40,325 | INFO     |     Прошло фильтр:                 19.1%
2026-06-05 04:16:40,325 | INFO     |   ──────────────────────────────────────────────────
2026-06-05 04:16:40,326 | INFO     | ✅ Статистика сохранена: /home/runner/work/vpn-vless-configs-russia/vpn-vless-configs-russia/stats.json
2026-06-05 04:16:40,326 | INFO     | 
2026-06-05 04:16:40,326 | INFO     | ======================================================================
2026-06-05 04:16:40,326 | INFO     | 📊 ИТОГОВЫЙ ОТЧЁТ
2026-06-05 04:16:40,326 | INFO     | ======================================================================
2026-06-05 04:16:40,326 | INFO     |   ✅ OK         | Загрузка и geo-фильтрация
2026-06-05 04:16:40,326 | INFO     |   ✅ OK         | Фильтрация по реальному SNI
2026-06-05 04:16:40,326 | INFO     |   ✅ OK         | Экспериментальный RU-SNI фильтр
2026-06-05 04:16:40,326 | INFO     |   ✅ OK         | Сбор статистики
2026-06-05 04:16:40,326 | INFO     | ──────────────────────────────────────────────────────────────────────
2026-06-05 04:16:40,326 | INFO     | ✅ ВСЕ ЭТАПЫ УСПЕШНЫ (4/4)
2026-06-05 04:16:40,326 | INFO     | ⏰ Время завершения: 2026-06-05 04:16:40
2026-06-05 04:16:40,326 | INFO     | ======================================================================
