2026-06-01 11:47:27,714 | INFO     | ======================================================================
2026-06-01 11:47:27,714 | INFO     | 🔍 VPN KEY CHECKER - Начало проверки
2026-06-01 11:47:27,714 | INFO     | ⏰ Время старта: 2026-06-01 11:47:27
2026-06-01 11:47:27,714 | INFO     | 📂 Рабочая директория: /home/runner/work/vpn-vless-configs-russia/vpn-vless-configs-russia
2026-06-01 11:47:27,714 | INFO     | ======================================================================
2026-06-01 11:47:27,714 | INFO     | 
2026-06-01 11:47:27,714 | INFO     | 🔍 Проверка наличия скриптов...
2026-06-01 11:47:27,714 | INFO     |   ✅ mirror.py
2026-06-01 11:47:27,714 | INFO     |   ✅ filter_ru_sni.py
2026-06-01 11:47:27,714 | INFO     |   ✅ filter_ru_sni_local.py
2026-06-01 11:47:27,714 | INFO     | 
2026-06-01 11:47:27,714 | INFO     | 
2026-06-01 11:47:27,714 | INFO     | ──────────────────────────────────────────────────────────────────────
2026-06-01 11:47:27,714 | INFO     | 📌 ЭТАП: Загрузка и geo-фильтрация
2026-06-01 11:47:27,714 | INFO     | ──────────────────────────────────────────────────────────────────────
2026-06-01 11:47:27,714 | INFO     | 🚀 Запуск mirror.py (Загрузка и фильтрация по РФ/СНГ/Европа)...
2026-06-01 11:47:31,574 | INFO     |   → 🚀 Старт: всего источников (старые + новые): 10
2026-06-01 11:47:31,574 | INFO     |   → 1/10: ✅ 0 взято | 🗑️ 0 мусор
2026-06-01 11:47:31,574 | INFO     |   → 2/10: ✅ 0 взято | 🗑️ 0 мусор
2026-06-01 11:47:31,574 | INFO     |   → 3/10: ✅ 0 взято | 🗑️ 0 мусор
2026-06-01 11:47:31,574 | INFO     |   → 4/10: ✅ 14 взято | 🗑️ 125 мусор
2026-06-01 11:47:31,574 | INFO     |   → 5/10: ✅ 3 взято | 🗑️ 213 мусор
2026-06-01 11:47:31,574 | INFO     |   → 6/10: ✅ 0 взято | 🗑️ 0 мусор
2026-06-01 11:47:31,575 | INFO     |   → 7/10: ✅ 13 взято | 🗑️ 7 мусор
2026-06-01 11:47:31,575 | INFO     |   → 8/10: ✅ 0 взято | 🗑️ 7 мусор
2026-06-01 11:47:31,575 | INFO     |   → 9/10: ✅ 12 взято | 🗑️ 12 мусор
2026-06-01 11:47:31,575 | INFO     |   → 10/10: ✅ 0 взято | 🗑️ 0 мусор
2026-06-01 11:47:31,575 | INFO     |   → ✅ ГОТОВО!
2026-06-01 11:47:31,575 | INFO     |   →    📥 Всего ключей после фильтра: 42
2026-06-01 11:47:31,575 | INFO     |   →    🔗 Уникальных IP:PORT:SCHEME: 31
2026-06-01 11:47:31,575 | INFO     |   →    🗑️ Выброшено мусора: 364
2026-06-01 11:47:31,575 | INFO     |   → 📊 По протоколам:
2026-06-01 11:47:31,575 | INFO     |   →    vless: 20
2026-06-01 11:47:31,575 | INFO     |   →    vmess: 3
2026-06-01 11:47:31,575 | INFO     |   →    trojan: 4
2026-06-01 11:47:31,575 | INFO     |   →    ss: 4
2026-06-01 11:47:31,575 | INFO     | ✅ mirror.py завершён успешно
2026-06-01 11:47:31,575 | INFO     | 
2026-06-01 11:47:31,575 | INFO     | 
2026-06-01 11:47:31,575 | INFO     | ──────────────────────────────────────────────────────────────────────
2026-06-01 11:47:31,575 | INFO     | 📌 ЭТАП: Фильтрация по реальному SNI
2026-06-01 11:47:31,575 | INFO     | ──────────────────────────────────────────────────────────────────────
2026-06-01 11:47:31,575 | INFO     | 🚀 Запуск filter_ru_sni.py (Фильтр по реальному SNI (CDN+RU))...
2026-06-01 11:47:31,604 | INFO     |   → ss.txt: 4 → 0 (SNI-filtered)
2026-06-01 11:47:31,604 | INFO     |   →   trojan.txt: 4 → 0 (SNI-filtered)
2026-06-01 11:47:31,604 | INFO     |   →   vless.txt: 20 → 4 (SNI-filtered)
2026-06-01 11:47:31,604 | INFO     |   →   vmess.txt: 3 → 0 (SNI-filtered)
2026-06-01 11:47:31,604 | INFO     |   → ==================================================
2026-06-01 11:47:31,604 | INFO     |   →   Всего входных:  31
2026-06-01 11:47:31,604 | INFO     |   →   Прошли фильтр:  4
2026-06-01 11:47:31,604 | INFO     |   →   Отброшено:      27
2026-06-01 11:47:31,604 | INFO     |   → ==================================================
2026-06-01 11:47:31,604 | INFO     |   → Готово → /home/runner/work/vpn-vless-configs-russia/vpn-vless-configs-russia/githubmirror/ru-sni
2026-06-01 11:47:31,604 | INFO     | ✅ filter_ru_sni.py завершён успешно
2026-06-01 11:47:31,604 | INFO     | 
2026-06-01 11:47:31,604 | INFO     | 
2026-06-01 11:47:31,604 | INFO     | ──────────────────────────────────────────────────────────────────────
2026-06-01 11:47:31,604 | INFO     | 📌 ЭТАП: Экспериментальный RU-SNI фильтр
2026-06-01 11:47:31,604 | INFO     | ──────────────────────────────────────────────────────────────────────
2026-06-01 11:47:31,604 | INFO     | 🚀 Запуск filter_ru_sni_local.py (Экспериментальный фильтр по RU-SNI (локальные домены))...
2026-06-01 11:47:31,632 | INFO     |   → ss.txt: 4 → 0 (RU-SNI)
2026-06-01 11:47:31,632 | INFO     |   → trojan.txt: 4 → 0 (RU-SNI)
2026-06-01 11:47:31,632 | INFO     |   → vless.txt: 20 → 1 (RU-SNI)
2026-06-01 11:47:31,632 | INFO     |   → vmess.txt: 3 → 0 (RU-SNI)
2026-06-01 11:47:31,632 | INFO     |   → ==================================================
2026-06-01 11:47:31,632 | INFO     |   → Всего входных:  31
2026-06-01 11:47:31,632 | INFO     |   → Прошли RU-SNI:  1
2026-06-01 11:47:31,632 | INFO     |   → Отброшено:      30
2026-06-01 11:47:31,632 | INFO     |   → ==================================================
2026-06-01 11:47:31,632 | INFO     |   → Готово → /home/runner/work/vpn-vless-configs-russia/vpn-vless-configs-russia/githubmirror/ru-sni-local
2026-06-01 11:47:31,632 | INFO     | ✅ filter_ru_sni_local.py завершён успешно
2026-06-01 11:47:31,632 | INFO     | 
2026-06-01 11:47:31,633 | INFO     | 
2026-06-01 11:47:31,633 | INFO     | ──────────────────────────────────────────────────────────────────────
2026-06-01 11:47:31,633 | INFO     | 📌 ЭТАП: Сбор статистики
2026-06-01 11:47:31,633 | INFO     | ──────────────────────────────────────────────────────────────────────
2026-06-01 11:47:31,633 | INFO     | 📊 Сбор статистики...
2026-06-01 11:47:31,633 | INFO     |   📁 githubmirror/clean:
2026-06-01 11:47:31,633 | INFO     |     • ss          :     4 конфигов
2026-06-01 11:47:31,633 | INFO     |     • trojan      :     4 конфигов
2026-06-01 11:47:31,633 | INFO     |     • vless       :    20 конфигов
2026-06-01 11:47:31,633 | INFO     |     • vmess       :     3 конфигов
2026-06-01 11:47:31,633 | INFO     |   📁 githubmirror/ru-sni:
2026-06-01 11:47:31,634 | INFO     |     • ss          :     0 конфигов (  0.0% от clean)
2026-06-01 11:47:31,634 | INFO     |     • trojan      :     0 конфигов (  0.0% от clean)
2026-06-01 11:47:31,634 | INFO     |     • vless       :     4 конфигов ( 20.0% от clean)
2026-06-01 11:47:31,634 | INFO     |     • vmess       :     0 конфигов (  0.0% от clean)
2026-06-01 11:47:31,634 | INFO     | 
2026-06-01 11:47:31,634 | INFO     |   ──────────────────────────────────────────────────
2026-06-01 11:47:31,634 | INFO     |   📈 ИТОГО:
2026-06-01 11:47:31,634 | INFO     |     Clean (после geo-фильтра):       31
2026-06-01 11:47:31,634 | INFO     |     RU-SNI (после SNI-фильтра):       4
2026-06-01 11:47:31,634 | INFO     |     Прошло фильтр:                 12.9%
2026-06-01 11:47:31,634 | INFO     |   ──────────────────────────────────────────────────
2026-06-01 11:47:31,634 | INFO     | ✅ Статистика сохранена: /home/runner/work/vpn-vless-configs-russia/vpn-vless-configs-russia/stats.json
2026-06-01 11:47:31,634 | INFO     | 
2026-06-01 11:47:31,634 | INFO     | ======================================================================
2026-06-01 11:47:31,634 | INFO     | 📊 ИТОГОВЫЙ ОТЧЁТ
2026-06-01 11:47:31,635 | INFO     | ======================================================================
2026-06-01 11:47:31,635 | INFO     |   ✅ OK         | Загрузка и geo-фильтрация
2026-06-01 11:47:31,635 | INFO     |   ✅ OK         | Фильтрация по реальному SNI
2026-06-01 11:47:31,635 | INFO     |   ✅ OK         | Экспериментальный RU-SNI фильтр
2026-06-01 11:47:31,635 | INFO     |   ✅ OK         | Сбор статистики
2026-06-01 11:47:31,635 | INFO     | ──────────────────────────────────────────────────────────────────────
2026-06-01 11:47:31,635 | INFO     | ✅ ВСЕ ЭТАПЫ УСПЕШНЫ (4/4)
2026-06-01 11:47:31,635 | INFO     | ⏰ Время завершения: 2026-06-01 11:47:31
2026-06-01 11:47:31,635 | INFO     | ======================================================================
