2026-06-22 12:15:29,486 | INFO     | ======================================================================
2026-06-22 12:15:29,486 | INFO     | 🔍 VPN KEY CHECKER - Начало проверки
2026-06-22 12:15:29,486 | INFO     | ⏰ Время старта: 2026-06-22 12:15:29
2026-06-22 12:15:29,486 | INFO     | 📂 Рабочая директория: /home/runner/work/vpn-vless-configs-russia/vpn-vless-configs-russia
2026-06-22 12:15:29,486 | INFO     | ======================================================================
2026-06-22 12:15:29,486 | INFO     | 
2026-06-22 12:15:29,486 | INFO     | 🔍 Проверка наличия скриптов...
2026-06-22 12:15:29,487 | INFO     |   ✅ mirror.py
2026-06-22 12:15:29,487 | INFO     |   ✅ filter_ru_sni.py
2026-06-22 12:15:29,487 | INFO     |   ✅ filter_ru_sni_local.py
2026-06-22 12:15:29,487 | INFO     | 
2026-06-22 12:15:29,487 | INFO     | 
2026-06-22 12:15:29,487 | INFO     | ──────────────────────────────────────────────────────────────────────
2026-06-22 12:15:29,487 | INFO     | 📌 ЭТАП: Загрузка и geo-фильтрация
2026-06-22 12:15:29,487 | INFO     | ──────────────────────────────────────────────────────────────────────
2026-06-22 12:15:29,487 | INFO     | 🚀 Запуск mirror.py (Загрузка и фильтрация по РФ/СНГ/Европа)...
2026-06-22 12:15:33,183 | INFO     |   → 🚀 Старт: всего источников (старые + новые): 8
2026-06-22 12:15:33,183 | INFO     |   → 1/8: ✅ 0 взято | 🗑️ 0 мусор
2026-06-22 12:15:33,183 | INFO     |   → 2/8: ✅ 0 взято | 🗑️ 0 мусор
2026-06-22 12:15:33,183 | INFO     |   → 3/8: ✅ 3 взято | 🗑️ 99 мусор
2026-06-22 12:15:33,183 | INFO     |   → 4/8: ✅ 0 взято | 🗑️ 0 мусор
2026-06-22 12:15:33,184 | INFO     |   → 5/8: ✅ 3 взято | 🗑️ 196 мусор
2026-06-22 12:15:33,184 | INFO     |   → 6/8: ✅ 0 взято | 🗑️ 0 мусор
2026-06-22 12:15:33,184 | INFO     |   → 7/8: ✅ 13 взято | 🗑️ 10 мусор
2026-06-22 12:15:33,184 | INFO     |   → 8/8: ✅ 0 взято | 🗑️ 10 мусор
2026-06-22 12:15:33,184 | INFO     |   → ✅ ГОТОВО!
2026-06-22 12:15:33,184 | INFO     |   →    📥 Всего ключей после фильтра: 19
2026-06-22 12:15:33,184 | INFO     |   →    🔗 Уникальных IP:PORT:SCHEME: 18
2026-06-22 12:15:33,184 | INFO     |   →    🗑️ Выброшено мусора: 315
2026-06-22 12:15:33,184 | INFO     |   → 📊 По протоколам:
2026-06-22 12:15:33,184 | INFO     |   →    vless: 16
2026-06-22 12:15:33,184 | INFO     |   →    trojan: 1
2026-06-22 12:15:33,184 | INFO     |   →    hysteria2: 1
2026-06-22 12:15:33,184 | INFO     | ✅ mirror.py завершён успешно
2026-06-22 12:15:33,184 | INFO     | 
2026-06-22 12:15:33,184 | INFO     | 
2026-06-22 12:15:33,184 | INFO     | ──────────────────────────────────────────────────────────────────────
2026-06-22 12:15:33,184 | INFO     | 📌 ЭТАП: Фильтрация по реальному SNI
2026-06-22 12:15:33,184 | INFO     | ──────────────────────────────────────────────────────────────────────
2026-06-22 12:15:33,184 | INFO     | 🚀 Запуск filter_ru_sni.py (Фильтр по реальному SNI (CDN+RU))...
2026-06-22 12:15:33,212 | INFO     |   → hysteria2.txt: 1 → 0 (SNI-filtered)
2026-06-22 12:15:33,213 | INFO     |   →   trojan.txt: 1 → 0 (SNI-filtered)
2026-06-22 12:15:33,213 | INFO     |   →   vless.txt: 16 → 0 (SNI-filtered)
2026-06-22 12:15:33,213 | INFO     |   → ==================================================
2026-06-22 12:15:33,213 | INFO     |   →   Всего входных:  18
2026-06-22 12:15:33,213 | INFO     |   →   Прошли фильтр:  0
2026-06-22 12:15:33,213 | INFO     |   →   Отброшено:      18
2026-06-22 12:15:33,213 | INFO     |   → ==================================================
2026-06-22 12:15:33,213 | INFO     |   → Готово → /home/runner/work/vpn-vless-configs-russia/vpn-vless-configs-russia/githubmirror/ru-sni
2026-06-22 12:15:33,213 | INFO     | ✅ filter_ru_sni.py завершён успешно
2026-06-22 12:15:33,213 | INFO     | 
2026-06-22 12:15:33,213 | INFO     | 
2026-06-22 12:15:33,213 | INFO     | ──────────────────────────────────────────────────────────────────────
2026-06-22 12:15:33,213 | INFO     | 📌 ЭТАП: Экспериментальный RU-SNI фильтр
2026-06-22 12:15:33,213 | INFO     | ──────────────────────────────────────────────────────────────────────
2026-06-22 12:15:33,213 | INFO     | 🚀 Запуск filter_ru_sni_local.py (Экспериментальный фильтр по RU-SNI (локальные домены))...
2026-06-22 12:15:33,241 | INFO     |   → hysteria2.txt: 1 → 0 (RU-SNI)
2026-06-22 12:15:33,241 | INFO     |   → trojan.txt: 1 → 0 (RU-SNI)
2026-06-22 12:15:33,241 | INFO     |   → vless.txt: 16 → 0 (RU-SNI)
2026-06-22 12:15:33,241 | INFO     |   → ==================================================
2026-06-22 12:15:33,241 | INFO     |   → Всего входных:  18
2026-06-22 12:15:33,241 | INFO     |   → Прошли RU-SNI:  0
2026-06-22 12:15:33,241 | INFO     |   → Отброшено:      18
2026-06-22 12:15:33,241 | INFO     |   → ==================================================
2026-06-22 12:15:33,241 | INFO     |   → Готово → /home/runner/work/vpn-vless-configs-russia/vpn-vless-configs-russia/githubmirror/ru-sni-local
2026-06-22 12:15:33,241 | INFO     | ✅ filter_ru_sni_local.py завершён успешно
2026-06-22 12:15:33,241 | INFO     | 
2026-06-22 12:15:33,241 | INFO     | 
2026-06-22 12:15:33,241 | INFO     | ──────────────────────────────────────────────────────────────────────
2026-06-22 12:15:33,241 | INFO     | 📌 ЭТАП: Сбор статистики
2026-06-22 12:15:33,241 | INFO     | ──────────────────────────────────────────────────────────────────────
2026-06-22 12:15:33,241 | INFO     | 📊 Сбор статистики...
2026-06-22 12:15:33,241 | INFO     |   📁 githubmirror/clean:
2026-06-22 12:15:33,242 | INFO     |     • hysteria2   :     1 конфигов
2026-06-22 12:15:33,242 | INFO     |     • trojan      :     1 конфигов
2026-06-22 12:15:33,242 | INFO     |     • vless       :    16 конфигов
2026-06-22 12:15:33,242 | INFO     |   📁 githubmirror/ru-sni:
2026-06-22 12:15:33,242 | INFO     |     • hysteria2   :     0 конфигов (  0.0% от clean)
2026-06-22 12:15:33,242 | INFO     |     • trojan      :     0 конфигов (  0.0% от clean)
2026-06-22 12:15:33,242 | INFO     |     • vless       :     0 конфигов (  0.0% от clean)
2026-06-22 12:15:33,242 | INFO     | 
2026-06-22 12:15:33,242 | INFO     |   ──────────────────────────────────────────────────
2026-06-22 12:15:33,243 | INFO     |   📈 ИТОГО:
2026-06-22 12:15:33,243 | INFO     |     Clean (после geo-фильтра):       18
2026-06-22 12:15:33,243 | INFO     |     RU-SNI (после SNI-фильтра):       0
2026-06-22 12:15:33,243 | INFO     |     Прошло фильтр:                  0.0%
2026-06-22 12:15:33,243 | INFO     |   ──────────────────────────────────────────────────
2026-06-22 12:15:33,243 | INFO     | ✅ Статистика сохранена: /home/runner/work/vpn-vless-configs-russia/vpn-vless-configs-russia/stats.json
2026-06-22 12:15:33,243 | INFO     | 
2026-06-22 12:15:33,243 | INFO     | ======================================================================
2026-06-22 12:15:33,243 | INFO     | 📊 ИТОГОВЫЙ ОТЧЁТ
2026-06-22 12:15:33,243 | INFO     | ======================================================================
2026-06-22 12:15:33,243 | INFO     |   ✅ OK         | Загрузка и geo-фильтрация
2026-06-22 12:15:33,243 | INFO     |   ✅ OK         | Фильтрация по реальному SNI
2026-06-22 12:15:33,243 | INFO     |   ✅ OK         | Экспериментальный RU-SNI фильтр
2026-06-22 12:15:33,243 | INFO     |   ✅ OK         | Сбор статистики
2026-06-22 12:15:33,244 | INFO     | ──────────────────────────────────────────────────────────────────────
2026-06-22 12:15:33,244 | INFO     | ✅ ВСЕ ЭТАПЫ УСПЕШНЫ (4/4)
2026-06-22 12:15:33,244 | INFO     | ⏰ Время завершения: 2026-06-22 12:15:33
2026-06-22 12:15:33,244 | INFO     | ======================================================================
