2026-06-18 20:33:50,689 | INFO     | ======================================================================
2026-06-18 20:33:50,689 | INFO     | 🔍 VPN KEY CHECKER - Начало проверки
2026-06-18 20:33:50,689 | INFO     | ⏰ Время старта: 2026-06-18 20:33:50
2026-06-18 20:33:50,689 | INFO     | 📂 Рабочая директория: /home/runner/work/vpn-vless-configs-russia/vpn-vless-configs-russia
2026-06-18 20:33:50,690 | INFO     | ======================================================================
2026-06-18 20:33:50,690 | INFO     | 
2026-06-18 20:33:50,690 | INFO     | 🔍 Проверка наличия скриптов...
2026-06-18 20:33:50,690 | INFO     |   ✅ mirror.py
2026-06-18 20:33:50,690 | INFO     |   ✅ filter_ru_sni.py
2026-06-18 20:33:50,690 | INFO     |   ✅ filter_ru_sni_local.py
2026-06-18 20:33:50,690 | INFO     | 
2026-06-18 20:33:50,690 | INFO     | 
2026-06-18 20:33:50,690 | INFO     | ──────────────────────────────────────────────────────────────────────
2026-06-18 20:33:50,690 | INFO     | 📌 ЭТАП: Загрузка и geo-фильтрация
2026-06-18 20:33:50,690 | INFO     | ──────────────────────────────────────────────────────────────────────
2026-06-18 20:33:50,690 | INFO     | 🚀 Запуск mirror.py (Загрузка и фильтрация по РФ/СНГ/Европа)...
2026-06-18 20:33:55,037 | INFO     |   → 🚀 Старт: всего источников (старые + новые): 10
2026-06-18 20:33:55,037 | INFO     |   → 1/10: ✅ 0 взято | 🗑️ 0 мусор
2026-06-18 20:33:55,037 | INFO     |   → 2/10: ✅ 0 взято | 🗑️ 0 мусор
2026-06-18 20:33:55,037 | INFO     |   → 3/10: ✅ 0 взято | 🗑️ 0 мусор
2026-06-18 20:33:55,037 | INFO     |   → 4/10: ✅ 1 взято | 🗑️ 213 мусор
2026-06-18 20:33:55,037 | INFO     |   → 5/10: ✅ 0 взято | 🗑️ 192 мусор
2026-06-18 20:33:55,037 | INFO     |   → 6/10: ✅ 0 взято | 🗑️ 0 мусор
2026-06-18 20:33:55,037 | INFO     |   → 7/10: ✅ 5 взято | 🗑️ 9 мусор
2026-06-18 20:33:55,037 | INFO     |   → 8/10: ✅ 0 взято | 🗑️ 9 мусор
2026-06-18 20:33:55,037 | INFO     |   → 9/10: ✅ 0 взято | 🗑️ 0 мусор
2026-06-18 20:33:55,037 | INFO     |   → 10/10: ✅ 1 взято | 🗑️ 164 мусор
2026-06-18 20:33:55,037 | INFO     |   → ✅ ГОТОВО!
2026-06-18 20:33:55,037 | INFO     |   →    📥 Всего ключей после фильтра: 7
2026-06-18 20:33:55,037 | INFO     |   →    🔗 Уникальных IP:PORT:SCHEME: 6
2026-06-18 20:33:55,037 | INFO     |   →    🗑️ Выброшено мусора: 587
2026-06-18 20:33:55,037 | INFO     |   → 📊 По протоколам:
2026-06-18 20:33:55,037 | INFO     |   →    vless: 5
2026-06-18 20:33:55,037 | INFO     |   →    vmess: 1
2026-06-18 20:33:55,037 | INFO     | ✅ mirror.py завершён успешно
2026-06-18 20:33:55,037 | INFO     | 
2026-06-18 20:33:55,038 | INFO     | 
2026-06-18 20:33:55,038 | INFO     | ──────────────────────────────────────────────────────────────────────
2026-06-18 20:33:55,038 | INFO     | 📌 ЭТАП: Фильтрация по реальному SNI
2026-06-18 20:33:55,038 | INFO     | ──────────────────────────────────────────────────────────────────────
2026-06-18 20:33:55,038 | INFO     | 🚀 Запуск filter_ru_sni.py (Фильтр по реальному SNI (CDN+RU))...
2026-06-18 20:33:55,066 | INFO     |   → vless.txt: 5 → 0 (SNI-filtered)
2026-06-18 20:33:55,066 | INFO     |   →   vmess.txt: 1 → 0 (SNI-filtered)
2026-06-18 20:33:55,066 | INFO     |   → ==================================================
2026-06-18 20:33:55,066 | INFO     |   →   Всего входных:  6
2026-06-18 20:33:55,066 | INFO     |   →   Прошли фильтр:  0
2026-06-18 20:33:55,066 | INFO     |   →   Отброшено:      6
2026-06-18 20:33:55,066 | INFO     |   → ==================================================
2026-06-18 20:33:55,066 | INFO     |   → Готово → /home/runner/work/vpn-vless-configs-russia/vpn-vless-configs-russia/githubmirror/ru-sni
2026-06-18 20:33:55,066 | INFO     | ✅ filter_ru_sni.py завершён успешно
2026-06-18 20:33:55,066 | INFO     | 
2026-06-18 20:33:55,066 | INFO     | 
2026-06-18 20:33:55,066 | INFO     | ──────────────────────────────────────────────────────────────────────
2026-06-18 20:33:55,066 | INFO     | 📌 ЭТАП: Экспериментальный RU-SNI фильтр
2026-06-18 20:33:55,066 | INFO     | ──────────────────────────────────────────────────────────────────────
2026-06-18 20:33:55,066 | INFO     | 🚀 Запуск filter_ru_sni_local.py (Экспериментальный фильтр по RU-SNI (локальные домены))...
2026-06-18 20:33:55,093 | INFO     |   → vless.txt: 5 → 0 (RU-SNI)
2026-06-18 20:33:55,094 | INFO     |   → vmess.txt: 1 → 0 (RU-SNI)
2026-06-18 20:33:55,094 | INFO     |   → ==================================================
2026-06-18 20:33:55,094 | INFO     |   → Всего входных:  6
2026-06-18 20:33:55,094 | INFO     |   → Прошли RU-SNI:  0
2026-06-18 20:33:55,094 | INFO     |   → Отброшено:      6
2026-06-18 20:33:55,094 | INFO     |   → ==================================================
2026-06-18 20:33:55,094 | INFO     |   → Готово → /home/runner/work/vpn-vless-configs-russia/vpn-vless-configs-russia/githubmirror/ru-sni-local
2026-06-18 20:33:55,094 | INFO     | ✅ filter_ru_sni_local.py завершён успешно
2026-06-18 20:33:55,094 | INFO     | 
2026-06-18 20:33:55,094 | INFO     | 
2026-06-18 20:33:55,094 | INFO     | ──────────────────────────────────────────────────────────────────────
2026-06-18 20:33:55,094 | INFO     | 📌 ЭТАП: Сбор статистики
2026-06-18 20:33:55,094 | INFO     | ──────────────────────────────────────────────────────────────────────
2026-06-18 20:33:55,094 | INFO     | 📊 Сбор статистики...
2026-06-18 20:33:55,094 | INFO     |   📁 githubmirror/clean:
2026-06-18 20:33:55,094 | INFO     |     • vless       :     5 конфигов
2026-06-18 20:33:55,095 | INFO     |     • vmess       :     1 конфигов
2026-06-18 20:33:55,095 | INFO     |   📁 githubmirror/ru-sni:
2026-06-18 20:33:55,095 | INFO     |     • vless       :     0 конфигов (  0.0% от clean)
2026-06-18 20:33:55,095 | INFO     |     • vmess       :     0 конфигов (  0.0% от clean)
2026-06-18 20:33:55,095 | INFO     | 
2026-06-18 20:33:55,095 | INFO     |   ──────────────────────────────────────────────────
2026-06-18 20:33:55,095 | INFO     |   📈 ИТОГО:
2026-06-18 20:33:55,095 | INFO     |     Clean (после geo-фильтра):        6
2026-06-18 20:33:55,095 | INFO     |     RU-SNI (после SNI-фильтра):       0
2026-06-18 20:33:55,095 | INFO     |     Прошло фильтр:                  0.0%
2026-06-18 20:33:55,095 | INFO     |   ──────────────────────────────────────────────────
2026-06-18 20:33:55,095 | INFO     | ✅ Статистика сохранена: /home/runner/work/vpn-vless-configs-russia/vpn-vless-configs-russia/stats.json
2026-06-18 20:33:55,096 | INFO     | 
2026-06-18 20:33:55,096 | INFO     | ======================================================================
2026-06-18 20:33:55,096 | INFO     | 📊 ИТОГОВЫЙ ОТЧЁТ
2026-06-18 20:33:55,096 | INFO     | ======================================================================
2026-06-18 20:33:55,096 | INFO     |   ✅ OK         | Загрузка и geo-фильтрация
2026-06-18 20:33:55,096 | INFO     |   ✅ OK         | Фильтрация по реальному SNI
2026-06-18 20:33:55,096 | INFO     |   ✅ OK         | Экспериментальный RU-SNI фильтр
2026-06-18 20:33:55,096 | INFO     |   ✅ OK         | Сбор статистики
2026-06-18 20:33:55,096 | INFO     | ──────────────────────────────────────────────────────────────────────
2026-06-18 20:33:55,096 | INFO     | ✅ ВСЕ ЭТАПЫ УСПЕШНЫ (4/4)
2026-06-18 20:33:55,096 | INFO     | ⏰ Время завершения: 2026-06-18 20:33:55
2026-06-18 20:33:55,096 | INFO     | ======================================================================
