2026-05-29 20:34:39,131 | INFO     | ======================================================================
2026-05-29 20:34:39,131 | INFO     | 🔍 VPN KEY CHECKER - Начало проверки
2026-05-29 20:34:39,131 | INFO     | ⏰ Время старта: 2026-05-29 20:34:39
2026-05-29 20:34:39,132 | INFO     | 📂 Рабочая директория: /home/runner/work/vpn-vless-configs-russia/vpn-vless-configs-russia
2026-05-29 20:34:39,132 | INFO     | ======================================================================
2026-05-29 20:34:39,132 | INFO     | 
2026-05-29 20:34:39,132 | INFO     | 🔍 Проверка наличия скриптов...
2026-05-29 20:34:39,132 | INFO     |   ✅ mirror.py
2026-05-29 20:34:39,132 | INFO     |   ✅ filter_ru_sni.py
2026-05-29 20:34:39,132 | INFO     |   ✅ filter_ru_sni_local.py
2026-05-29 20:34:39,132 | INFO     | 
2026-05-29 20:34:39,132 | INFO     | 
2026-05-29 20:34:39,132 | INFO     | ──────────────────────────────────────────────────────────────────────
2026-05-29 20:34:39,132 | INFO     | 📌 ЭТАП: Загрузка и geo-фильтрация
2026-05-29 20:34:39,132 | INFO     | ──────────────────────────────────────────────────────────────────────
2026-05-29 20:34:39,132 | INFO     | 🚀 Запуск mirror.py (Загрузка и фильтрация по РФ/СНГ/Европа)...
2026-05-29 20:34:43,863 | INFO     |   → 🚀 Старт: всего источников (старые + новые): 10
2026-05-29 20:34:43,863 | INFO     |   → 1/10: ✅ 0 взято | 🗑️ 0 мусор
2026-05-29 20:34:43,863 | INFO     |   → 2/10: ✅ 0 взято | 🗑️ 0 мусор
2026-05-29 20:34:43,863 | INFO     |   → 3/10: ✅ 11 взято | 🗑️ 148 мусор
2026-05-29 20:34:43,863 | INFO     |   → 4/10: ✅ 0 взято | 🗑️ 0 мусор
2026-05-29 20:34:43,863 | INFO     |   → 5/10: ✅ 1 взято | 🗑️ 132 мусор
2026-05-29 20:34:43,863 | INFO     |   → 6/10: ✅ 0 взято | 🗑️ 0 мусор
2026-05-29 20:34:43,863 | INFO     |   → 7/10: ✅ 6 взято | 🗑️ 24 мусор
2026-05-29 20:34:43,863 | INFO     |   → 8/10: ✅ 0 взято | 🗑️ 24 мусор
2026-05-29 20:34:43,863 | INFO     |   → 9/10: ✅ 10 взято | 🗑️ 14 мусор
2026-05-29 20:34:43,863 | INFO     |   → 10/10: ✅ 0 взято | 🗑️ 0 мусор
2026-05-29 20:34:43,863 | INFO     |   → ✅ ГОТОВО!
2026-05-29 20:34:43,863 | INFO     |   →    📥 Всего ключей после фильтра: 28
2026-05-29 20:34:43,863 | INFO     |   →    🔗 Уникальных IP:PORT:SCHEME: 25
2026-05-29 20:34:43,863 | INFO     |   →    🗑️ Выброшено мусора: 342
2026-05-29 20:34:43,863 | INFO     |   → 📊 По протоколам:
2026-05-29 20:34:43,863 | INFO     |   →    vless: 19
2026-05-29 20:34:43,863 | INFO     |   →    vmess: 3
2026-05-29 20:34:43,864 | INFO     |   →    ss: 3
2026-05-29 20:34:43,864 | INFO     | ✅ mirror.py завершён успешно
2026-05-29 20:34:43,864 | INFO     | 
2026-05-29 20:34:43,864 | INFO     | 
2026-05-29 20:34:43,864 | INFO     | ──────────────────────────────────────────────────────────────────────
2026-05-29 20:34:43,864 | INFO     | 📌 ЭТАП: Фильтрация по реальному SNI
2026-05-29 20:34:43,864 | INFO     | ──────────────────────────────────────────────────────────────────────
2026-05-29 20:34:43,864 | INFO     | 🚀 Запуск filter_ru_sni.py (Фильтр по реальному SNI (CDN+RU))...
2026-05-29 20:34:43,891 | INFO     |   → ss.txt: 3 → 0 (SNI-filtered)
2026-05-29 20:34:43,891 | INFO     |   →   vless.txt: 19 → 9 (SNI-filtered)
2026-05-29 20:34:43,891 | INFO     |   →   vmess.txt: 3 → 0 (SNI-filtered)
2026-05-29 20:34:43,891 | INFO     |   → ==================================================
2026-05-29 20:34:43,891 | INFO     |   →   Всего входных:  25
2026-05-29 20:34:43,891 | INFO     |   →   Прошли фильтр:  9
2026-05-29 20:34:43,891 | INFO     |   →   Отброшено:      16
2026-05-29 20:34:43,891 | INFO     |   → ==================================================
2026-05-29 20:34:43,891 | INFO     |   → Готово → /home/runner/work/vpn-vless-configs-russia/vpn-vless-configs-russia/githubmirror/ru-sni
2026-05-29 20:34:43,891 | INFO     | ✅ filter_ru_sni.py завершён успешно
2026-05-29 20:34:43,891 | INFO     | 
2026-05-29 20:34:43,891 | INFO     | 
2026-05-29 20:34:43,891 | INFO     | ──────────────────────────────────────────────────────────────────────
2026-05-29 20:34:43,891 | INFO     | 📌 ЭТАП: Экспериментальный RU-SNI фильтр
2026-05-29 20:34:43,891 | INFO     | ──────────────────────────────────────────────────────────────────────
2026-05-29 20:34:43,891 | INFO     | 🚀 Запуск filter_ru_sni_local.py (Экспериментальный фильтр по RU-SNI (локальные домены))...
2026-05-29 20:34:43,918 | INFO     |   → ss.txt: 3 → 0 (RU-SNI)
2026-05-29 20:34:43,918 | INFO     |   → vless.txt: 19 → 1 (RU-SNI)
2026-05-29 20:34:43,918 | INFO     |   → vmess.txt: 3 → 0 (RU-SNI)
2026-05-29 20:34:43,918 | INFO     |   → ==================================================
2026-05-29 20:34:43,918 | INFO     |   → Всего входных:  25
2026-05-29 20:34:43,918 | INFO     |   → Прошли RU-SNI:  1
2026-05-29 20:34:43,918 | INFO     |   → Отброшено:      24
2026-05-29 20:34:43,918 | INFO     |   → ==================================================
2026-05-29 20:34:43,918 | INFO     |   → Готово → /home/runner/work/vpn-vless-configs-russia/vpn-vless-configs-russia/githubmirror/ru-sni-local
2026-05-29 20:34:43,918 | INFO     | ✅ filter_ru_sni_local.py завершён успешно
2026-05-29 20:34:43,918 | INFO     | 
2026-05-29 20:34:43,918 | INFO     | 
2026-05-29 20:34:43,918 | INFO     | ──────────────────────────────────────────────────────────────────────
2026-05-29 20:34:43,918 | INFO     | 📌 ЭТАП: Сбор статистики
2026-05-29 20:34:43,918 | INFO     | ──────────────────────────────────────────────────────────────────────
2026-05-29 20:34:43,918 | INFO     | 📊 Сбор статистики...
2026-05-29 20:34:43,918 | INFO     |   📁 githubmirror/clean:
2026-05-29 20:34:43,919 | INFO     |     • ss          :     3 конфигов
2026-05-29 20:34:43,919 | INFO     |     • vless       :    19 конфигов
2026-05-29 20:34:43,919 | INFO     |     • vmess       :     3 конфигов
2026-05-29 20:34:43,919 | INFO     |   📁 githubmirror/ru-sni:
2026-05-29 20:34:43,919 | INFO     |     • ss          :     0 конфигов (  0.0% от clean)
2026-05-29 20:34:43,919 | INFO     |     • vless       :     9 конфигов ( 47.4% от clean)
2026-05-29 20:34:43,919 | INFO     |     • vmess       :     0 конфигов (  0.0% от clean)
2026-05-29 20:34:43,919 | INFO     | 
2026-05-29 20:34:43,919 | INFO     |   ──────────────────────────────────────────────────
2026-05-29 20:34:43,920 | INFO     |   📈 ИТОГО:
2026-05-29 20:34:43,920 | INFO     |     Clean (после geo-фильтра):       25
2026-05-29 20:34:43,920 | INFO     |     RU-SNI (после SNI-фильтра):       9
2026-05-29 20:34:43,920 | INFO     |     Прошло фильтр:                 36.0%
2026-05-29 20:34:43,920 | INFO     |   ──────────────────────────────────────────────────
2026-05-29 20:34:43,920 | INFO     | ✅ Статистика сохранена: /home/runner/work/vpn-vless-configs-russia/vpn-vless-configs-russia/stats.json
2026-05-29 20:34:43,920 | INFO     | 
2026-05-29 20:34:43,920 | INFO     | ======================================================================
2026-05-29 20:34:43,920 | INFO     | 📊 ИТОГОВЫЙ ОТЧЁТ
2026-05-29 20:34:43,920 | INFO     | ======================================================================
2026-05-29 20:34:43,920 | INFO     |   ✅ OK         | Загрузка и geo-фильтрация
2026-05-29 20:34:43,920 | INFO     |   ✅ OK         | Фильтрация по реальному SNI
2026-05-29 20:34:43,920 | INFO     |   ✅ OK         | Экспериментальный RU-SNI фильтр
2026-05-29 20:34:43,920 | INFO     |   ✅ OK         | Сбор статистики
2026-05-29 20:34:43,921 | INFO     | ──────────────────────────────────────────────────────────────────────
2026-05-29 20:34:43,921 | INFO     | ✅ ВСЕ ЭТАПЫ УСПЕШНЫ (4/4)
2026-05-29 20:34:43,921 | INFO     | ⏰ Время завершения: 2026-05-29 20:34:43
2026-05-29 20:34:43,921 | INFO     | ======================================================================
