2026-05-30 08:35:46,975 | INFO     | ======================================================================
2026-05-30 08:35:46,975 | INFO     | 🔍 VPN KEY CHECKER - Начало проверки
2026-05-30 08:35:46,975 | INFO     | ⏰ Время старта: 2026-05-30 08:35:46
2026-05-30 08:35:46,975 | INFO     | 📂 Рабочая директория: /home/runner/work/vpn-vless-configs-russia/vpn-vless-configs-russia
2026-05-30 08:35:46,975 | INFO     | ======================================================================
2026-05-30 08:35:46,975 | INFO     | 
2026-05-30 08:35:46,975 | INFO     | 🔍 Проверка наличия скриптов...
2026-05-30 08:35:46,975 | INFO     |   ✅ mirror.py
2026-05-30 08:35:46,975 | INFO     |   ✅ filter_ru_sni.py
2026-05-30 08:35:46,976 | INFO     |   ✅ filter_ru_sni_local.py
2026-05-30 08:35:46,976 | INFO     | 
2026-05-30 08:35:46,976 | INFO     | 
2026-05-30 08:35:46,976 | INFO     | ──────────────────────────────────────────────────────────────────────
2026-05-30 08:35:46,976 | INFO     | 📌 ЭТАП: Загрузка и geo-фильтрация
2026-05-30 08:35:46,976 | INFO     | ──────────────────────────────────────────────────────────────────────
2026-05-30 08:35:46,976 | INFO     | 🚀 Запуск mirror.py (Загрузка и фильтрация по РФ/СНГ/Европа)...
2026-05-30 08:35:50,392 | INFO     |   → 🚀 Старт: всего источников (старые + новые): 10
2026-05-30 08:35:50,392 | INFO     |   → 1/10: ✅ 0 взято | 🗑️ 0 мусор
2026-05-30 08:35:50,392 | INFO     |   → 2/10: ✅ 0 взято | 🗑️ 0 мусор
2026-05-30 08:35:50,392 | INFO     |   → 3/10: ✅ 0 взято | 🗑️ 0 мусор
2026-05-30 08:35:50,392 | INFO     |   → 4/10: ✅ 8 взято | 🗑️ 142 мусор
2026-05-30 08:35:50,392 | INFO     |   → 5/10: ✅ 1 взято | 🗑️ 113 мусор
2026-05-30 08:35:50,392 | INFO     |   → 6/10: ✅ 0 взято | 🗑️ 0 мусор
2026-05-30 08:35:50,392 | INFO     |   → 7/10: ✅ 6 взято | 🗑️ 24 мусор
2026-05-30 08:35:50,392 | INFO     |   → 8/10: ✅ 0 взято | 🗑️ 24 мусор
2026-05-30 08:35:50,392 | INFO     |   → 9/10: ✅ 3 взято | 🗑️ 22 мусор
2026-05-30 08:35:50,392 | INFO     |   → 10/10: ✅ 0 взято | 🗑️ 0 мусор
2026-05-30 08:35:50,392 | INFO     |   → ✅ ГОТОВО!
2026-05-30 08:35:50,393 | INFO     |   →    📥 Всего ключей после фильтра: 18
2026-05-30 08:35:50,393 | INFO     |   →    🔗 Уникальных IP:PORT:SCHEME: 16
2026-05-30 08:35:50,393 | INFO     |   →    🗑️ Выброшено мусора: 325
2026-05-30 08:35:50,393 | INFO     |   → 📊 По протоколам:
2026-05-30 08:35:50,393 | INFO     |   →    vless: 13
2026-05-30 08:35:50,393 | INFO     |   →    vmess: 1
2026-05-30 08:35:50,393 | INFO     |   →    ss: 2
2026-05-30 08:35:50,393 | INFO     | ✅ mirror.py завершён успешно
2026-05-30 08:35:50,393 | INFO     | 
2026-05-30 08:35:50,393 | INFO     | 
2026-05-30 08:35:50,393 | INFO     | ──────────────────────────────────────────────────────────────────────
2026-05-30 08:35:50,393 | INFO     | 📌 ЭТАП: Фильтрация по реальному SNI
2026-05-30 08:35:50,393 | INFO     | ──────────────────────────────────────────────────────────────────────
2026-05-30 08:35:50,393 | INFO     | 🚀 Запуск filter_ru_sni.py (Фильтр по реальному SNI (CDN+RU))...
2026-05-30 08:35:50,420 | INFO     |   → ss.txt: 2 → 0 (SNI-filtered)
2026-05-30 08:35:50,420 | INFO     |   →   vless.txt: 13 → 4 (SNI-filtered)
2026-05-30 08:35:50,421 | INFO     |   →   vmess.txt: 1 → 0 (SNI-filtered)
2026-05-30 08:35:50,421 | INFO     |   → ==================================================
2026-05-30 08:35:50,421 | INFO     |   →   Всего входных:  16
2026-05-30 08:35:50,421 | INFO     |   →   Прошли фильтр:  4
2026-05-30 08:35:50,421 | INFO     |   →   Отброшено:      12
2026-05-30 08:35:50,421 | INFO     |   → ==================================================
2026-05-30 08:35:50,421 | INFO     |   → Готово → /home/runner/work/vpn-vless-configs-russia/vpn-vless-configs-russia/githubmirror/ru-sni
2026-05-30 08:35:50,421 | INFO     | ✅ filter_ru_sni.py завершён успешно
2026-05-30 08:35:50,421 | INFO     | 
2026-05-30 08:35:50,421 | INFO     | 
2026-05-30 08:35:50,421 | INFO     | ──────────────────────────────────────────────────────────────────────
2026-05-30 08:35:50,421 | INFO     | 📌 ЭТАП: Экспериментальный RU-SNI фильтр
2026-05-30 08:35:50,421 | INFO     | ──────────────────────────────────────────────────────────────────────
2026-05-30 08:35:50,421 | INFO     | 🚀 Запуск filter_ru_sni_local.py (Экспериментальный фильтр по RU-SNI (локальные домены))...
2026-05-30 08:35:50,447 | INFO     |   → ss.txt: 2 → 0 (RU-SNI)
2026-05-30 08:35:50,447 | INFO     |   → vless.txt: 13 → 1 (RU-SNI)
2026-05-30 08:35:50,447 | INFO     |   → vmess.txt: 1 → 0 (RU-SNI)
2026-05-30 08:35:50,447 | INFO     |   → ==================================================
2026-05-30 08:35:50,447 | INFO     |   → Всего входных:  16
2026-05-30 08:35:50,447 | INFO     |   → Прошли RU-SNI:  1
2026-05-30 08:35:50,448 | INFO     |   → Отброшено:      15
2026-05-30 08:35:50,448 | INFO     |   → ==================================================
2026-05-30 08:35:50,448 | INFO     |   → Готово → /home/runner/work/vpn-vless-configs-russia/vpn-vless-configs-russia/githubmirror/ru-sni-local
2026-05-30 08:35:50,448 | INFO     | ✅ filter_ru_sni_local.py завершён успешно
2026-05-30 08:35:50,448 | INFO     | 
2026-05-30 08:35:50,448 | INFO     | 
2026-05-30 08:35:50,448 | INFO     | ──────────────────────────────────────────────────────────────────────
2026-05-30 08:35:50,448 | INFO     | 📌 ЭТАП: Сбор статистики
2026-05-30 08:35:50,448 | INFO     | ──────────────────────────────────────────────────────────────────────
2026-05-30 08:35:50,448 | INFO     | 📊 Сбор статистики...
2026-05-30 08:35:50,448 | INFO     |   📁 githubmirror/clean:
2026-05-30 08:35:50,448 | INFO     |     • ss          :     2 конфигов
2026-05-30 08:35:50,449 | INFO     |     • vless       :    13 конфигов
2026-05-30 08:35:50,449 | INFO     |     • vmess       :     1 конфигов
2026-05-30 08:35:50,449 | INFO     |   📁 githubmirror/ru-sni:
2026-05-30 08:35:50,449 | INFO     |     • ss          :     0 конфигов (  0.0% от clean)
2026-05-30 08:35:50,449 | INFO     |     • vless       :     4 конфигов ( 30.8% от clean)
2026-05-30 08:35:50,449 | INFO     |     • vmess       :     0 конфигов (  0.0% от clean)
2026-05-30 08:35:50,449 | INFO     | 
2026-05-30 08:35:50,449 | INFO     |   ──────────────────────────────────────────────────
2026-05-30 08:35:50,449 | INFO     |   📈 ИТОГО:
2026-05-30 08:35:50,449 | INFO     |     Clean (после geo-фильтра):       16
2026-05-30 08:35:50,449 | INFO     |     RU-SNI (после SNI-фильтра):       4
2026-05-30 08:35:50,449 | INFO     |     Прошло фильтр:                 25.0%
2026-05-30 08:35:50,449 | INFO     |   ──────────────────────────────────────────────────
2026-05-30 08:35:50,450 | INFO     | ✅ Статистика сохранена: /home/runner/work/vpn-vless-configs-russia/vpn-vless-configs-russia/stats.json
2026-05-30 08:35:50,450 | INFO     | 
2026-05-30 08:35:50,450 | INFO     | ======================================================================
2026-05-30 08:35:50,450 | INFO     | 📊 ИТОГОВЫЙ ОТЧЁТ
2026-05-30 08:35:50,450 | INFO     | ======================================================================
2026-05-30 08:35:50,450 | INFO     |   ✅ OK         | Загрузка и geo-фильтрация
2026-05-30 08:35:50,450 | INFO     |   ✅ OK         | Фильтрация по реальному SNI
2026-05-30 08:35:50,450 | INFO     |   ✅ OK         | Экспериментальный RU-SNI фильтр
2026-05-30 08:35:50,450 | INFO     |   ✅ OK         | Сбор статистики
2026-05-30 08:35:50,450 | INFO     | ──────────────────────────────────────────────────────────────────────
2026-05-30 08:35:50,450 | INFO     | ✅ ВСЕ ЭТАПЫ УСПЕШНЫ (4/4)
2026-05-30 08:35:50,450 | INFO     | ⏰ Время завершения: 2026-05-30 08:35:50
2026-05-30 08:35:50,450 | INFO     | ======================================================================
